Component: ARM Compiler 5.06 update 3 (build 300) Tool: armlink [4d35c9]

==============================================================================

Section Cross References

    usbd_ioreq.o(i.USBD_CtlContinueRx) refers to usbd_conf.o(i.USBD_LL_PrepareReceive) for USBD_LL_PrepareReceive
    usbd_ioreq.o(i.USBD_CtlContinueSendData) refers to usbd_conf.o(i.USBD_LL_Transmit) for USBD_LL_Transmit
    usbd_ioreq.o(i.USBD_CtlPrepareRx) refers to usbd_conf.o(i.USBD_LL_PrepareReceive) for USBD_LL_PrepareReceive
    usbd_ioreq.o(i.USBD_CtlReceiveStatus) refers to usbd_conf.o(i.USBD_LL_PrepareReceive) for USBD_LL_PrepareReceive
    usbd_ioreq.o(i.USBD_CtlSendData) refers to usbd_conf.o(i.USBD_LL_Transmit) for USBD_LL_Transmit
    usbd_ioreq.o(i.USBD_CtlSendStatus) refers to usbd_conf.o(i.USBD_LL_Transmit) for USBD_LL_Transmit
    usbd_ioreq.o(i.USBD_GetRxCount) refers to usbd_conf.o(i.USBD_LL_GetRxDataSize) for USBD_LL_GetRxDataSize
    usbd_core.o(i.USBD_DeInit) refers to usbd_conf.o(i.USBD_LL_Stop) for USBD_LL_Stop
    usbd_core.o(i.USBD_DeInit) refers to usbd_conf.o(i.USBD_LL_DeInit) for USBD_LL_DeInit
    usbd_core.o(i.USBD_Init) refers to usbd_conf.o(i.USBD_LL_Init) for USBD_LL_Init
    usbd_core.o(i.USBD_LL_DataInStage) refers to usbd_ioreq.o(i.USBD_CtlContinueSendData) for USBD_CtlContinueSendData
    usbd_core.o(i.USBD_LL_DataInStage) refers to usbd_conf.o(i.USBD_LL_PrepareReceive) for USBD_LL_PrepareReceive
    usbd_core.o(i.USBD_LL_DataInStage) refers to usbd_ioreq.o(i.USBD_CtlReceiveStatus) for USBD_CtlReceiveStatus
    usbd_core.o(i.USBD_LL_DataOutStage) refers to usbd_ioreq.o(i.USBD_CtlContinueRx) for USBD_CtlContinueRx
    usbd_core.o(i.USBD_LL_DataOutStage) refers to usbd_ioreq.o(i.USBD_CtlSendStatus) for USBD_CtlSendStatus
    usbd_core.o(i.USBD_LL_Reset) refers to usbd_conf.o(i.USBD_LL_OpenEP) for USBD_LL_OpenEP
    usbd_core.o(i.USBD_LL_SetupStage) refers to usbd_ctlreq.o(i.USBD_ParseSetupRequest) for USBD_ParseSetupRequest
    usbd_core.o(i.USBD_LL_SetupStage) refers to usbd_conf.o(i.USBD_LL_StallEP) for USBD_LL_StallEP
    usbd_core.o(i.USBD_LL_SetupStage) refers to usbd_ctlreq.o(i.USBD_StdDevReq) for USBD_StdDevReq
    usbd_core.o(i.USBD_LL_SetupStage) refers to usbd_ctlreq.o(i.USBD_StdItfReq) for USBD_StdItfReq
    usbd_core.o(i.USBD_LL_SetupStage) refers to usbd_ctlreq.o(i.USBD_StdEPReq) for USBD_StdEPReq
    usbd_core.o(i.USBD_Start) refers to usbd_conf.o(i.USBD_LL_Start) for USBD_LL_Start
    usbd_core.o(i.USBD_Stop) refers to usbd_conf.o(i.USBD_LL_Stop) for USBD_LL_Stop
    usbd_cdc.o(i.USBD_CDC_DataOut) refers to usbd_conf.o(i.USBD_LL_GetRxDataSize) for USBD_LL_GetRxDataSize
    usbd_cdc.o(i.USBD_CDC_DeInit) refers to usbd_conf.o(i.USBD_LL_CloseEP) for USBD_LL_CloseEP
    usbd_cdc.o(i.USBD_CDC_DeInit) refers to h1_free.o(.text) for free
    usbd_cdc.o(i.USBD_CDC_GetDeviceQualifierDescriptor) refers to usbd_cdc.o(.data) for .data
    usbd_cdc.o(i.USBD_CDC_GetFSCfgDesc) refers to usbd_cdc.o(.data) for .data
    usbd_cdc.o(i.USBD_CDC_GetHSCfgDesc) refers to usbd_cdc.o(.data) for .data
    usbd_cdc.o(i.USBD_CDC_GetOtherSpeedCfgDesc) refers to usbd_cdc.o(.data) for .data
    usbd_cdc.o(i.USBD_CDC_Init) refers to usbd_conf.o(i.USBD_LL_OpenEP) for USBD_LL_OpenEP
    usbd_cdc.o(i.USBD_CDC_Init) refers to h1_alloc.o(.text) for malloc
    usbd_cdc.o(i.USBD_CDC_Init) refers to usbd_conf.o(i.USBD_LL_PrepareReceive) for USBD_LL_PrepareReceive
    usbd_cdc.o(i.USBD_CDC_ReceivePacket) refers to usbd_conf.o(i.USBD_LL_PrepareReceive) for USBD_LL_PrepareReceive
    usbd_cdc.o(i.USBD_CDC_Setup) refers to usbd_ioreq.o(i.USBD_CtlPrepareRx) for USBD_CtlPrepareRx
    usbd_cdc.o(i.USBD_CDC_Setup) refers to usbd_ioreq.o(i.USBD_CtlSendData) for USBD_CtlSendData
    usbd_cdc.o(i.USBD_CDC_Setup) refers to usbd_cdc.o(.data) for .data
    usbd_cdc.o(i.USBD_CDC_TransmitPacket) refers to usbd_conf.o(i.USBD_LL_Transmit) for USBD_LL_Transmit
    usbd_cdc.o(.data) refers to usbd_cdc.o(i.USBD_CDC_Init) for USBD_CDC_Init
    usbd_cdc.o(.data) refers to usbd_cdc.o(i.USBD_CDC_DeInit) for USBD_CDC_DeInit
    usbd_cdc.o(.data) refers to usbd_cdc.o(i.USBD_CDC_Setup) for USBD_CDC_Setup
    usbd_cdc.o(.data) refers to usbd_cdc.o(i.USBD_CDC_EP0_RxReady) for USBD_CDC_EP0_RxReady
    usbd_cdc.o(.data) refers to usbd_cdc.o(i.USBD_CDC_DataIn) for USBD_CDC_DataIn
    usbd_cdc.o(.data) refers to usbd_cdc.o(i.USBD_CDC_DataOut) for USBD_CDC_DataOut
    usbd_cdc.o(.data) refers to usbd_cdc.o(i.USBD_CDC_GetHSCfgDesc) for USBD_CDC_GetHSCfgDesc
    usbd_cdc.o(.data) refers to usbd_cdc.o(i.USBD_CDC_GetFSCfgDesc) for USBD_CDC_GetFSCfgDesc
    usbd_cdc.o(.data) refers to usbd_cdc.o(i.USBD_CDC_GetOtherSpeedCfgDesc) for USBD_CDC_GetOtherSpeedCfgDesc
    usbd_cdc.o(.data) refers to usbd_cdc.o(i.USBD_CDC_GetDeviceQualifierDescriptor) for USBD_CDC_GetDeviceQualifierDescriptor
    usbd_ctlreq.o(i.USBD_CtlError) refers to usbd_conf.o(i.USBD_LL_StallEP) for USBD_LL_StallEP
[...]
    Heap_Mem                                 0x20004860   Data        4096  startup_stm32f407xx.o(HEAP)
    STACK                                    0x20005860   Section     1024  startup_stm32f407xx.o(STACK)
    Stack_Mem                                0x20005860   Data        1024  startup_stm32f407xx.o(STACK)
    __initial_sp                             0x20005c60   Data           0  startup_stm32f407xx.o(STACK)

    Global Symbols

    Symbol Name                              Value     Ov Type        Size  Object(Section)

    BuildAttributes$$THM_ISAv4$E$P$D$K$B$S$7EM$VFPi3$EXTD16$VFPS$VFMA$PE$A:L22UL41UL21$X:L11$S22US41US21$IEEE1$IW$USESV6$~STKCKD$USESV7$~SHL$OTIME$ROPI$EBA8$UX$STANDARDLIB$REQ8$PRES8$EABIv2 0x00000000   Number         0  anon$$obj.o ABSOLUTE
    __ARM_use_no_argv                        0x00000000   Number         0  main.o ABSOLUTE
    __ARM_exceptions_init                     - Undefined Weak Reference
    __alloca_initialize                       - Undefined Weak Reference
    __arm_preinit_                            - Undefined Weak Reference
    __cpp_initialize__aeabi_                  - Undefined Weak Reference
    __cxa_finalize                            - Undefined Weak Reference
    __rt_locale                               - Undefined Weak Reference
    __sigvec_lookup                           - Undefined Weak Reference
    __user_heap_extent                        - Undefined Weak Reference
    _atexit_init                              - Undefined Weak Reference
    _call_atexit_fns                          - Undefined Weak Reference
    _clock_init                               - Undefined Weak Reference
    _fp_trap_init                             - Undefined Weak Reference
    _fp_trap_shutdown                         - Undefined Weak Reference
    _get_lc_collate                           - Undefined Weak Reference
    _get_lc_ctype                             - Undefined Weak Reference
    _get_lc_monetary                          - Undefined Weak Reference
    _get_lc_numeric                           - Undefined Weak Reference
    _get_lc_time                              - Undefined Weak Reference
    _getenv_init                              - Undefined Weak Reference
    _handle_redirection                       - Undefined Weak Reference
    _initio                                   - Undefined Weak Reference
    _mutex_acquire                            - Undefined Weak Reference
    _mutex_free                               - Undefined Weak Reference
    _mutex_release                            - Undefined Weak Reference
    _rand_init                                - Undefined Weak Reference
    _signal_finish                            - Undefined Weak Reference
    _signal_init                              - Undefined Weak Reference
    _terminateio                              - Undefined Weak Reference
    __Vectors_Size                           0x00000188   Number         0  startup_stm32f407xx.o ABSOLUTE
    __Vectors                                0x08000000   Data           4  startup_stm32f407xx.o(RESET)
    __Vectors_End                            0x08000188   Data           0  startup_stm32f407xx.o(RESET)
    __main                                   0x08000189   Thumb Code     8  __main.o(!!!main)
    __scatterload                            0x08000191   Thumb Code     0  __scatter.o(!!!scatter)
    __scatterload_rt2                        0x08000191   Thumb Code    44  __scatter.o(!!!scatter)
    __scatterload_rt2_thumb_only             0x08000191   Thumb Code     0  __scatter.o(!!!scatter)
    __scatterload_null                       0x0800019f   Thumb Code     0  __scatter.o(!!!scatter)
    __decompress                             0x080001c5   Thumb Code    90  __dczerorl2.o(!!dczerorl2)
    __decompress1                            0x080001c5   Thumb Code     0  __dczerorl2.o(!!dczerorl2)
    __scatterload_zeroinit                   0x08000221   Thumb Code    28  __scatter_zi.o(!!handler_zi)
    __rt_lib_init                            0x0800023d   Thumb Code     0  libinit.o(.ARM.Collect$$libinit$$00000000)
    __rt_lib_init_fp_1                       0x0800023f   Thumb Code     0  libinit2.o(.ARM.Collect$$libinit$$00000001)
    __rt_lib_init_heap_2                     0x08000243   Thumb Code     0  libinit2.o(.ARM.Collect$$libinit$$00000005)
    __rt_lib_init_preinit_1                  0x08000243   Thumb Code     0  libinit2.o(.ARM.Collect$$libinit$$00000004)
    __rt_lib_init_alloca_1                   0x0800024b   Thumb Code     0  libinit2.o(.ARM.Collect$$libinit$$0000002E)
    __rt_lib_init_argv_1                     0x0800024b   Thumb Code     0  libinit2.o(.ARM.Collect$$libinit$$0000002C)
    __rt_lib_init_atexit_1                   0x0800024b   Thumb Code     0  libinit2.o(.ARM.Collect$$libinit$$0000001B)
    __rt_lib_init_clock_1                    0x0800024b   Thumb Code     0  libinit2.o(.ARM.Collect$$libinit$$00000021)
    __rt_lib_init_cpp_1                      0x0800024b   Thumb Code     0  libinit2.o(.ARM.Collect$$libinit$$00000032)
    __rt_lib_init_exceptions_1               0x0800024b   Thumb Code     0  libinit2.o(.ARM.Collect$$libinit$$00000030)
    __rt_lib_init_fp_trap_1                  0x0800024b   Thumb Code     0  libinit2.o(.ARM.Collect$$libinit$$0000001F)
    __rt_lib_init_getenv_1                   0x0800024b   Thumb Code     0  libinit2.o(.ARM.Collect$$libinit$$00000023)
    __rt_lib_init_heap_1                     0x0800024b   Thumb Code     0  libinit2.o(.ARM.Collect$$libinit$$0000000A)
    __rt_lib_init_lc_collate_1               0x0800024b   Thumb Code     0  libinit2.o(.ARM.Collect$$libinit$$00000011)
    __rt_lib_init_lc_ctype_1                 0x0800024b   Thumb Code     0  libinit2.o(.ARM.Collect$$libinit$$00000013)
    __rt_lib_init_lc_monetary_1              0x0800024b   Thumb Code     0  libinit2.o(.ARM.Collect$$libinit$$00000015)
    __rt_lib_init_lc_numeric_1               0x0800024b   Thumb Code     0  libinit2.o(.ARM.Collect$$libinit$$00000017)
    __rt_lib_init_lc_time_1                  0x0800024b   Thumb Code     0  libinit2.o(.ARM.Collect$$libinit$$00000019)
    __rt_lib_init_rand_1                     0x0800024b   Thumb Code     0  libinit2.o(.ARM.Collect$$libinit$$0000000E)
    __rt_lib_init_return                     0x0800024b   Thumb Code     0  libinit2.o(.ARM.Collect$$libinit$$00000033)
    __rt_lib_init_signal_1                   0x0800024b   Thumb Code     0  libinit2.o(.ARM.Collect$$libinit$$0000001D)
    __rt_lib_init_stdio_1                    0x0800024b   Thumb Code     0  libinit2.o(.ARM.Collect$$libinit$$00000025)
    __rt_lib_init_user_alloc_1               0x0800024b   Thumb Code     0  libinit2.o(.ARM.Collect$$libinit$$0000000C)
    __rt_lib_shutdown                        0x0800024d   Thumb Code     0  libshutdown.o(.ARM.Collect$$libshutdown$$00000000)
    __rt_lib_shutdown_cpp_1                  0x0800024f   Thumb Code     0  libshutdown2.o(.ARM.Collect$$libshutdown$$00000002)
    __rt_lib_shutdown_fp_trap_1              0x0800024f   Thumb Code     0  libshutdown2.o(.ARM.Collect$$libshutdown$$00000007)
    __rt_lib_shutdown_heap_1                 0x0800024f   Thumb Code     0  libshutdown2.o(.ARM.Collect$$libshutdown$$0000000F)
    __rt_lib_shutdown_return                 0x0800024f   Thumb Code     0  libshutdown2.o(.ARM.Collect$$libshutdown$$00000010)
    __rt_lib_shutdown_signal_1               0x0800024f   Thumb Code     0  libshutdown2.o(.ARM.Collect$$libshutdown$$0000000A)
    __rt_lib_shutdown_stdio_1                0x0800024f   Thumb Code     0  libshutdown2.o(.ARM.Collect$$libshutdown$$00000004)
    __rt_lib_shutdown_user_alloc_1           0x0800024f   Thumb Code     0  libshutdown2.o(.ARM.Collect$$libshutdown$$0000000C)
    __rt_entry                               0x08000251   Thumb Code     0  __rtentry.o(.ARM.Collect$$rtentry$$00000000)
    __rt_entry_presh_1                       0x08000251   Thumb Code     0  __rtentry2.o(.ARM.Collect$$rtentry$$00000002)
    __rt_entry_sh                            0x08000251   Thumb Code     0  __rtentry4.o(.ARM.Collect$$rtentry$$00000004)
    __rt_entry_li                            0x08000257   Thumb Code     0  __rtentry2.o(.ARM.Collect$$rtentry$$0000000A)
    __rt_entry_postsh_1                      0x08000257   Thumb Code     0  __rtentry2.o(.ARM.Collect$$rtentry$$00000009)
    __rt_entry_main                          0x0800025b   Thumb Code     0  __rtentry2.o(.ARM.Collect$$rtentry$$0000000D)
    __rt_entry_postli_1                      0x0800025b   Thumb Code     0  __rtentry2.o(.ARM.Collect$$rtentry$$0000000C)
    __rt_exit                                0x08000263   Thumb Code     0  rtexit.o(.ARM.Collect$$rtexit$$00000000)
    __rt_exit_ls                             0x08000265   Thumb Code     0  rtexit2.o(.ARM.Collect$$rtexit$$00000003)
    __rt_exit_prels_1                        0x08000265   Thumb Code     0  rtexit2.o(.ARM.Collect$$rtexit$$00000002)
    __rt_exit_exit                           0x08000269   Thumb Code     0  rtexit2.o(.ARM.Collect$$rtexit$$00000004)
    SVC_Handler                              0x08000271   Thumb Code    28  port.o(.emb_text)
    __asm___6_port_c_39a90d8d__prvStartFirstTask 0x08000291   Thumb Code    28  port.o(.emb_text)
    __asm___6_port_c_39a90d8d__prvEnableVFP  0x080002b1   Thumb Code    16  port.o(.emb_text)
    PendSV_Handler                           0x080002c5   Thumb Code    92  port.o(.emb_text)
    vPortGetIPSR                             0x08000325   Thumb Code     6  port.o(.emb_text)
    Reset_Handler                            0x0800032d   Thumb Code     8  startup_stm32f407xx.o(.text)
    _maybe_terminate_alloc                   0x0800032d   Thumb Code     0  maybetermalloc1.o(.emb_text)
    ADC_IRQHandler                           0x08000347   Thumb Code     0  startup_stm32f407xx.o(.text)
    CAN1_RX0_IRQHandler                      0x08000347   Thumb Code     0  startup_stm32f407xx.o(.text)
    CAN1_RX1_IRQHandler                      0x08000347   Thumb Code     0  startup_stm32f407xx.o(.text)
    CAN1_SCE_IRQHandler                      0x08000347   Thumb Code     0  startup_stm32f407xx.o(.text)
    CAN1_TX_IRQHandler                       0x08000347   Thumb Code     0  startup_stm32f407xx.o(.text)
    CAN2_RX0_IRQHandler                      0x08000347   Thumb Code     0  startup_stm32f407xx.o(.text)
    CAN2_RX1_IRQHandler                      0x08000347   Thumb Code     0  startup_stm32f407xx.o(.text)
    CAN2_SCE_IRQHandler                      0x08000347   Thumb Code     0  startup_stm32f407xx.o(.text)
    CAN2_TX_IRQHandler                       0x08000347   Thumb Code     0  startup_stm32f407xx.o(.text)
    DCMI_IRQHandler                          0x08000347   Thumb Code     0  startup_stm32f407xx.o(.text)
    DMA1_Stream0_IRQHandler                  0x08000347   Thumb Code     0  startup_stm32f407xx.o(.text)
    DMA1_Stream1_IRQHandler                  0x08000347   Thumb Code     0  startup_stm32f407xx.o(.text)
    DMA1_Stream2_IRQHandler                  0x08000347   Thumb Code     0  startup_stm32f407xx.o(.text)
    DMA1_Stream3_IRQHandler                  0x08000347   Thumb Code     0  startup_stm32f407xx.o(.text)
    DMA1_Stream4_IRQHandler                  0x08000347   Thumb Code     0  startup_stm32f407xx.o(.text)
    DMA1_Stream5_IRQHandler                  0x08000347   Thumb Code     0  startup_stm32f407xx.o(.text)
    DMA1_Stream6_IRQHandler                  0x08000347   Thumb Code     0  startup_stm32f407xx.o(.text)
    DMA1_Stream7_IRQHandler                  0x08000347   Thumb Code     0  startup_stm32f407xx.o(.text)
    DMA2_Stream0_IRQHandler                  0x08000347   Thumb Code     0  startup_stm32f407xx.o(.text)
    DMA2_Stream1_IRQHandler                  0x08000347   Thumb Code     0  startup_stm32f407xx.o(.text)
    DMA2_Stream2_IRQHandler                  0x08000347   Thumb Code     0  startup_stm32f407xx.o(.text)
    DMA2_Stream3_IRQHandler                  0x08000347   Thumb Code     0  startup_stm32f407xx.o(.text)
    DMA2_Stream4_IRQHandler                  0x08000347   Thumb Code     0  startup_stm32f407xx.o(.text)
    DMA2_Stream5_IRQHandler                  0x08000347   Thumb Code     0  startup_stm32f407xx.o(.text)
    DMA2_Stream6_IRQHandler                  0x08000347   Thumb Code     0  startup_stm32f407xx.o(.text)
    DMA2_Stream7_IRQHandler                  0x08000347   Thumb Code     0  startup_stm32f407xx.o(.text)
    ETH_IRQHandler                           0x08000347   Thumb Code     0  startup_stm32f407xx.o(.text)
    ETH_WKUP_IRQHandler                      0x08000347   Thumb Code     0  startup_stm32f407xx.o(.text)
    EXTI0_IRQHandler                         0x08000347   Thumb Code     0  startup_stm32f407xx.o(.text)
    EXTI15_10_IRQHandler                     0x08000347   Thumb Code     0  startup_stm32f407xx.o(.text)
    EXTI1_IRQHandler                         0x08000347   Thumb Code     0  startup_stm32f407xx.o(.text)
    EXTI2_IRQHandler                         0x08000347   Thumb Code     0  startup_stm32f407xx.o(.text)
    EXTI3_IRQHandler                         0x08000347   Thumb Code     0  startup_stm32f407xx.o(.text)
    EXTI4_IRQHandler                         0x08000347   Thumb Code     0  startup_stm32f407xx.o(.text)
    FLASH_IRQHandler                         0x08000347   Thumb Code     0  startup_stm32f407xx.o(.text)
    FMC_IRQHandler                           0x08000347   Thumb Code     0  startup_stm32f407xx.o(.text)
    FPU_IRQHandler                           0x08000347   Thumb Code     0  startup_stm32f407xx.o(.text)
    HASH_RNG_IRQHandler                      0x08000347   Thumb Code     0  startup_stm32f407xx.o(.text)
    I2C1_ER_IRQHandler                       0x08000347   Thumb Code     0  startup_stm32f407xx.o(.text)
    I2C1_EV_IRQHandler                       0x08000347   Thumb Code     0  startup_stm32f407xx.o(.text)
    I2C2_ER_IRQHandler                       0x08000347   Thumb Code     0  startup_stm32f407xx.o(.text)
    I2C2_EV_IRQHandler                       0x08000347   Thumb Code     0  startup_stm32f407xx.o(.text)
    I2C3_ER_IRQHandler                       0x08000347   Thumb Code     0  startup_stm32f407xx.o(.text)
    I2C3_EV_IRQHandler                       0x08000347   Thumb Code     0  startup_stm32f407xx.o(.text)
    OTG_FS_WKUP_IRQHandler                   0x08000347   Thumb Code     0  startup_stm32f407xx.o(.text)
    OTG_HS_EP1_IN_IRQHandler                 0x08000347   Thumb Code     0  startup_stm32f407xx.o(.text)
    OTG_HS_EP1_OUT_IRQHandler                0x08000347   Thumb Code     0  startup_stm32f407xx.o(.text)
    OTG_HS_IRQHandler                        0x08000347   Thumb Code     0  startup_stm32f407xx.o(.text)
    OTG_HS_WKUP_IRQHandler                   0x08000347   Thumb Code     0  startup_stm32f407xx.o(.text)
    PVD_IRQHandler                           0x08000347   Thumb Code     0  startup_stm32f407xx.o(.text)
    RCC_IRQHandler                           0x08000347   Thumb Code     0  startup_stm32f407xx.o(.text)
    RTC_Alarm_IRQHandler                     0x08000347   Thumb Code     0  startup_stm32f407xx.o(.text)
    RTC_WKUP_IRQHandler                      0x08000347   Thumb Code     0  startup_stm32f407xx.o(.text)
    SDIO_IRQHandler                          0x08000347   Thumb Code     0  startup_stm32f407xx.o(.text)
    SPI1_IRQHandler                          0x08000347   Thumb Code     0  startup_stm32f407xx.o(.text)
    SPI2_IRQHandler                          0x08000347   Thumb Code     0  startup_stm32f407xx.o(.text)
    SPI3_IRQHandler                          0x08000347   Thumb Code     0  startup_stm32f407xx.o(.text)
    TAMP_STAMP_IRQHandler                    0x08000347   Thumb Code     0  startup_stm32f407xx.o(.text)
    TIM1_BRK_TIM9_IRQHandler                 0x08000347   Thumb Code     0  startup_stm32f407xx.o(.text)
    TIM1_CC_IRQHandler                       0x08000347   Thumb Code     0  startup_stm32f407xx.o(.text)
    TIM1_TRG_COM_TIM11_IRQHandler            0x08000347   Thumb Code     0  startup_stm32f407xx.o(.text)
    TIM4_IRQHandler                          0x08000347   Thumb Code     0  startup_stm32f407xx.o(.text)
    TIM5_IRQHandler                          0x08000347   Thumb Code     0  startup_stm32f407xx.o(.text)
    TIM6_DAC_IRQHandler                      0x08000347   Thumb Code     0  startup_stm32f407xx.o(.text)
    TIM7_IRQHandler                          0x08000347   Thumb Code     0  startup_stm32f407xx.o(.text)
    TIM8_BRK_TIM12_IRQHandler                0x08000347   Thumb Code     0  startup_stm32f407xx.o(.text)
    TIM8_CC_IRQHandler                       0x08000347   Thumb Code     0  startup_stm32f407xx.o(.text)
    TIM8_TRG_COM_TIM14_IRQHandler            0x08000347   Thumb Code     0  startup_stm32f407xx.o(.text)
    UART4_IRQHandler                         0x08000347   Thumb Code     0  startup_stm32f407xx.o(.text)
    UART5_IRQHandler                         0x08000347   Thumb Code     0  startup_stm32f407xx.o(.text)
    USART1_IRQHandler                        0x08000347   Thumb Code     0  startup_stm32f407xx.o(.text)
    USART2_IRQHandler                        0x08000347   Thumb Code     0  startup_stm32f407xx.o(.text)
    USART3_IRQHandler                        0x08000347   Thumb Code     0  startup_stm32f407xx.o(.text)
    USART6_IRQHandler                        0x08000347   Thumb Code     0  startup_stm32f407xx.o(.text)
    WWDG_IRQHandler                          0x08000347   Thumb Code     0  startup_stm32f407xx.o(.text)
    __user_initial_stackheap                 0x08000349   Thumb Code     0  startup_stm32f407xx.o(.text)
    malloc                                   0x0800036d   Thumb Code    94  h1_alloc.o(.text)
    free                                     0x080003cb   Thumb Code    78  h1_free.o(.text)
    __aeabi_memcpy                           0x08000419   Thumb Code     0  rt_memcpy_v6.o(.text)
    __rt_memcpy                              0x08000419   Thumb Code   138  rt_memcpy_v6.o(.text)
    _memcpy_lastbytes                        0x0800047f   Thumb Code     0  rt_memcpy_v6.o(.text)
    __aeabi_memcpy4                          0x080004a3   Thumb Code     0  rt_memcpy_w.o(.text)
    __aeabi_memcpy8                          0x080004a3   Thumb Code     0  rt_memcpy_w.o(.text)
    __rt_memcpy_w                            0x080004a3   Thumb Code   100  rt_memcpy_w.o(.text)
    _memcpy_lastbytes_aligned                0x080004eb   Thumb Code     0  rt_memcpy_w.o(.text)
    __aeabi_memset                           0x08000507   Thumb Code    16  aeabi_memset.o(.text)
    __use_two_region_memory                  0x08000517   Thumb Code     2  heapauxi.o(.text)
    __rt_heap_escrow                         0x08000519   Thumb Code     2  heapauxi.o(.text)
    __rt_heap_expand                         0x0800051b   Thumb Code     2  heapauxi.o(.text)
    __rt_heap_descriptor                     0x0800051d   Thumb Code     8  rt_heap_descriptor_intlibspace.o(.text)
    __use_no_heap                            0x08000525   Thumb Code     2  hguard.o(.text)
    __heap$guard                             0x08000527   Thumb Code     2  hguard.o(.text)
    _terminate_user_alloc                    0x08000529   Thumb Code     2  init_alloc.o(.text)
    _init_user_alloc                         0x0800052b   Thumb Code     2  init_alloc.o(.text)
    __Heap_Full                              0x0800052d   Thumb Code    34  init_alloc.o(.text)
    __Heap_Broken                            0x0800054f   Thumb Code     6  init_alloc.o(.text)
    _init_alloc                              0x08000555   Thumb Code    94  init_alloc.o(.text)
    __Heap_Initialize                        0x080005b3   Thumb Code    10  h1_init.o(.text)
    __Heap_DescSize                          0x080005bd   Thumb Code     4  h1_init.o(.text)
    __aeabi_memclr                           0x080005c1   Thumb Code     0  rt_memclr.o(.text)
    __rt_memclr                              0x080005c1   Thumb Code    68  rt_memclr.o(.text)
    _memset                                  0x080005c5   Thumb Code     0  rt_memclr.o(.text)
    __user_libspace                          0x08000605   Thumb Code     8  libspace.o(.text)
    __user_perproc_libspace                  0x08000605   Thumb Code     0  libspace.o(.text)
    __user_perthread_libspace                0x08000605   Thumb Code     0  libspace.o(.text)
    __Heap_ProvideMemory                     0x0800060d   Thumb Code    52  h1_extend.o(.text)
    __rt_SIGRTMEM                            0x08000641   Thumb Code    14  defsig_rtmem_outer.o(.text)
    __aeabi_memclr4                          0x0800064f   Thumb Code     0  rt_memclr_w.o(.text)
    __aeabi_memclr8                          0x0800064f   Thumb Code     0  rt_memclr_w.o(.text)
    __rt_memclr_w                            0x0800064f   Thumb Code    78  rt_memclr_w.o(.text)
    _memset_w                                0x08000653   Thumb Code     0  rt_memclr_w.o(.text)
    __I$use$semihosting                      0x0800069d   Thumb Code     0  use_no_semi.o(.text)
    __use_no_semihosting_swi                 0x0800069d   Thumb Code     2  use_no_semi.o(.text)
    __semihosting_library_function           0x0800069f   Thumb Code     0  indicate_semi.o(.text)
    __user_setup_stackheap                   0x0800069f   Thumb Code    74  sys_stackheap_outer.o(.text)
    exit                                     0x080006e9   Thumb Code    18  exit.o(.text)
    __sig_exit                               0x080006fb   Thumb Code    10  defsig_exit.o(.text)
    __rt_SIGRTMEM_inner                      0x08000705   Thumb Code    22  defsig_rtmem_inner.o(.text)
    _sys_exit                                0x08000755   Thumb Code     8  sys_exit.o(.text)
    __default_signal_display                 0x08000761   Thumb Code    50  defsig_general.o(.text)
    _ttywrch                                 0x08000793   Thumb Code    14  sys_wrch.o(.text)
    BusFault_Handler                         0x080007a1   Thumb Code     2  stm32f4xx_it.o(i.BusFault_Handler)
    DebugMon_Handler                         0x08000801   Thumb Code     2  stm32f4xx_it.o(i.DebugMon_Handler)
    EXTI9_5_IRQHandler                       0x08000803   Thumb Code    34  stm32f4xx_it.o(i.EXTI9_5_IRQHandler)
    Error_Handler                            0x08000825   Thumb Code     2  main.o(i.Error_Handler)
    GetStates                                0x08000829   Thumb Code   246  freertos.o(i.GetStates)
    HAL_Delay                                0x08000935   Thumb Code    22  stm32f4xx_hal.o(i.HAL_Delay)
    HAL_GPIO_EXTI_Callback                   0x0800094d   Thumb Code    98  main.o(i.HAL_GPIO_EXTI_Callback)
    HAL_GPIO_EXTI_IRQHandler                 0x080009b9   Thumb Code    18  stm32f4xx_hal_gpio.o(i.HAL_GPIO_EXTI_IRQHandler)
    HAL_GPIO_Init                            0x080009d1   Thumb Code   388  stm32f4xx_hal_gpio.o(i.HAL_GPIO_Init)
    HAL_GPIO_WritePin                        0x08000b81   Thumb Code    10  stm32f4xx_hal_gpio.o(i.HAL_GPIO_WritePin)
    HAL_GetTick                              0x08000b8d   Thumb Code     6  stm32f4xx_hal.o(i.HAL_GetTick)
    HAL_IncTick                              0x08000b99   Thumb Code    10  stm32f4xx_hal.o(i.HAL_IncTick)
    HAL_Init                                 0x08000ba9   Thumb Code    48  stm32f4xx_hal.o(i.HAL_Init)
    HAL_InitTick                             0x08000bdd   Thumb Code   102  stm32f4xx_hal_timebase_tim.o(i.HAL_InitTick)
    HAL_MspInit                              0x08000c51   Thumb Code    88  stm32f4xx_hal_msp.o(i.HAL_MspInit)
    HAL_NVIC_EnableIRQ                       0x08000ca9   Thumb Code    22  stm32f4xx_hal_cortex.o(i.HAL_NVIC_EnableIRQ)
    HAL_NVIC_SetPriority                     0x08000cc1   Thumb Code    60  stm32f4xx_hal_cortex.o(i.HAL_NVIC_SetPriority)
    HAL_NVIC_SetPriorityGrouping             0x08000d01   Thumb Code    26  stm32f4xx_hal_cortex.o(i.HAL_NVIC_SetPriorityGrouping)
    HAL_PCDEx_SetRxFiFo                      0x08000d25   Thumb Code     8  stm32f4xx_hal_pcd_ex.o(i.HAL_PCDEx_SetRxFiFo)
    HAL_PCDEx_SetTxFiFo                      0x08000d2d   Thumb Code    68  stm32f4xx_hal_pcd_ex.o(i.HAL_PCDEx_SetTxFiFo)
    HAL_PCD_ConnectCallback                  0x08000d71   Thumb Code     8  usbd_conf.o(i.HAL_PCD_ConnectCallback)
    HAL_PCD_DataInStageCallback              0x08000d79   Thumb Code    18  usbd_conf.o(i.HAL_PCD_DataInStageCallback)
    HAL_PCD_DataOutStageCallback             0x08000d8b   Thumb Code    20  usbd_conf.o(i.HAL_PCD_DataOutStageCallback)
    HAL_PCD_DisconnectCallback               0x08000d9f   Thumb Code     8  usbd_conf.o(i.HAL_PCD_DisconnectCallback)
    HAL_PCD_EP_Close                         0x08000da7   Thumb Code    68  stm32f4xx_hal_pcd.o(i.HAL_PCD_EP_Close)
    HAL_PCD_EP_ClrStall                      0x08000deb   Thumb Code    80  stm32f4xx_hal_pcd.o(i.HAL_PCD_EP_ClrStall)
    HAL_PCD_EP_GetRxCount                    0x08000e3b   Thumb Code    20  stm32f4xx_hal_pcd.o(i.HAL_PCD_EP_GetRxCount)
    HAL_PCD_EP_Open                          0x08000e4f   Thumb Code    84  stm32f4xx_hal_pcd.o(i.HAL_PCD_EP_Open)
    HAL_PCD_EP_Receive                       0x08000ea5   Thumb Code    94  stm32f4xx_hal_pcd.o(i.HAL_PCD_EP_Receive)
    HAL_PCD_EP_SetStall                      0x08000f03   Thumb Code    96  stm32f4xx_hal_pcd.o(i.HAL_PCD_EP_SetStall)
    HAL_PCD_EP_Transmit                      0x08000f63   Thumb Code    86  stm32f4xx_hal_pcd.o(i.HAL_PCD_EP_Transmit)
    HAL_PCD_IRQHandler                       0x08000fb9   Thumb Code  1022  stm32f4xx_hal_pcd.o(i.HAL_PCD_IRQHandler)
    HAL_PCD_ISOINIncompleteCallback          0x080013b7   Thumb Code     8  usbd_conf.o(i.HAL_PCD_ISOINIncompleteCallback)
    HAL_PCD_ISOOUTIncompleteCallback         0x080013bf   Thumb Code     8  usbd_conf.o(i.HAL_PCD_ISOOUTIncompleteCallback)
    HAL_PCD_Init                             0x080013c9   Thumb Code   190  stm32f4xx_hal_pcd.o(i.HAL_PCD_Init)
    HAL_PCD_MspInit                          0x08001489   Thumb Code    92  usbd_conf.o(i.HAL_PCD_MspInit)
    HAL_PCD_ResetCallback                    0x080014ed   Thumb Code    32  usbd_conf.o(i.HAL_PCD_ResetCallback)
    HAL_PCD_ResumeCallback                   0x0800150d   Thumb Code     8  usbd_conf.o(i.HAL_PCD_ResumeCallback)
    HAL_PCD_SOFCallback                      0x08001515   Thumb Code     8  usbd_conf.o(i.HAL_PCD_SOFCallback)
    HAL_PCD_SetAddress                       0x0800151d   Thumb Code    36  stm32f4xx_hal_pcd.o(i.HAL_PCD_SetAddress)
    HAL_PCD_SetupStageCallback               0x08001541   Thumb Code    14  usbd_conf.o(i.HAL_PCD_SetupStageCallback)
    HAL_PCD_Start                            0x0800154f   Thumb Code    42  stm32f4xx_hal_pcd.o(i.HAL_PCD_Start)
    HAL_PCD_SuspendCallback                  0x08001579   Thumb Code    44  usbd_conf.o(i.HAL_PCD_SuspendCallback)
    HAL_RCC_ClockConfig                      0x080015a9   Thumb Code   364  stm32f4xx_hal_rcc.o(i.HAL_RCC_ClockConfig)
    HAL_RCC_GetClockConfig                   0x08001725   Thumb Code    54  stm32f4xx_hal_rcc.o(i.HAL_RCC_GetClockConfig)
    HAL_RCC_GetHCLKFreq                      0x08001765   Thumb Code     6  stm32f4xx_hal_rcc.o(i.HAL_RCC_GetHCLKFreq)
    HAL_RCC_GetPCLK1Freq                     0x08001771   Thumb Code    34  stm32f4xx_hal_rcc.o(i.HAL_RCC_GetPCLK1Freq)
    HAL_RCC_GetSysClockFreq                  0x080017a1   Thumb Code   104  stm32f4xx_hal_rcc.o(i.HAL_RCC_GetSysClockFreq)
    HAL_RCC_OscConfig                        0x08001811   Thumb Code   770  stm32f4xx_hal_rcc.o(i.HAL_RCC_OscConfig)
    HAL_SYSTICK_CLKSourceConfig              0x08001b25   Thumb Code    24  stm32f4xx_hal_cortex.o(i.HAL_SYSTICK_CLKSourceConfig)
    HAL_SYSTICK_Config                       0x08001b3d   Thumb Code    40  stm32f4xx_hal_cortex.o(i.HAL_SYSTICK_Config)
    HAL_TIMEx_BreakCallback                  0x08001b65   Thumb Code     2  stm32f4xx_hal_tim_ex.o(i.HAL_TIMEx_BreakCallback)
    HAL_TIMEx_CommutationCallback            0x08001b67   Thumb Code     2  stm32f4xx_hal_tim_ex.o(i.HAL_TIMEx_CommutationCallback)
    HAL_TIMEx_ConfigBreakDeadTime            0x08001b69   Thumb Code    66  stm32f4xx_hal_tim_ex.o(i.HAL_TIMEx_ConfigBreakDeadTime)
    HAL_TIMEx_MasterConfigSynchronization    0x08001bab   Thumb Code    80  stm32f4xx_hal_tim_ex.o(i.HAL_TIMEx_MasterConfigSynchronization)
    HAL_TIM_Base_Init                        0x08001bfb   Thumb Code    54  stm32f4xx_hal_tim.o(i.HAL_TIM_Base_Init)
    HAL_TIM_Base_MspInit                     0x08001c31   Thumb Code    50  tim.o(i.HAL_TIM_Base_MspInit)
    HAL_TIM_Base_Start_IT                    0x08001c6d   Thumb Code    24  stm32f4xx_hal_tim.o(i.HAL_TIM_Base_Start_IT)
    HAL_TIM_Base_Stop_IT                     0x08001c85   Thumb Code    42  stm32f4xx_hal_tim.o(i.HAL_TIM_Base_Stop_IT)
    HAL_TIM_ConfigClockSource                0x08001caf   Thumb Code   242  stm32f4xx_hal_tim.o(i.HAL_TIM_ConfigClockSource)
    HAL_TIM_IC_CaptureCallback               0x08001da1   Thumb Code     2  stm32f4xx_hal_tim.o(i.HAL_TIM_IC_CaptureCallback)
    HAL_TIM_IRQHandler                       0x08001da3   Thumb Code   358  stm32f4xx_hal_tim.o(i.HAL_TIM_IRQHandler)
    HAL_TIM_MspPostInit                      0x08001f09   Thumb Code    68  tim.o(i.HAL_TIM_MspPostInit)
    HAL_TIM_OC_DelayElapsedCallback          0x08001f5d   Thumb Code     2  stm32f4xx_hal_tim.o(i.HAL_TIM_OC_DelayElapsedCallback)
    HAL_TIM_PWM_ConfigChannel                0x08001f5f   Thumb Code   208  stm32f4xx_hal_tim.o(i.HAL_TIM_PWM_ConfigChannel)
    HAL_TIM_PWM_Init                         0x0800202f   Thumb Code    54  stm32f4xx_hal_tim.o(i.HAL_TIM_PWM_Init)
    HAL_TIM_PWM_MspInit                      0x08002065   Thumb Code    86  tim.o(i.HAL_TIM_PWM_MspInit)
    HAL_TIM_PWM_PulseFinishedCallback        0x080020c9   Thumb Code     2  stm32f4xx_hal_tim.o(i.HAL_TIM_PWM_PulseFinishedCallback)
    HAL_TIM_PWM_Start                        0x080020cd   Thumb Code    48  stm32f4xx_hal_tim.o(i.HAL_TIM_PWM_Start)
    HAL_TIM_PWM_Stop                         0x08002105   Thumb Code    84  stm32f4xx_hal_tim.o(i.HAL_TIM_PWM_Stop)
    HAL_TIM_PeriodElapsedCallback            0x08002161   Thumb Code   116  main.o(i.HAL_TIM_PeriodElapsedCallback)
    HAL_TIM_TriggerCallback                  0x080021f9   Thumb Code     2  stm32f4xx_hal_tim.o(i.HAL_TIM_TriggerCallback)
    HardFault_Handler                        0x080021fb   Thumb Code     2  stm32f4xx_it.o(i.HardFault_Handler)
    MX_FREERTOS_Init                         0x080021fd   Thumb Code    96  freertos.o(i.MX_FREERTOS_Init)
    MX_GPIO_Init                             0x08002265   Thumb Code   260  gpio.o(i.MX_GPIO_Init)
    MX_TIM1_Init                             0x08002381   Thumb Code   132  tim.o(i.MX_TIM1_Init)
    MX_TIM3_Init                             0x0800240d   Thumb Code    80  tim.o(i.MX_TIM3_Init)
    MX_TIM8_Init                             0x08002465   Thumb Code   132  tim.o(i.MX_TIM8_Init)
    MX_USB_DEVICE_Init                       0x080024f1   Thumb Code    38  usb_device.o(i.MX_USB_DEVICE_Init)
    MemManage_Handler                        0x08002529   Thumb Code     2  stm32f4xx_it.o(i.MemManage_Handler)
    NMI_Handler                              0x0800252b   Thumb Code     2  stm32f4xx_it.o(i.NMI_Handler)
    OTG_FS_IRQHandler                        0x0800254d   Thumb Code     6  stm32f4xx_it.o(i.OTG_FS_IRQHandler)
    StartControlTask                         0x080025e1   Thumb Code    78  freertos.o(i.StartControlTask)
    StartGetStateTask                        0x08002639   Thumb Code    58  freertos.o(i.StartGetStateTask)
    StartKeyTask                             0x08002685   Thumb Code   130  freertos.o(i.StartKeyTask)
    StartOutPutTask                          0x08002711   Thumb Code    32  freertos.o(i.StartOutPutTask)
    StepMotorControl                         0x08002735   Thumb Code    74  freertos.o(i.StepMotorControl)
    SysTick_Handler                          0x08002785   Thumb Code     4  stm32f4xx_it.o(i.SysTick_Handler)
    SystemClock_Config                       0x08002789   Thumb Code   150  main.o(i.SystemClock_Config)
    SystemInit                               0x08002829   Thumb Code    66  system_stm32f4xx.o(i.SystemInit)
    TIM1_UP_TIM10_IRQHandler                 0x0800287d   Thumb Code     6  stm32f4xx_it.o(i.TIM1_UP_TIM10_IRQHandler)
    TIM2_IRQHandler                          0x08002889   Thumb Code     6  stm32f4xx_it.o(i.TIM2_IRQHandler)
    TIM3_IRQHandler                          0x08002895   Thumb Code     6  stm32f4xx_it.o(i.TIM3_IRQHandler)
    TIM8_UP_TIM13_IRQHandler                 0x080028a1   Thumb Code     6  stm32f4xx_it.o(i.TIM8_UP_TIM13_IRQHandler)
    TIM_Base_SetConfig                       0x080028ad   Thumb Code   148  stm32f4xx_hal_tim.o(i.TIM_Base_SetConfig)
    TIM_CCxChannelCmd                        0x0800296d   Thumb Code    22  stm32f4xx_hal_tim.o(i.TIM_CCxChannelCmd)
    TIM_OC2_SetConfig                        0x08002a01   Thumb Code    90  stm32f4xx_hal_tim.o(i.TIM_OC2_SetConfig)
    USBD_CDC_GetDeviceQualifierDescriptor    0x08002bfd   Thumb Code     8  usbd_cdc.o(i.USBD_CDC_GetDeviceQualifierDescriptor)
    USBD_CDC_ReceivePacket                   0x08002cb5   Thumb Code    40  usbd_cdc.o(i.USBD_CDC_ReceivePacket)
    USBD_CDC_RegisterInterface               0x08002cdd   Thumb Code    16  usbd_cdc.o(i.USBD_CDC_RegisterInterface)
    USBD_CDC_SetRxBuffer                     0x08002ced   Thumb Code    12  usbd_cdc.o(i.USBD_CDC_SetRxBuffer)
    USBD_CDC_SetTxBuffer                     0x08002cf9   Thumb Code    16  usbd_cdc.o(i.USBD_CDC_SetTxBuffer)
    USBD_ClrClassConfig                      0x08002d79   Thumb Code    14  usbd_core.o(i.USBD_ClrClassConfig)
    USBD_CtlContinueRx                       0x08002d87   Thumb Code    16  usbd_ioreq.o(i.USBD_CtlContinueRx)
    USBD_CtlContinueSendData                 0x08002d97   Thumb Code    16  usbd_ioreq.o(i.USBD_CtlContinueSendData)
    USBD_CtlError                            0x08002da7   Thumb Code    22  usbd_ctlreq.o(i.USBD_CtlError)
    USBD_CtlPrepareRx                        0x08002dbd   Thumb Code    30  usbd_ioreq.o(i.USBD_CtlPrepareRx)
    USBD_CtlReceiveStatus                    0x08002ddb   Thumb Code    22  usbd_ioreq.o(i.USBD_CtlReceiveStatus)
    USBD_CtlSendData                         0x08002df1   Thumb Code    26  usbd_ioreq.o(i.USBD_CtlSendData)
    USBD_CtlSendStatus                       0x08002e0b   Thumb Code    22  usbd_ioreq.o(i.USBD_CtlSendStatus)
    USBD_FS_ConfigStrDescriptor              0x08002e21   Thumb Code    16  usbd_desc.o(i.USBD_FS_ConfigStrDescriptor)
    USBD_FS_DeviceDescriptor                 0x08002e41   Thumb Code     8  usbd_desc.o(i.USBD_FS_DeviceDescriptor)
    USBD_FS_InterfaceStrDescriptor           0x08002e4d   Thumb Code    16  usbd_desc.o(i.USBD_FS_InterfaceStrDescriptor)
    USBD_FS_LangIDStrDescriptor              0x08002e71   Thumb Code     8  usbd_desc.o(i.USBD_FS_LangIDStrDescriptor)
    USBD_FS_ManufacturerStrDescriptor        0x08002e7d   Thumb Code    16  usbd_desc.o(i.USBD_FS_ManufacturerStrDescriptor)
    USBD_FS_ProductStrDescriptor             0x08002ea5   Thumb Code    16  usbd_desc.o(i.USBD_FS_ProductStrDescriptor)
    USBD_FS_SerialStrDescriptor              0x08002ed1   Thumb Code    16  usbd_desc.o(i.USBD_FS_SerialStrDescriptor)
    USBD_GetString                           0x08002fd5   Thumb Code    70  usbd_ctlreq.o(i.USBD_GetString)
    USBD_Init                                0x0800301b   Thumb Code    42  usbd_core.o(i.USBD_Init)
    USBD_LL_ClearStallEP                     0x08003045   Thumb Code    32  usbd_conf.o(i.USBD_LL_ClearStallEP)
    USBD_LL_CloseEP                          0x08003065   Thumb Code    32  usbd_conf.o(i.USBD_LL_CloseEP)
    USBD_LL_DataInStage                      0x08003085   Thumb Code   170  usbd_core.o(i.USBD_LL_DataInStage)
    USBD_LL_DataOutStage                     0x0800312f   Thumb Code   106  usbd_core.o(i.USBD_LL_DataOutStage)
    USBD_LL_DevConnected                     0x08003199   Thumb Code     4  usbd_core.o(i.USBD_LL_DevConnected)
    USBD_LL_DevDisconnected                  0x0800319d   Thumb Code    22  usbd_core.o(i.USBD_LL_DevDisconnected)
    USBD_LL_GetRxDataSize                    0x080031b3   Thumb Code     8  usbd_conf.o(i.USBD_LL_GetRxDataSize)
    USBD_LL_Init                             0x080031bd   Thumb Code    92  usbd_conf.o(i.USBD_LL_Init)
    USBD_LL_IsStallEP                        0x0800321d   Thumb Code    32  usbd_conf.o(i.USBD_LL_IsStallEP)
    USBD_LL_IsoINIncomplete                  0x0800323d   Thumb Code     4  usbd_core.o(i.USBD_LL_IsoINIncomplete)
    USBD_LL_IsoOUTIncomplete                 0x08003241   Thumb Code     4  usbd_core.o(i.USBD_LL_IsoOUTIncomplete)
    USBD_LL_OpenEP                           0x08003245   Thumb Code    38  usbd_conf.o(i.USBD_LL_OpenEP)
    USBD_LL_PrepareReceive                   0x0800326b   Thumb Code    32  usbd_conf.o(i.USBD_LL_PrepareReceive)
    USBD_LL_Reset                            0x0800328b   Thumb Code    62  usbd_core.o(i.USBD_LL_Reset)
    USBD_LL_Resume                           0x080032c9   Thumb Code    12  usbd_core.o(i.USBD_LL_Resume)
    USBD_LL_SOF                              0x080032d5   Thumb Code    24  usbd_core.o(i.USBD_LL_SOF)
    USBD_LL_SetSpeed                         0x080032ed   Thumb Code     6  usbd_core.o(i.USBD_LL_SetSpeed)
    USBD_LL_SetUSBAddress                    0x080032f3   Thumb Code    32  usbd_conf.o(i.USBD_LL_SetUSBAddress)
    USBD_LL_SetupStage                       0x08003313   Thumb Code    90  usbd_core.o(i.USBD_LL_SetupStage)
    USBD_LL_StallEP                          0x0800336d   Thumb Code    32  usbd_conf.o(i.USBD_LL_StallEP)
    USBD_LL_Start                            0x0800338d   Thumb Code    32  usbd_conf.o(i.USBD_LL_Start)
    USBD_LL_Suspend                          0x080033ad   Thumb Code    18  usbd_core.o(i.USBD_LL_Suspend)
    USBD_LL_Transmit                         0x080033bf   Thumb Code    32  usbd_conf.o(i.USBD_LL_Transmit)
    USBD_ParseSetupRequest                   0x080033df   Thumb Code    40  usbd_ctlreq.o(i.USBD_ParseSetupRequest)
    USBD_RegisterClass                       0x08003407   Thumb Code    16  usbd_core.o(i.USBD_RegisterClass)
    USBD_SetClassConfig                      0x08003417   Thumb Code    22  usbd_core.o(i.USBD_SetClassConfig)
    USBD_Start                               0x080034a1   Thumb Code    10  usbd_core.o(i.USBD_Start)
    USBD_StdDevReq                           0x080034ab   Thumb Code   242  usbd_ctlreq.o(i.USBD_StdDevReq)
    USBD_StdEPReq                            0x0800359d   Thumb Code   220  usbd_ctlreq.o(i.USBD_StdEPReq)
    USBD_StdItfReq                           0x08003679   Thumb Code    52  usbd_ctlreq.o(i.USBD_StdItfReq)
    USB_ActivateEndpoint                     0x080036ad   Thumb Code   122  stm32f4xx_ll_usb.o(i.USB_ActivateEndpoint)
    USB_ActivateSetup                        0x0800372d   Thumb Code    52  stm32f4xx_ll_usb.o(i.USB_ActivateSetup)
    USB_CoreInit                             0x08003761   Thumb Code    96  stm32f4xx_ll_usb.o(i.USB_CoreInit)
    USB_DeactivateEndpoint                   0x080037fd   Thumb Code   110  stm32f4xx_ll_usb.o(i.USB_DeactivateEndpoint)
    USB_DevConnect                           0x0800386b   Thumb Code    24  stm32f4xx_ll_usb.o(i.USB_DevConnect)
    USB_DevDisconnect                        0x08003883   Thumb Code    24  stm32f4xx_ll_usb.o(i.USB_DevDisconnect)
    USB_DevInit                              0x0800389d   Thumb Code   306  stm32f4xx_ll_usb.o(i.USB_DevInit)
    USB_DisableGlobalInt                     0x080039e1   Thumb Code    12  stm32f4xx_ll_usb.o(i.USB_DisableGlobalInt)
    USB_EP0StartXfer                         0x080039ed   Thumb Code   316  stm32f4xx_ll_usb.o(i.USB_EP0StartXfer)
    USB_EP0_OutStart                         0x08003b2d   Thumb Code    62  stm32f4xx_ll_usb.o(i.USB_EP0_OutStart)
    USB_EPClearStall                         0x08003b6b   Thumb Code   100  stm32f4xx_ll_usb.o(i.USB_EPClearStall)
    USB_EPSetStall                           0x08003bcf   Thumb Code    94  stm32f4xx_ll_usb.o(i.USB_EPSetStall)
    USB_EPStartXfer                          0x08003c2d   Thumb Code   534  stm32f4xx_ll_usb.o(i.USB_EPStartXfer)
    USB_EnableGlobalInt                      0x08003e49   Thumb Code    12  stm32f4xx_ll_usb.o(i.USB_EnableGlobalInt)
    USB_FlushRxFifo                          0x08003e55   Thumb Code    28  stm32f4xx_ll_usb.o(i.USB_FlushRxFifo)
    USB_FlushTxFifo                          0x08003e75   Thumb Code    32  stm32f4xx_ll_usb.o(i.USB_FlushTxFifo)
    USB_GetDevSpeed                          0x08003e99   Thumb Code    60  stm32f4xx_ll_usb.o(i.USB_GetDevSpeed)
    USB_GetMode                              0x08003ed5   Thumb Code     8  stm32f4xx_ll_usb.o(i.USB_GetMode)
    USB_ReadDevAllInEpInterrupt              0x08003edd   Thumb Code    14  stm32f4xx_ll_usb.o(i.USB_ReadDevAllInEpInterrupt)
    USB_ReadDevAllOutEpInterrupt             0x08003eeb   Thumb Code    14  stm32f4xx_ll_usb.o(i.USB_ReadDevAllOutEpInterrupt)
    USB_ReadDevInEPInterrupt                 0x08003ef9   Thumb Code    30  stm32f4xx_ll_usb.o(i.USB_ReadDevInEPInterrupt)
    USB_ReadDevOutEPInterrupt                0x08003f17   Thumb Code    16  stm32f4xx_ll_usb.o(i.USB_ReadDevOutEPInterrupt)
    USB_ReadInterrupts                       0x08003f27   Thumb Code     8  stm32f4xx_ll_usb.o(i.USB_ReadInterrupts)
    USB_ReadPacket                           0x08003f2f   Thumb Code    32  stm32f4xx_ll_usb.o(i.USB_ReadPacket)
    USB_SetCurrentMode                       0x08003f4f   Thumb Code    44  stm32f4xx_ll_usb.o(i.USB_SetCurrentMode)
    USB_SetDevAddress                        0x08003f7b   Thumb Code    34  stm32f4xx_ll_usb.o(i.USB_SetDevAddress)
    USB_WritePacket                          0x08003f9d   Thumb Code    40  stm32f4xx_ll_usb.o(i.USB_WritePacket)
    UsageFault_Handler                       0x08003fc5   Thumb Code     2  stm32f4xx_it.o(i.UsageFault_Handler)
    User_TIM1_SetPluse                       0x08003fc9   Thumb Code    72  tim.o(i.User_TIM1_SetPluse)
    User_TIM8_SetPluse                       0x08004019   Thumb Code    72  tim.o(i.User_TIM8_SetPluse)
    main                                     0x08004069   Thumb Code    34  main.o(i.main)
    osKernelStart                            0x08004097   Thumb Code    10  cmsis_os.o(i.osKernelStart)
    osSystickHandler                         0x080040a1   Thumb Code    20  cmsis_os.o(i.osSystickHandler)
    osThreadCreate                           0x080040b5   Thumb Code    56  cmsis_os.o(i.osThreadCreate)
    pvPortMalloc                             0x0800427d   Thumb Code   210  heap_4.o(i.pvPortMalloc)
    pxPortInitialiseStack                    0x08004355   Thumb Code    36  port.o(i.pxPortInitialiseStack)
    ulTaskNotifyTake                         0x0800437d   Thumb Code   142  tasks.o(i.ulTaskNotifyTake)
    uxListRemove                             0x08004419   Thumb Code    36  list.o(i.uxListRemove)
    vListInitialise                          0x0800443d   Thumb Code    22  list.o(i.vListInitialise)
    vListInitialiseItem                      0x08004453   Thumb Code     6  list.o(i.vListInitialiseItem)
    vListInsert                              0x08004459   Thumb Code    48  list.o(i.vListInsert)
    vListInsertEnd                           0x08004489   Thumb Code    24  list.o(i.vListInsertEnd)
    vPortEnterCritical                       0x080044a1   Thumb Code    54  port.o(i.vPortEnterCritical)
    vPortExitCritical                        0x080044e1   Thumb Code    34  port.o(i.vPortExitCritical)
    vPortFree                                0x08004509   Thumb Code    88  heap_4.o(i.vPortFree)
    vPortSetupTimerInterrupt                 0x08004565   Thumb Code    26  port.o(i.vPortSetupTimerInterrupt)
    vPortValidateInterruptPriority           0x08004585   Thumb Code    74  port.o(i.vPortValidateInterruptPriority)
    vTaskNotifyGiveFromISR                   0x080045d9   Thumb Code   170  tasks.o(i.vTaskNotifyGiveFromISR)
    vTaskStartScheduler                      0x0800468d   Thumb Code    86  tasks.o(i.vTaskStartScheduler)
    vTaskSuspendAll                          0x080046f5   Thumb Code    10  tasks.o(i.vTaskSuspendAll)
    vTaskSwitchContext                       0x08004705   Thumb Code    82  tasks.o(i.vTaskSwitchContext)
    xPortStartScheduler                      0x08004761   Thumb Code   202  port.o(i.xPortStartScheduler)
    xPortSysTickHandler                      0x08004841   Thumb Code    38  port.o(i.xPortSysTickHandler)
    xTaskGenericCreate                       0x0800486d   Thumb Code   430  tasks.o(i.xTaskGenericCreate)
    xTaskGenericNotify                       0x08004a29   Thumb Code   190  tasks.o(i.xTaskGenericNotify)
    xTaskGenericNotifyFromISR                0x08004af5   Thumb Code   228  tasks.o(i.xTaskGenericNotifyFromISR)
    xTaskGetSchedulerState                   0x08004be1   Thumb Code    22  tasks.o(i.xTaskGetSchedulerState)
    xTaskIncrementTick                       0x08004bfd   Thumb Code   194  tasks.o(i.xTaskIncrementTick)
    xTaskNotifyWait                          0x08004cc9   Thumb Code   172  tasks.o(i.xTaskNotifyWait)
    xTaskResumeAll                           0x08004d81   Thumb Code   182  tasks.o(i.xTaskResumeAll)
    __aeabi_d2f                              0x08004e45   Thumb Code     0  d2f.o(x$fpl$d2f)
    _d2f                                     0x08004e45   Thumb Code    98  d2f.o(x$fpl$d2f)
    __aeabi_dadd                             0x08004ea9   Thumb Code     0  daddsub_clz.o(x$fpl$dadd)
    _dadd                                    0x08004ea9   Thumb Code   332  daddsub_clz.o(x$fpl$dadd)
    __aeabi_i2d                              0x08004ff9   Thumb Code     0  dflt_clz.o(x$fpl$dflt)
    _dflt                                    0x08004ff9   Thumb Code    46  dflt_clz.o(x$fpl$dflt)
    __aeabi_dmul                             0x08005029   Thumb Code     0  dmul.o(x$fpl$dmul)
    _dmul                                    0x08005029   Thumb Code   332  dmul.o(x$fpl$dmul)
    __fpl_dnaninf                            0x0800517d   Thumb Code   156  dnaninf.o(x$fpl$dnaninf)
    __fpl_dretinf                            0x08005219   Thumb Code    12  dretinf.o(x$fpl$dretinf)
    __aeabi_dsub                             0x08005225   Thumb Code     0  daddsub_clz.o(x$fpl$dsub)
    _dsub                                    0x08005225   Thumb Code   464  daddsub_clz.o(x$fpl$dsub)
    _fp_init                                 0x080053f9   Thumb Code    10  fpinit.o(x$fpl$fpinit)
    __fplib_config_fpu_vfp                   0x08005401   Thumb Code     0  fpinit.o(x$fpl$fpinit)
    __fplib_config_pureend_doubles           0x08005401   Thumb Code     0  fpinit.o(x$fpl$fpinit)
    __fpl_fretinf                            0x08005403   Thumb Code    10  fretinf.o(x$fpl$fretinf)
    APBAHBPrescTable                         0x0800540c   Data          16  stm32f4xx_hal_rcc.o(.constdata)
    __I$use$fp                               0x0800540c   Number         0  usenofp.o(x$fpl$usenofp)
    Region$$Table$$Base                      0x080054a0   Number         0  anon$$obj.o(Region$$Table)
    Region$$Table$$Limit                     0x080054c0   Number         0  anon$$obj.o(Region$$Table)
    USBD_CDC_CfgHSDesc                       0x20000010   Data          67  usbd_cdc.o(.data)
    USBD_CDC_CfgFSDesc                       0x20000054   Data          67  usbd_cdc.o(.data)
    USBD_CDC_OtherSpeedCfgDesc               0x20000098   Data          67  usbd_cdc.o(.data)
    USBD_CDC                                 0x200000dc   Data          56  usbd_cdc.o(.data)
    uwTick                                   0x20000118   Data           4  stm32f4xx_hal.o(.data)
    pxCurrentTCB                             0x20000140   Data           4  tasks.o(.data)
    SystemCoreClock                          0x20000178   Data           4  system_stm32f4xx.o(.data)
    USBD_Interface_fops_FS                   0x2000017c   Data          16  usbd_cdc_if.o(.data)
    UserRxBufferFS                           0x2000018c   Data           4  usbd_cdc_if.o(.data)
    UserTxBufferFS                           0x20000190   Data           4  usbd_cdc_if.o(.data)
    FS_Desc                                  0x20000194   Data          28  usbd_desc.o(.data)
    USBD_LangIDDesc                          0x200001b0   Data           4  usbd_desc.o(.data)
    USBD_FS_DeviceDesc                       0x200001b4   Data          18  usbd_desc.o(.data)
    manualdelay                              0x200001c8   Data           2  freertos.o(.data)
    getStateTaskHandle                       0x200001d8   Data           4  freertos.o(.data)
    keysTaskHandle                           0x200001dc   Data           4  freertos.o(.data)
    outPutTaskHandle                         0x200001e0   Data           4  freertos.o(.data)
    controlTaskHandle                        0x200001e4   Data           4  freertos.o(.data)
    TIM1_Count                               0x200001e8   Data           4  tim.o(.data)
    TIM8_Count                               0x200001ec   Data           4  tim.o(.data)
    UserRxData                               0x20003ee0   Data           9  usbd_cdc_if.o(.bss)
    hpcd_USB_OTG_FS                          0x20003eec   Data        1008  usbd_conf.o(.bss)
    USBD_StrDesc                             0x200042dc   Data         512  usbd_desc.o(.bss)
    htim2                                    0x200044dc   Data          60  stm32f4xx_hal_timebase_tim.o(.bss)
    mstate                                   0x20004518   Data          12  freertos.o(.bss)
    hUsbDeviceFS                             0x20004524   Data         548  usb_device.o(.bss)
    htim1                                    0x20004748   Data          60  tim.o(.bss)
    htim3                                    0x20004784   Data          60  tim.o(.bss)
    htim8                                    0x200047c0   Data          60  tim.o(.bss)
    __libspace_start                         0x200047fc   Data          96  libspace.o(.bss)
    __temporary_stack_top$libspace           0x2000485c   Data           0  libspace.o(.bss)



==============================================================================

Memory Map of the image

  Image Entry point : 0x08000189

  Load Region LR_IROM1 (Base: 0x08000000, Size: 0x000056b0, Max: 0x00100000, ABSOLUTE, COMPRESSED[0x00005584])

    Execution Region ER_IROM1 (Base: 0x08000000, Size: 0x000054c0, Max: 0x00100000, ABSOLUTE)

    Base Addr    Size         Type   Attr      Idx    E Section Name        Object

    0x08000000   0x00000188   Data   RO         4792    RESET               startup_stm32f407xx.o
    0x08000188   0x00000008   Code   RO         4869  * !!!main             c_w.l(__main.o)
    0x08000190   0x00000034   Code   RO         5099    !!!scatter          c_w.l(__scatter.o)
    0x080001c4   0x0000005a   Code   RO         5097    !!dczerorl2         c_w.l(__dczerorl2.o)
    0x0800021e   0x00000002   PAD
    0x08000220   0x0000001c   Code   RO         5101    !!handler_zi        c_w.l(__scatter_zi.o)
    0x0800023c   0x00000002   Code   RO         5036    .ARM.Collect$$libinit$$00000000  c_w.l(libinit.o)
    0x0800023e   0x00000004   Code   RO         4919    .ARM.Collect$$libinit$$00000001  c_w.l(libinit2.o)
    0x08000242   0x00000000   Code   RO         4922    .ARM.Collect$$libinit$$00000004  c_w.l(libinit2.o)
    0x08000242   0x00000008   Code   RO         4923    .ARM.Collect$$libinit$$00000005  c_w.l(libinit2.o)
    0x0800024a   0x00000000   Code   RO         4925    .ARM.Collect$$libinit$$0000000A  c_w.l(libinit2.o)
    0x0800024a   0x00000000   Code   RO         4927    .ARM.Collect$$libinit$$0000000C  c_w.l(libinit2.o)
    0x0800024a   0x00000000   Code   RO         4929    .ARM.Collect$$libinit$$0000000E  c_w.l(libinit2.o)
    0x0800024a   0x00000000   Code   RO         4932    .ARM.Collect$$libinit$$00000011  c_w.l(libinit2.o)
    0x0800024a   0x00000000   Code   RO         4934    .ARM.Collect$$libinit$$00000013  c_w.l(libinit2.o)
    0x0800024a   0x00000000   Code   RO         4936    .ARM.Collect$$libinit$$00000015  c_w.l(libinit2.o)
    0x0800024a   0x00000000   Code   RO         4938    .ARM.Collect$$libinit$$00000017  c_w.l(libinit2.o)
    0x0800024a   0x00000000   Code   RO         4940    .ARM.Collect$$libinit$$00000019  c_w.l(libinit2.o)
    0x0800024a   0x00000000   Code   RO         4942    .ARM.Collect$$libinit$$0000001B  c_w.l(libinit2.o)
    0x0800024a   0x00000000   Code   RO         4944    .ARM.Collect$$libinit$$0000001D  c_w.l(libinit2.o)
    0x0800024a   0x00000000   Code   RO         4946    .ARM.Collect$$libinit$$0000001F  c_w.l(libinit2.o)
    0x0800024a   0x00000000   Code   RO         4948    .ARM.Collect$$libinit$$00000021  c_w.l(libinit2.o)
    0x0800024a   0x00000000   Code   RO         4950    .ARM.Collect$$libinit$$00000023  c_w.l(libinit2.o)
    0x0800024a   0x00000000   Code   RO         4952    .ARM.Collect$$libinit$$00000025  c_w.l(libinit2.o)
    0x0800024a   0x00000000   Code   RO         4956    .ARM.Collect$$libinit$$0000002C  c_w.l(libinit2.o)
    0x0800024a   0x00000000   Code   RO         4958    .ARM.Collect$$libinit$$0000002E  c_w.l(libinit2.o)
    0x0800024a   0x00000000   Code   RO         4960    .ARM.Collect$$libinit$$00000030  c_w.l(libinit2.o)
    0x0800024a   0x00000000   Code   RO         4962    .ARM.Collect$$libinit$$00000032  c_w.l(libinit2.o)
    0x0800024a   0x00000002   Code   RO         4963    .ARM.Collect$$libinit$$00000033  c_w.l(libinit2.o)
    0x0800024c   0x00000002   Code   RO         5094    .ARM.Collect$$libshutdown$$00000000  c_w.l(libshutdown.o)
    0x0800024e   0x00000000   Code   RO         5050    .ARM.Collect$$libshutdown$$00000002  c_w.l(libshutdown2.o)
    0x0800024e   0x00000000   Code   RO         5052    .ARM.Collect$$libshutdown$$00000004  c_w.l(libshutdown2.o)
    0x0800024e   0x00000000   Code   RO         5055    .ARM.Collect$$libshutdown$$00000007  c_w.l(libshutdown2.o)
    0x0800024e   0x00000000   Code   RO         5058    .ARM.Collect$$libshutdown$$0000000A  c_w.l(libshutdown2.o)
    0x0800024e   0x00000000   Code   RO         5060    .ARM.Collect$$libshutdown$$0000000C  c_w.l(libshutdown2.o)
    0x0800024e   0x00000000   Code   RO         5063    .ARM.Collect$$libshutdown$$0000000F  c_w.l(libshutdown2.o)
    0x0800024e   0x00000002   Code   RO         5064    .ARM.Collect$$libshutdown$$00000010  c_w.l(libshutdown2.o)
    0x08000250   0x00000000   Code   RO         4889    .ARM.Collect$$rtentry$$00000000  c_w.l(__rtentry.o)
    0x08000250   0x00000000   Code   RO         4977    .ARM.Collect$$rtentry$$00000002  c_w.l(__rtentry2.o)
    0x08000250   0x00000006   Code   RO         4989    .ARM.Collect$$rtentry$$00000004  c_w.l(__rtentry4.o)
    0x08000256   0x00000000   Code   RO         4979    .ARM.Collect$$rtentry$$00000009  c_w.l(__rtentry2.o)
    0x08000256   0x00000004   Code   RO         4980    .ARM.Collect$$rtentry$$0000000A  c_w.l(__rtentry2.o)
    0x0800025a   0x00000000   Code   RO         4982    .ARM.Collect$$rtentry$$0000000C  c_w.l(__rtentry2.o)
    0x0800025a   0x00000008   Code   RO         4983    .ARM.Collect$$rtentry$$0000000D  c_w.l(__rtentry2.o)
    0x08000262   0x00000002   Code   RO         5039    .ARM.Collect$$rtexit$$00000000  c_w.l(rtexit.o)
    0x08000264   0x00000000   Code   RO         5068    .ARM.Collect$$rtexit$$00000002  c_w.l(rtexit2.o)
    0x08000264   0x00000004   Code   RO         5069    .ARM.Collect$$rtexit$$00000003  c_w.l(rtexit2.o)
    0x08000268   0x00000006   Code   RO         5070    .ARM.Collect$$rtexit$$00000004  c_w.l(rtexit2.o)
    0x0800026e   0x00000002   PAD
    0x08000270   0x000000ba   Code   RO         3585    .emb_text           port.o
    0x0800032a   0x00000002   PAD
    0x0800032c   0x00000000   Code   RO         4993    .emb_text           c_w.l(maybetermalloc1.o)
    0x0800032c   0x00000040   Code   RO         4793    .text               startup_stm32f407xx.o
    0x0800036c   0x0000005e   Code   RO         4803    .text               c_w.l(h1_alloc.o)
    0x080003ca   0x0000004e   Code   RO         4805    .text               c_w.l(h1_free.o)
    0x08000418   0x0000008a   Code   RO         4861    .text               c_w.l(rt_memcpy_v6.o)
    0x080004a2   0x00000064   Code   RO         4863    .text               c_w.l(rt_memcpy_w.o)
    0x08000506   0x00000010   Code   RO         4865    .text               c_w.l(aeabi_memset.o)
    0x08000516   0x00000006   Code   RO         4867    .text               c_w.l(heapauxi.o)
    0x0800051c   0x00000008   Code   RO         4893    .text               c_w.l(rt_heap_descriptor_intlibspace.o)
    0x08000524   0x00000004   Code   RO         4895    .text               c_w.l(hguard.o)
    0x08000528   0x0000008a   Code   RO         4897    .text               c_w.l(init_alloc.o)
    0x080005b2   0x0000000e   Code   RO         4901    .text               c_w.l(h1_init.o)
    0x080005c0   0x00000044   Code   RO         4915    .text               c_w.l(rt_memclr.o)
    0x08000604   0x00000008   Code   RO         4973    .text               c_w.l(libspace.o)
    0x0800060c   0x00000034   Code   RO         4995    .text               c_w.l(h1_extend.o)
    0x08000640   0x0000000e   Code   RO         4999    .text               c_w.l(defsig_rtmem_outer.o)
    0x0800064e   0x0000004e   Code   RO         5003    .text               c_w.l(rt_memclr_w.o)
    0x0800069c   0x00000002   Code   RO         5012    .text               c_w.l(use_no_semi.o)
    0x0800069e   0x00000000   Code   RO         5014    .text               c_w.l(indicate_semi.o)
    0x0800069e   0x0000004a   Code   RO         5015    .text               c_w.l(sys_stackheap_outer.o)
    0x080006e8   0x00000012   Code   RO         5021    .text               c_w.l(exit.o)
    0x080006fa   0x0000000a   Code   RO         5023    .text               c_w.l(defsig_exit.o)
    0x08000704   0x00000050   Code   RO         5025    .text               c_w.l(defsig_rtmem_inner.o)
    0x08000754   0x0000000c   Code   RO         5037    .text               c_w.l(sys_exit.o)
    0x08000760   0x00000032   Code   RO         5047    .text               c_w.l(defsig_general.o)
    0x08000792   0x0000000e   Code   RO         5065    .text               c_w.l(sys_wrch.o)
    0x080007a0   0x00000002   Code   RO         4086    i.BusFault_Handler  stm32f4xx_it.o
    0x080007a2   0x00000004   Code   RO         4186    i.CDC_Control_FS    usbd_cdc_if.o
    0x080007a6   0x00000004   Code   RO         4187    i.CDC_DeInit_FS     usbd_cdc_if.o
    0x080007aa   0x00000002   PAD
    0x080007ac   0x00000024   Code   RO         4188    i.CDC_Init_FS       usbd_cdc_if.o
    0x080007d0   0x00000030   Code   RO         4189    i.CDC_Receive_FS    usbd_cdc_if.o
    0x08000800   0x00000002   Code   RO         4087    i.DebugMon_Handler  stm32f4xx_it.o
    0x08000802   0x00000022   Code   RO         4088    i.EXTI9_5_IRQHandler  stm32f4xx_it.o
    0x08000824   0x00000002   Code   RO         4009    i.Error_Handler     main.o
    0x08000826   0x00000002   PAD
    0x08000828   0x0000010c   Code   RO         4588    i.GetStates         freertos.o
    0x08000934   0x00000016   Code   RO         1233    i.HAL_Delay         stm32f4xx_hal.o
    0x0800094a   0x00000002   PAD
    0x0800094c   0x0000006c   Code   RO         4010    i.HAL_GPIO_EXTI_Callback  main.o
    0x080009b8   0x00000018   Code   RO          556    i.HAL_GPIO_EXTI_IRQHandler  stm32f4xx_hal_gpio.o
    0x080009d0   0x000001b0   Code   RO          557    i.HAL_GPIO_Init     stm32f4xx_hal_gpio.o
    0x08000b80   0x0000000a   Code   RO          561    i.HAL_GPIO_WritePin  stm32f4xx_hal_gpio.o
    0x08000b8a   0x00000002   PAD
    0x08000b8c   0x0000000c   Code   RO         1239    i.HAL_GetTick       stm32f4xx_hal.o
    0x08000b98   0x00000010   Code   RO         1240    i.HAL_IncTick       stm32f4xx_hal.o
    0x08000ba8   0x00000034   Code   RO         1241    i.HAL_Init          stm32f4xx_hal.o
    0x08000bdc   0x00000074   Code   RO         4525    i.HAL_InitTick      stm32f4xx_hal_timebase_tim.o
    0x08000c50   0x00000058   Code   RO         4565    i.HAL_MspInit       stm32f4xx_hal_msp.o
    0x08000ca8   0x00000016   Code   RO         1376    i.HAL_NVIC_EnableIRQ  stm32f4xx_hal_cortex.o
    0x08000cbe   0x00000002   PAD
    0x08000cc0   0x00000040   Code   RO         1382    i.HAL_NVIC_SetPriority  stm32f4xx_hal_cortex.o
    0x08000d00   0x00000024   Code   RO         1383    i.HAL_NVIC_SetPriorityGrouping  stm32f4xx_hal_cortex.o
    0x08000d24   0x00000008   Code   RO          697    i.HAL_PCDEx_SetRxFiFo  stm32f4xx_hal_pcd_ex.o
    0x08000d2c   0x00000044   Code   RO          698    i.HAL_PCDEx_SetTxFiFo  stm32f4xx_hal_pcd_ex.o
    0x08000d70   0x00000008   Code   RO         4244    i.HAL_PCD_ConnectCallback  usbd_conf.o
    0x08000d78   0x00000012   Code   RO         4245    i.HAL_PCD_DataInStageCallback  usbd_conf.o
    0x08000d8a   0x00000014   Code   RO         4246    i.HAL_PCD_DataOutStageCallback  usbd_conf.o
    0x08000d9e   0x00000008   Code   RO         4247    i.HAL_PCD_DisconnectCallback  usbd_conf.o
    0x08000da6   0x00000044   Code   RO          842    i.HAL_PCD_EP_Close  stm32f4xx_hal_pcd.o
    0x08000dea   0x00000050   Code   RO          843    i.HAL_PCD_EP_ClrStall  stm32f4xx_hal_pcd.o
    0x08000e3a   0x00000014   Code   RO          845    i.HAL_PCD_EP_GetRxCount  stm32f4xx_hal_pcd.o
    0x08000e4e   0x00000054   Code   RO          846    i.HAL_PCD_EP_Open   stm32f4xx_hal_pcd.o
    0x08000ea2   0x00000002   PAD
    0x08000ea4   0x0000005e   Code   RO          847    i.HAL_PCD_EP_Receive  stm32f4xx_hal_pcd.o
    0x08000f02   0x00000060   Code   RO          848    i.HAL_PCD_EP_SetStall  stm32f4xx_hal_pcd.o
    0x08000f62   0x00000056   Code   RO          849    i.HAL_PCD_EP_Transmit  stm32f4xx_hal_pcd.o
    0x08000fb8   0x000003fe   Code   RO          851    i.HAL_PCD_IRQHandler  stm32f4xx_hal_pcd.o
    0x080013b6   0x00000008   Code   RO         4248    i.HAL_PCD_ISOINIncompleteCallback  usbd_conf.o
    0x080013be   0x00000008   Code   RO         4249    i.HAL_PCD_ISOOUTIncompleteCallback  usbd_conf.o
    0x080013c6   0x00000002   PAD
    0x080013c8   0x000000be   Code   RO          854    i.HAL_PCD_Init      stm32f4xx_hal_pcd.o
    0x08001486   0x00000002   PAD
    0x08001488   0x00000064   Code   RO         4251    i.HAL_PCD_MspInit   usbd_conf.o
    0x080014ec   0x00000020   Code   RO         4252    i.HAL_PCD_ResetCallback  usbd_conf.o
    0x0800150c   0x00000008   Code   RO         4253    i.HAL_PCD_ResumeCallback  usbd_conf.o
    0x08001514   0x00000008   Code   RO         4254    i.HAL_PCD_SOFCallback  usbd_conf.o
    0x0800151c   0x00000024   Code   RO          860    i.HAL_PCD_SetAddress  stm32f4xx_hal_pcd.o
    0x08001540   0x0000000e   Code   RO         4255    i.HAL_PCD_SetupStageCallback  usbd_conf.o
    0x0800154e   0x0000002a   Code   RO          862    i.HAL_PCD_Start     stm32f4xx_hal_pcd.o
    0x08001578   0x00000030   Code   RO         4256    i.HAL_PCD_SuspendCallback  usbd_conf.o
    0x080015a8   0x0000017c   Code   RO         2770    i.HAL_RCC_ClockConfig  stm32f4xx_hal_rcc.o
    0x08001724   0x00000040   Code   RO         2774    i.HAL_RCC_GetClockConfig  stm32f4xx_hal_rcc.o
    0x08001764   0x0000000c   Code   RO         2775    i.HAL_RCC_GetHCLKFreq  stm32f4xx_hal_rcc.o
    0x08001770   0x00000030   Code   RO         2777    i.HAL_RCC_GetPCLK1Freq  stm32f4xx_hal_rcc.o
    0x080017a0   0x00000070   Code   RO         2779    i.HAL_RCC_GetSysClockFreq  stm32f4xx_hal_rcc.o
    0x08001810   0x00000314   Code   RO         2782    i.HAL_RCC_OscConfig  stm32f4xx_hal_rcc.o
    0x08001b24   0x00000018   Code   RO         1385    i.HAL_SYSTICK_CLKSourceConfig  stm32f4xx_hal_cortex.o
    0x08001b3c   0x00000028   Code   RO         1387    i.HAL_SYSTICK_Config  stm32f4xx_hal_cortex.o
    0x08001b64   0x00000002   Code   RO         2530    i.HAL_TIMEx_BreakCallback  stm32f4xx_hal_tim_ex.o
    0x08001b66   0x00000002   Code   RO         2531    i.HAL_TIMEx_CommutationCallback  stm32f4xx_hal_tim_ex.o
    0x08001b68   0x00000042   Code   RO         2532    i.HAL_TIMEx_ConfigBreakDeadTime  stm32f4xx_hal_tim_ex.o
    0x08001baa   0x00000050   Code   RO         2547    i.HAL_TIMEx_MasterConfigSynchronization  stm32f4xx_hal_tim_ex.o
    0x08001bfa   0x00000036   Code   RO         1618    i.HAL_TIM_Base_Init  stm32f4xx_hal_tim.o
    0x08001c30   0x0000003c   Code   RO         4709    i.HAL_TIM_Base_MspInit  tim.o
    0x08001c6c   0x00000018   Code   RO         1623    i.HAL_TIM_Base_Start_IT  stm32f4xx_hal_tim.o
    0x08001c84   0x0000002a   Code   RO         1626    i.HAL_TIM_Base_Stop_IT  stm32f4xx_hal_tim.o
    0x08001cae   0x000000f2   Code   RO         1627    i.HAL_TIM_ConfigClockSource  stm32f4xx_hal_tim.o
    0x08001da0   0x00000002   Code   RO         1647    i.HAL_TIM_IC_CaptureCallback  stm32f4xx_hal_tim.o
    0x08001da2   0x00000166   Code   RO         1660    i.HAL_TIM_IRQHandler  stm32f4xx_hal_tim.o
    0x08001f08   0x00000054   Code   RO         4710    i.HAL_TIM_MspPostInit  tim.o
    0x08001f5c   0x00000002   Code   RO         1663    i.HAL_TIM_OC_DelayElapsedCallback  stm32f4xx_hal_tim.o
    0x08001f5e   0x000000d0   Code   RO         1684    i.HAL_TIM_PWM_ConfigChannel  stm32f4xx_hal_tim.o
    0x0800202e   0x00000036   Code   RO         1687    i.HAL_TIM_PWM_Init  stm32f4xx_hal_tim.o
    0x08002064   0x00000064   Code   RO         4712    i.HAL_TIM_PWM_MspInit  tim.o
    0x080020c8   0x00000002   Code   RO         1690    i.HAL_TIM_PWM_PulseFinishedCallback  stm32f4xx_hal_tim.o
    0x080020ca   0x00000002   PAD
    0x080020cc   0x00000038   Code   RO         1691    i.HAL_TIM_PWM_Start  stm32f4xx_hal_tim.o
    0x08002104   0x0000005c   Code   RO         1694    i.HAL_TIM_PWM_Stop  stm32f4xx_hal_tim.o
    0x08002160   0x00000098   Code   RO         4011    i.HAL_TIM_PeriodElapsedCallback  main.o
    0x080021f8   0x00000002   Code   RO         1701    i.HAL_TIM_TriggerCallback  stm32f4xx_hal_tim.o
    0x080021fa   0x00000002   Code   RO         4089    i.HardFault_Handler  stm32f4xx_it.o
    0x080021fc   0x00000068   Code   RO         4589    i.MX_FREERTOS_Init  freertos.o
    0x08002264   0x0000011c   Code   RO         4501    i.MX_GPIO_Init      gpio.o
    0x08002380   0x0000008c   Code   RO         4713    i.MX_TIM1_Init      tim.o
    0x0800240c   0x00000058   Code   RO         4714    i.MX_TIM3_Init      tim.o
    0x08002464   0x0000008c   Code   RO         4715    i.MX_TIM8_Init      tim.o
    0x080024f0   0x00000038   Code   RO         4678    i.MX_USB_DEVICE_Init  usb_device.o
    0x08002528   0x00000002   Code   RO         4090    i.MemManage_Handler  stm32f4xx_it.o
    0x0800252a   0x00000002   Code   RO         4091    i.NMI_Handler       stm32f4xx_it.o
    0x0800252c   0x00000020   Code   RO         1389    i.NVIC_SetPriority  stm32f4xx_hal_cortex.o
    0x0800254c   0x0000000c   Code   RO         4092    i.OTG_FS_IRQHandler  stm32f4xx_it.o
    0x08002558   0x00000088   Code   RO          865    i.PCD_WriteEmptyTxFifo  stm32f4xx_hal_pcd.o
    0x080025e0   0x00000058   Code   RO         4591    i.StartControlTask  freertos.o
    0x08002638   0x0000004c   Code   RO         4592    i.StartGetStateTask  freertos.o
    0x08002684   0x0000008c   Code   RO         4593    i.StartKeyTask      freertos.o
    0x08002710   0x00000024   Code   RO         4594    i.StartOutPutTask   freertos.o
    0x08002734   0x00000050   Code   RO         4595    i.StepMotorControl  freertos.o
    0x08002784   0x00000004   Code   RO         4093    i.SysTick_Handler   stm32f4xx_it.o
    0x08002788   0x000000a0   Code   RO         4012    i.SystemClock_Config  main.o
    0x08002828   0x00000054   Code   RO         3972    i.SystemInit        system_stm32f4xx.o
    0x0800287c   0x0000000c   Code   RO         4094    i.TIM1_UP_TIM10_IRQHandler  stm32f4xx_it.o
    0x08002888   0x0000000c   Code   RO         4095    i.TIM2_IRQHandler   stm32f4xx_it.o
    0x08002894   0x0000000c   Code   RO         4096    i.TIM3_IRQHandler   stm32f4xx_it.o
    0x080028a0   0x0000000c   Code   RO         4097    i.TIM8_UP_TIM13_IRQHandler  stm32f4xx_it.o
    0x080028ac   0x000000c0   Code   RO         1702    i.TIM_Base_SetConfig  stm32f4xx_hal_tim.o
    0x0800296c   0x00000016   Code   RO         1703    i.TIM_CCxChannelCmd  stm32f4xx_hal_tim.o
    0x08002982   0x00000014   Code   RO         1709    i.TIM_ETR_SetConfig  stm32f4xx_hal_tim.o
    0x08002996   0x00000010   Code   RO         1710    i.TIM_ITRx_SetConfig  stm32f4xx_hal_tim.o
    0x080029a6   0x00000002   PAD
    0x080029a8   0x00000058   Code   RO         1711    i.TIM_OC1_SetConfig  stm32f4xx_hal_tim.o
    0x08002a00   0x00000064   Code   RO         1712    i.TIM_OC2_SetConfig  stm32f4xx_hal_tim.o
    0x08002a64   0x00000060   Code   RO         1713    i.TIM_OC3_SetConfig  stm32f4xx_hal_tim.o
    0x08002ac4   0x00000050   Code   RO         1714    i.TIM_OC4_SetConfig  stm32f4xx_hal_tim.o
    0x08002b14   0x00000022   Code   RO         1716    i.TIM_TI1_ConfigInputStage  stm32f4xx_hal_tim.o
    0x08002b36   0x00000024   Code   RO         1718    i.TIM_TI2_ConfigInputStage  stm32f4xx_hal_tim.o
    0x08002b5a   0x00000014   Code   RO          325    i.USBD_CDC_DataIn   usbd_cdc.o
    0x08002b6e   0x0000002e   Code   RO          326    i.USBD_CDC_DataOut  usbd_cdc.o
    0x08002b9c   0x0000003c   Code   RO          327    i.USBD_CDC_DeInit   usbd_cdc.o
    0x08002bd8   0x00000024   Code   RO          328    i.USBD_CDC_EP0_RxReady  usbd_cdc.o
    0x08002bfc   0x0000000c   Code   RO          329    i.USBD_CDC_GetDeviceQualifierDescriptor  usbd_cdc.o
    0x08002c08   0x0000000c   Code   RO          330    i.USBD_CDC_GetFSCfgDesc  usbd_cdc.o
    0x08002c14   0x0000000c   Code   RO          331    i.USBD_CDC_GetHSCfgDesc  usbd_cdc.o
    0x08002c20   0x0000000c   Code   RO          332    i.USBD_CDC_GetOtherSpeedCfgDesc  usbd_cdc.o
    0x08002c2c   0x00000088   Code   RO          333    i.USBD_CDC_Init     usbd_cdc.o
    0x08002cb4   0x00000028   Code   RO          334    i.USBD_CDC_ReceivePacket  usbd_cdc.o
    0x08002cdc   0x00000010   Code   RO          335    i.USBD_CDC_RegisterInterface  usbd_cdc.o
    0x08002cec   0x0000000c   Code   RO          336    i.USBD_CDC_SetRxBuffer  usbd_cdc.o
    0x08002cf8   0x00000010   Code   RO          337    i.USBD_CDC_SetTxBuffer  usbd_cdc.o
    0x08002d08   0x00000070   Code   RO          338    i.USBD_CDC_Setup    usbd_cdc.o
    0x08002d78   0x0000000e   Code   RO          187    i.USBD_ClrClassConfig  usbd_core.o
    0x08002d86   0x00000010   Code   RO            4    i.USBD_CtlContinueRx  usbd_ioreq.o
    0x08002d96   0x00000010   Code   RO            5    i.USBD_CtlContinueSendData  usbd_ioreq.o
    0x08002da6   0x00000016   Code   RO          435    i.USBD_CtlError     usbd_ctlreq.o
    0x08002dbc   0x0000001e   Code   RO            6    i.USBD_CtlPrepareRx  usbd_ioreq.o
    0x08002dda   0x00000016   Code   RO            7    i.USBD_CtlReceiveStatus  usbd_ioreq.o
    0x08002df0   0x0000001a   Code   RO            8    i.USBD_CtlSendData  usbd_ioreq.o
    0x08002e0a   0x00000016   Code   RO            9    i.USBD_CtlSendStatus  usbd_ioreq.o
    0x08002e20   0x00000020   Code   RO         4433    i.USBD_FS_ConfigStrDescriptor  usbd_desc.o
    0x08002e40   0x0000000c   Code   RO         4434    i.USBD_FS_DeviceDescriptor  usbd_desc.o
    0x08002e4c   0x00000024   Code   RO         4435    i.USBD_FS_InterfaceStrDescriptor  usbd_desc.o
    0x08002e70   0x0000000c   Code   RO         4436    i.USBD_FS_LangIDStrDescriptor  usbd_desc.o
    0x08002e7c   0x00000028   Code   RO         4437    i.USBD_FS_ManufacturerStrDescriptor  usbd_desc.o
    0x08002ea4   0x0000002c   Code   RO         4438    i.USBD_FS_ProductStrDescriptor  usbd_desc.o
    0x08002ed0   0x00000024   Code   RO         4439    i.USBD_FS_SerialStrDescriptor  usbd_desc.o
    0x08002ef4   0x000000e0   Code   RO          436    i.USBD_GetDescriptor  usbd_ctlreq.o
    0x08002fd4   0x00000046   Code   RO          437    i.USBD_GetString    usbd_ctlreq.o
    0x0800301a   0x0000002a   Code   RO          189    i.USBD_Init         usbd_core.o
    0x08003044   0x00000020   Code   RO         4257    i.USBD_LL_ClearStallEP  usbd_conf.o
    0x08003064   0x00000020   Code   RO         4258    i.USBD_LL_CloseEP   usbd_conf.o
    0x08003084   0x000000aa   Code   RO          190    i.USBD_LL_DataInStage  usbd_core.o
    0x0800312e   0x0000006a   Code   RO          191    i.USBD_LL_DataOutStage  usbd_core.o
    0x08003198   0x00000004   Code   RO          192    i.USBD_LL_DevConnected  usbd_core.o
    0x0800319c   0x00000016   Code   RO          193    i.USBD_LL_DevDisconnected  usbd_core.o
    0x080031b2   0x00000008   Code   RO         4262    i.USBD_LL_GetRxDataSize  usbd_conf.o
    0x080031ba   0x00000002   PAD
    0x080031bc   0x00000060   Code   RO         4263    i.USBD_LL_Init      usbd_conf.o
    0x0800321c   0x00000020   Code   RO         4264    i.USBD_LL_IsStallEP  usbd_conf.o
    0x0800323c   0x00000004   Code   RO          194    i.USBD_LL_IsoINIncomplete  usbd_core.o
    0x08003240   0x00000004   Code   RO          195    i.USBD_LL_IsoOUTIncomplete  usbd_core.o
    0x08003244   0x00000026   Code   RO         4265    i.USBD_LL_OpenEP    usbd_conf.o
    0x0800326a   0x00000020   Code   RO         4266    i.USBD_LL_PrepareReceive  usbd_conf.o
    0x0800328a   0x0000003e   Code   RO          196    i.USBD_LL_Reset     usbd_core.o
    0x080032c8   0x0000000c   Code   RO          197    i.USBD_LL_Resume    usbd_core.o
    0x080032d4   0x00000018   Code   RO          198    i.USBD_LL_SOF       usbd_core.o
    0x080032ec   0x00000006   Code   RO          199    i.USBD_LL_SetSpeed  usbd_core.o
    0x080032f2   0x00000020   Code   RO         4267    i.USBD_LL_SetUSBAddress  usbd_conf.o
    0x08003312   0x0000005a   Code   RO          200    i.USBD_LL_SetupStage  usbd_core.o
    0x0800336c   0x00000020   Code   RO         4268    i.USBD_LL_StallEP   usbd_conf.o
    0x0800338c   0x00000020   Code   RO         4269    i.USBD_LL_Start     usbd_conf.o
    0x080033ac   0x00000012   Code   RO          201    i.USBD_LL_Suspend   usbd_core.o
    0x080033be   0x00000020   Code   RO         4271    i.USBD_LL_Transmit  usbd_conf.o
    0x080033de   0x00000028   Code   RO          438    i.USBD_ParseSetupRequest  usbd_ctlreq.o
    0x08003406   0x00000010   Code   RO          202    i.USBD_RegisterClass  usbd_core.o
    0x08003416   0x00000016   Code   RO          204    i.USBD_SetClassConfig  usbd_core.o
    0x0800342c   0x00000074   Code   RO          439    i.USBD_SetConfig    usbd_ctlreq.o
    0x080034a0   0x0000000a   Code   RO          205    i.USBD_Start        usbd_core.o
    0x080034aa   0x000000f2   Code   RO          440    i.USBD_StdDevReq    usbd_ctlreq.o
    0x0800359c   0x000000dc   Code   RO          441    i.USBD_StdEPReq     usbd_ctlreq.o
    0x08003678   0x00000034   Code   RO          442    i.USBD_StdItfReq    usbd_ctlreq.o
    0x080036ac   0x00000080   Code   RO         2248    i.USB_ActivateEndpoint  stm32f4xx_ll_usb.o
    0x0800372c   0x00000034   Code   RO         2249    i.USB_ActivateSetup  stm32f4xx_ll_usb.o
    0x08003760   0x00000064   Code   RO         2251    i.USB_CoreInit      stm32f4xx_ll_usb.o
    0x080037c4   0x00000038   Code   RO         2252    i.USB_CoreReset     stm32f4xx_ll_usb.o
    0x080037fc   0x0000006e   Code   RO         2254    i.USB_DeactivateEndpoint  stm32f4xx_ll_usb.o
    0x0800386a   0x00000018   Code   RO         2255    i.USB_DevConnect    stm32f4xx_ll_usb.o
    0x08003882   0x00000018   Code   RO         2256    i.USB_DevDisconnect  stm32f4xx_ll_usb.o
    0x0800389a   0x00000002   PAD
    0x0800389c   0x00000144   Code   RO         2257    i.USB_DevInit       stm32f4xx_ll_usb.o
    0x080039e0   0x0000000c   Code   RO         2258    i.USB_DisableGlobalInt  stm32f4xx_ll_usb.o
    0x080039ec   0x00000140   Code   RO         2261    i.USB_EP0StartXfer  stm32f4xx_ll_usb.o
    0x08003b2c   0x0000003e   Code   RO         2262    i.USB_EP0_OutStart  stm32f4xx_ll_usb.o
    0x08003b6a   0x00000064   Code   RO         2263    i.USB_EPClearStall  stm32f4xx_ll_usb.o
    0x08003bce   0x0000005e   Code   RO         2264    i.USB_EPSetStall    stm32f4xx_ll_usb.o
    0x08003c2c   0x0000021c   Code   RO         2265    i.USB_EPStartXfer   stm32f4xx_ll_usb.o
    0x08003e48   0x0000000c   Code   RO         2266    i.USB_EnableGlobalInt  stm32f4xx_ll_usb.o
    0x08003e54   0x00000020   Code   RO         2267    i.USB_FlushRxFifo   stm32f4xx_ll_usb.o
    0x08003e74   0x00000024   Code   RO         2268    i.USB_FlushTxFifo   stm32f4xx_ll_usb.o
    0x08003e98   0x0000003c   Code   RO         2270    i.USB_GetDevSpeed   stm32f4xx_ll_usb.o
    0x08003ed4   0x00000008   Code   RO         2272    i.USB_GetMode       stm32f4xx_ll_usb.o
    0x08003edc   0x0000000e   Code   RO         2279    i.USB_ReadDevAllInEpInterrupt  stm32f4xx_ll_usb.o
    0x08003eea   0x0000000e   Code   RO         2280    i.USB_ReadDevAllOutEpInterrupt  stm32f4xx_ll_usb.o
    0x08003ef8   0x0000001e   Code   RO         2281    i.USB_ReadDevInEPInterrupt  stm32f4xx_ll_usb.o
    0x08003f16   0x00000010   Code   RO         2282    i.USB_ReadDevOutEPInterrupt  stm32f4xx_ll_usb.o
    0x08003f26   0x00000008   Code   RO         2283    i.USB_ReadInterrupts  stm32f4xx_ll_usb.o
    0x08003f2e   0x00000020   Code   RO         2284    i.USB_ReadPacket    stm32f4xx_ll_usb.o
    0x08003f4e   0x0000002c   Code   RO         2286    i.USB_SetCurrentMode  stm32f4xx_ll_usb.o
    0x08003f7a   0x00000022   Code   RO         2287    i.USB_SetDevAddress  stm32f4xx_ll_usb.o
    0x08003f9c   0x00000028   Code   RO         2291    i.USB_WritePacket   stm32f4xx_ll_usb.o
    0x08003fc4   0x00000002   Code   RO         4098    i.UsageFault_Handler  stm32f4xx_it.o
    0x08003fc6   0x00000002   PAD
    0x08003fc8   0x00000050   Code   RO         4716    i.User_TIM1_SetPluse  tim.o
    0x08004018   0x00000050   Code   RO         4717    i.User_TIM8_SetPluse  tim.o
    0x08004068   0x00000022   Code   RO         4013    i.main              main.o
    0x0800408a   0x0000000c   Code   RO         3004    i.makeFreeRtosPriority  cmsis_os.o
    0x08004096   0x0000000a   Code   RO         3008    i.osKernelStart     cmsis_os.o
    0x080040a0   0x00000014   Code   RO         3037    i.osSystickHandler  cmsis_os.o
    0x080040b4   0x00000038   Code   RO         3038    i.osThreadCreate    cmsis_os.o
    0x080040ec   0x00000034   Code   RO         3686    i.prvAddCurrentTaskToDelayedList  tasks.o
    0x08004120   0x00000054   Code   RO         3687    i.prvCheckTasksWaitingTermination  tasks.o
    0x08004174   0x0000004c   Code   RO         3350    i.prvHeapInit       heap_4.o
    0x080041c0   0x00000028   Code   RO         3688    i.prvIdleTask       tasks.o
    0x080041e8   0x0000004c   Code   RO         3351    i.prvInsertBlockIntoFreeList  heap_4.o
    0x08004234   0x00000020   Code   RO         3690    i.prvResetNextTaskUnblockTime  tasks.o
    0x08004254   0x00000028   Code   RO         3586    i.prvTaskExitError  port.o
    0x0800427c   0x000000d8   Code   RO         3352    i.pvPortMalloc      heap_4.o
    0x08004354   0x00000028   Code   RO         3587    i.pxPortInitialiseStack  port.o
    0x0800437c   0x0000009c   Code   RO         3693    i.ulTaskNotifyTake  tasks.o
    0x08004418   0x00000024   Code   RO         3650    i.uxListRemove      list.o
    0x0800443c   0x00000016   Code   RO         3651    i.vListInitialise   list.o
    0x08004452   0x00000006   Code   RO         3652    i.vListInitialiseItem  list.o
    0x08004458   0x00000030   Code   RO         3653    i.vListInsert       list.o
    0x08004488   0x00000018   Code   RO         3654    i.vListInsertEnd    list.o
    0x080044a0   0x00000040   Code   RO         3589    i.vPortEnterCritical  port.o
    0x080044e0   0x00000028   Code   RO         3590    i.vPortExitCritical  port.o
    0x08004508   0x0000005c   Code   RO         3353    i.vPortFree         heap_4.o
    0x08004564   0x00000020   Code   RO         3591    i.vPortSetupTimerInterrupt  port.o
    0x08004584   0x00000054   Code   RO         3592    i.vPortValidateInterruptPriority  port.o
    0x080045d8   0x000000b4   Code   RO         3704    i.vTaskNotifyGiveFromISR  tasks.o
    0x0800468c   0x00000068   Code   RO         3712    i.vTaskStartScheduler  tasks.o
    0x080046f4   0x00000010   Code   RO         3714    i.vTaskSuspendAll   tasks.o
    0x08004704   0x0000005c   Code   RO         3715    i.vTaskSwitchContext  tasks.o
    0x08004760   0x000000e0   Code   RO         3593    i.xPortStartScheduler  port.o
    0x08004840   0x0000002c   Code   RO         3594    i.xPortSysTickHandler  port.o
    0x0800486c   0x000001bc   Code   RO         3717    i.xTaskGenericCreate  tasks.o
    0x08004a28   0x000000cc   Code   RO         3718    i.xTaskGenericNotify  tasks.o
    0x08004af4   0x000000ec   Code   RO         3719    i.xTaskGenericNotifyFromISR  tasks.o
    0x08004be0   0x0000001c   Code   RO         3721    i.xTaskGetSchedulerState  tasks.o
    0x08004bfc   0x000000cc   Code   RO         3724    i.xTaskIncrementTick  tasks.o
    0x08004cc8   0x000000b8   Code   RO         3726    i.xTaskNotifyWait   tasks.o
    0x08004d80   0x000000c4   Code   RO         3730    i.xTaskResumeAll    tasks.o
    0x08004e44   0x00000062   Code   RO         4871    x$fpl$d2f           fz_wm.l(d2f.o)
    0x08004ea6   0x00000002   PAD
    0x08004ea8   0x00000150   Code   RO         4873    x$fpl$dadd          fz_wm.l(daddsub_clz.o)
    0x08004ff8   0x0000002e   Code   RO         4880    x$fpl$dflt          fz_wm.l(dflt_clz.o)
    0x08005026   0x00000002   PAD
    0x08005028   0x00000154   Code   RO         4885    x$fpl$dmul          fz_wm.l(dmul.o)
    0x0800517c   0x0000009c   Code   RO         4964    x$fpl$dnaninf       fz_wm.l(dnaninf.o)
    0x08005218   0x0000000c   Code   RO         4966    x$fpl$dretinf       fz_wm.l(dretinf.o)
    0x08005224   0x000001d4   Code   RO         4875    x$fpl$dsub          fz_wm.l(daddsub_clz.o)
    0x080053f8   0x0000000a   Code   RO         5010    x$fpl$fpinit        fz_wm.l(fpinit.o)
    0x08005402   0x0000000a   Code   RO         4968    x$fpl$fretinf       fz_wm.l(fretinf.o)
    0x0800540c   0x00000000   Code   RO         4970    x$fpl$usenofp       fz_wm.l(usenofp.o)
    0x0800540c   0x00000010   Data   RO         2783    .constdata          stm32f4xx_hal_rcc.o
    0x0800541c   0x00000050   Data   RO         4597    .constdata          freertos.o
    0x0800546c   0x00000033   Data   RO         4598    .conststring        freertos.o
    0x0800549f   0x00000001   PAD
    0x080054a0   0x00000020   Data   RO         5095    Region$$Table       anon$$obj.o


    Execution Region RW_IRAM1 (Base: 0x20000000, Size: 0x00005c60, Max: 0x00020000, ABSOLUTE, COMPRESSED[0x000000c4])

    Base Addr    Size         Type   Attr      Idx    E Section Name        Object

    0x20000000   0x000000db   Data   RW          340    .data               usbd_cdc.o
    0x200000db   0x00000001   PAD
    0x200000dc   0x00000038   Data   RW          341    .data               usbd_cdc.o
    0x20000114   0x00000001   Data   RW          443    .data               usbd_ctlreq.o
    0x20000115   0x00000003   PAD
    0x20000118   0x00000004   Data   RW         1247    .data               stm32f4xx_hal.o
    0x2000011c   0x00000018   Data   RW         3358    .data               heap_4.o
    0x20000134   0x0000000c   Data   RW         3595    .data               port.o
    0x20000140   0x00000038   Data   RW         3733    .data               tasks.o
    0x20000178   0x00000004   Data   RW         3975    .data               system_stm32f4xx.o
    0x2000017c   0x00000010   Data   RW         4193    .data               usbd_cdc_if.o
    0x2000018c   0x00000008   Data   RW         4194    .data               usbd_cdc_if.o
    0x20000194   0x0000001c   Data   RW         4441    .data               usbd_desc.o
    0x200001b0   0x00000016   Data   RW         4442    .data               usbd_desc.o
    0x200001c6   0x00000002   PAD
    0x200001c8   0x00000020   Data   RW         4599    .data               freertos.o
    0x200001e8   0x00000008   Data   RW         4719    .data               tim.o
    0x200001f0   0x00003c00   Zero   RW         3357    .bss                heap_4.o
    0x20003df0   0x000000f0   Zero   RW         3732    .bss                tasks.o
    0x20003ee0   0x00000009   Zero   RW         4191    .bss                usbd_cdc_if.o
    0x20003ee9   0x00000003   PAD
    0x20003eec   0x000003f0   Zero   RW         4272    .bss                usbd_conf.o
    0x200042dc   0x00000200   Zero   RW         4440    .bss                usbd_desc.o
    0x200044dc   0x0000003c   Zero   RW         4528    .bss                stm32f4xx_hal_timebase_tim.o
    0x20004518   0x0000000c   Zero   RW         4596    .bss                freertos.o
    0x20004524   0x00000224   Zero   RW         4679    .bss                usb_device.o
    0x20004748   0x000000b4   Zero   RW         4718    .bss                tim.o
    0x200047fc   0x00000060   Zero   RW         4974    .bss                c_w.l(libspace.o)
    0x2000485c   0x00000004   PAD
    0x20004860   0x00001000   Zero   RW         4791    HEAP                startup_stm32f407xx.o
    0x20005860   0x00000400   Zero   RW         4790    STACK               startup_stm32f407xx.o


==============================================================================

Image component sizes


      Code (inc. data)   RO Data    RW Data    ZI Data      Debug   Object Name

        98          0          0          0          0      18590   cmsis_os.o
         0          0          0          0          0       8376   croutine.o
         0          0          0          0          0      14492   event_groups.o
       792         78        131         32         12       5680   freertos.o
       284         24          0          0          0       1123   gpio.o
       460         24          0         24      15360       7323   heap_4.o
       136          0          0          0          0       3630   list.o
       456         56          0          0          0       7395   main.o
       754         84          0         12          0       9429   port.o
        64         26        392          0       5120        824   startup_stm32f407xx.o
       102         16          0          4          0       3856   stm32f4xx_hal.o
       218         14          0          0          0      31137   stm32f4xx_hal_cortex.o
       466         50          0          0          0       3195   stm32f4xx_hal_gpio.o
        88          0          0          0          0        534   stm32f4xx_hal_msp.o
      1954          0          0          0          0      11441   stm32f4xx_hal_pcd.o
        76          0          0          0          0       1888   stm32f4xx_hal_pcd_ex.o
      1404         72         16          0          0       6113   stm32f4xx_hal_rcc.o
      1822         96          0          0          0      17372   stm32f4xx_hal_tim.o
       150          0          0          0          0       3254   stm32f4xx_hal_tim_ex.o
       116         14          0          0         60       1488   stm32f4xx_hal_timebase_tim.o
       110         30          0          0          0       6182   stm32f4xx_it.o
      2326         52          0          0          0      20588   stm32f4xx_ll_usb.o
        84         18          0          4          0       1195   system_stm32f4xx.o
      2252        176          0         56        240      19968   tasks.o
       772         80          0          8        180       5780   tim.o
        56         18          0          0        548        744   usb_device.o
       542         22          0        275          0      12564   usbd_cdc.o
        92         18          0         24          9       4543   usbd_cdc_if.o
       678         16          0          0       1008      14798   usbd_conf.o
       626          0          0          0          0      12242   usbd_core.o
       986         30          0          1          0       8112   usbd_ctlreq.o
       212        116          0         50        512       5259   usbd_desc.o
       132          0          0          0          0     682164   usbd_ioreq.o

    ----------------------------------------------------------------------
     18336       1130        572        496      23052     951279   Object Totals
         0          0         32          0          0          0   (incl. Generated)
        28          0          1          6          3          0   (incl. Padding)

    ----------------------------------------------------------------------

      Code (inc. data)   RO Data    RW Data    ZI Data      Debug   Library Member Name

        90          0          0          0          0          0   __dczerorl2.o
         8          0          0          0          0         68   __main.o
         0          0          0          0          0          0   __rtentry.o
        12          0          0          0          0          0   __rtentry2.o
         6          0          0          0          0          0   __rtentry4.o
        52          8          0          0          0          0   __scatter.o
        28          0          0          0          0          0   __scatter_zi.o
        16          0          0          0          0         68   aeabi_memset.o
        10          0          0          0          0         68   defsig_exit.o
        50          0          0          0          0         88   defsig_general.o
        80         58          0          0          0         76   defsig_rtmem_inner.o
        14          0          0          0          0         80   defsig_rtmem_outer.o
        18          0          0          0          0         80   exit.o
        94          0          0          0          0         80   h1_alloc.o
        52          0          0          0          0         68   h1_extend.o
        78          0          0          0          0         80   h1_free.o
        14          0          0          0          0         84   h1_init.o
         6          0          0          0          0        152   heapauxi.o
         4          0          0          0          0        136   hguard.o
         0          0          0          0          0          0   indicate_semi.o
       138          0          0          0          0        168   init_alloc.o
         2          0          0          0          0          0   libinit.o
        14          0          0          0          0          0   libinit2.o
         2          0          0          0          0          0   libshutdown.o
         2          0          0          0          0          0   libshutdown2.o
         8          4          0          0         96         68   libspace.o
         0          0          0          0          0          0   maybetermalloc1.o
         8          4          0          0          0         68   rt_heap_descriptor_intlibspace.o
        68          0          0          0          0         68   rt_memclr.o
        78          0          0          0          0         80   rt_memclr_w.o
       138          0          0          0          0         68   rt_memcpy_v6.o
       100          0          0          0          0         80   rt_memcpy_w.o
         2          0          0          0          0          0   rtexit.o
        10          0          0          0          0          0   rtexit2.o
        12          4          0          0          0         68   sys_exit.o
        74          0          0          0          0         80   sys_stackheap_outer.o
        14          0          0          0          0         76   sys_wrch.o
         2          0          0          0          0         68   use_no_semi.o
        98          4          0          0          0        140   d2f.o
       804         16          0          0          0        368   daddsub_clz.o
        46          0          0          0          0        116   dflt_clz.o
       340         12          0          0          0        152   dmul.o
       156          4          0          0          0        140   dnaninf.o
        12          0          0          0          0        116   dretinf.o
        10          0          0          0          0        116   fpinit.o
        10          0          0          0          0        116   fretinf.o
         0          0          0          0          0          0   usenofp.o

    ----------------------------------------------------------------------
      2788        114          0          0        100       3284   Library Totals
         8          0          0          0          4          0   (incl. Padding)

    ----------------------------------------------------------------------

      Code (inc. data)   RO Data    RW Data    ZI Data      Debug   Library Name

      1304         78          0          0         96       2020   c_w.l
      1476         36          0          0          0       1264   fz_wm.l

    ----------------------------------------------------------------------
      2788        114          0          0        100       3284   Library Totals

    ----------------------------------------------------------------------

==============================================================================


      Code (inc. data)   RO Data    RW Data    ZI Data      Debug   

     21124       1244        572        496      23152     929071   Grand Totals
     21124       1244        572        196      23152     929071   ELF Image Totals (compressed)
     21124       1244        572        196          0          0   ROM Totals

==============================================================================

    Total RO  Size (Code + RO Data)                21696 (  21.19kB)
    Total RW  Size (RW Data + ZI Data)             23648 (  23.09kB)
    Total ROM Size (Code + RO Data + RW Data)      21892 (  21.38kB)

==============================================================================

