Component: ARM Compiler 5.06 update 3 (build 300) Tool: armlink [4d35c9]

==============================================================================

Section Cross References

    usbd_ioreq.o(i.USBD_CtlContinueRx) refers to usbd_conf.o(i.USBD_LL_PrepareReceive) for USBD_LL_PrepareReceive
    usbd_ioreq.o(i.USBD_CtlContinueSendData) refers to usbd_conf.o(i.USBD_LL_Transmit) for USBD_LL_Transmit
    usbd_ioreq.o(i.USBD_CtlPrepareRx) refers to usbd_conf.o(i.USBD_LL_PrepareReceive) for USBD_LL_PrepareReceive
    usbd_ioreq.o(i.USBD_CtlReceiveStatus) refers to usbd_conf.o(i.USBD_LL_PrepareReceive) for USBD_LL_PrepareReceive
    usbd_ioreq.o(i.USBD_CtlSendData) refers to usbd_conf.o(i.USBD_LL_Transmit) for USBD_LL_Transmit
    usbd_ioreq.o(i.USBD_CtlSendStatus) refers to usbd_conf.o(i.USBD_LL_Transmit) for USBD_LL_Transmit
    usbd_ioreq.o(i.USBD_GetRxCount) refers to usbd_conf.o(i.USBD_LL_GetRxDataSize) for USBD_LL_GetRxDataSize
    usbd_core.o(i.USBD_DeInit) refers to usbd_conf.o(i.USBD_LL_Stop) for USBD_LL_Stop
    usbd_core.o(i.USBD_DeInit) refers to usbd_conf.o(i.USBD_LL_DeInit) for USBD_LL_DeInit
    usbd_core.o(i.USBD_Init) refers to usbd_conf.o(i.USBD_LL_Init) for USBD_LL_Init
    usbd_core.o(i.USBD_LL_DataInStage) refers to usbd_ioreq.o(i.USBD_CtlContinueSendData) for USBD_CtlContinueSendData
    usbd_core.o(i.USBD_LL_DataInStage) refers to usbd_conf.o(i.USBD_LL_PrepareReceive) for USBD_LL_PrepareReceive
    usbd_core.o(i.USBD_LL_DataInStage) refers to usbd_ioreq.o(i.USBD_CtlReceiveStatus) for USBD_CtlReceiveStatus
    usbd_core.o(i.USBD_LL_DataOutStage) refers to usbd_ioreq.o(i.USBD_CtlContinueRx) for USBD_CtlContinueRx
    usbd_core.o(i.USBD_LL_DataOutStage) refers to usbd_ioreq.o(i.USBD_CtlSendStatus) for USBD_CtlSendStatus
    usbd_core.o(i.USBD_LL_Reset) refers to usbd_conf.o(i.USBD_LL_OpenEP) for USBD_LL_OpenEP
    usbd_core.o(i.USBD_LL_SetupStage) refers to usbd_ctlreq.o(i.USBD_ParseSetupRequest) for USBD_ParseSetupRequest
    usbd_core.o(i.USBD_LL_SetupStage) refers to usbd_conf.o(i.USBD_LL_StallEP) for USBD_LL_StallEP
    usbd_core.o(i.USBD_LL_SetupStage) refers to usbd_ctlreq.o(i.USBD_StdDevReq) for USBD_StdDevReq
    usbd_core.o(i.USBD_LL_SetupStage) refers to usbd_ctlreq.o(i.USBD_StdItfReq) for USBD_StdItfReq
    usbd_core.o(i.USBD_LL_SetupStage) refers to usbd_ctlreq.o(i.USBD_StdEPReq) for USBD_StdEPReq
    usbd_core.o(i.USBD_Start) refers to usbd_conf.o(i.USBD_LL_Start) for USBD_LL_Start
    usbd_core.o(i.USBD_Stop) refers to usbd_conf.o(i.USBD_LL_Stop) for USBD_LL_Stop
    usbd_cdc.o(i.USBD_CDC_DataOut) refers to usbd_conf.o(i.USBD_LL_GetRxDataSize) for USBD_LL_GetRxDataSize
    usbd_cdc.o(i.USBD_CDC_DeInit) refers to usbd_conf.o(i.USBD_LL_CloseEP) for USBD_LL_CloseEP
    usbd_cdc.o(i.USBD_CDC_DeInit) refers to h1_free.o(.text) for free
    usbd_cdc.o(i.USBD_CDC_GetDeviceQualifierDescriptor) refers to usbd_cdc.o(.data) for .data
    usbd_cdc.o(i.USBD_CDC_GetFSCfgDesc) refers to usbd_cdc.o(.data) for .data
    usbd_cdc.o(i.USBD_CDC_GetHSCfgDesc) refers to usbd_cdc.o(.data) for .data
    usbd_cdc.o(i.USBD_CDC_GetOtherSpeedCfgDesc) refers to usbd_cdc.o(.data) for .data
    usbd_cdc.o(i.USBD_CDC_Init) refers to usbd_conf.o(i.USBD_LL_OpenEP) for USBD_LL_OpenEP
    usbd_cdc.o(i.USBD_CDC_Init) refers to h1_alloc.o(.text) for malloc
    usbd_cdc.o(i.USBD_CDC_Init) refers to usbd_conf.o(i.USBD_LL_PrepareReceive) for USBD_LL_PrepareReceive
    usbd_cdc.o(i.USBD_CDC_ReceivePacket) refers to usbd_conf.o(i.USBD_LL_PrepareReceive) for USBD_LL_PrepareReceive
    usbd_cdc.o(i.USBD_CDC_Setup) refers to usbd_ioreq.o(i.USBD_CtlPrepareRx) for USBD_CtlPrepareRx
    usbd_cdc.o(i.USBD_CDC_Setup) refers to usbd_ioreq.o(i.USBD_CtlSendData) for USBD_CtlSendData
    usbd_cdc.o(i.USBD_CDC_Setup) refers to usbd_cdc.o(.data) for .data
    usbd_cdc.o(i.USBD_CDC_TransmitPacket) refers to usbd_conf.o(i.USBD_LL_Transmit) for USBD_LL_Transmit
    usbd_cdc.o(.data) refers to usbd_cdc.o(i.USBD_CDC_Init) for USBD_CDC_Init
    usbd_cdc.o(.data) refers to usbd_cdc.o(i.USBD_CDC_DeInit) for USBD_CDC_DeInit
    usbd_cdc.o(.data) refers to usbd_cdc.o(i.USBD_CDC_Setup) for USBD_CDC_Setup
    usbd_cdc.o(.data) refers to usbd_cdc.o(i.USBD_CDC_EP0_RxReady) for USBD_CDC_EP0_RxReady
    usbd_cdc.o(.data) refers to usbd_cdc.o(i.USBD_CDC_DataIn) for USBD_CDC_DataIn
    usbd_cdc.o(.data) refers to usbd_cdc.o(i.USBD_CDC_DataOut) for USBD_CDC_DataOut
    usbd_cdc.o(.data) refers to usbd_cdc.o(i.USBD_CDC_GetHSCfgDesc) for USBD_CDC_GetHSCfgDesc
    usbd_cdc.o(.data) refers to usbd_cdc.o(i.USBD_CDC_GetFSCfgDesc) for USBD_CDC_GetFSCfgDesc
    usbd_cdc.o(.data) refers to usbd_cdc.o(i.USBD_CDC_GetOtherSpeedCfgDesc) for USBD_CDC_GetOtherSpeedCfgDesc
    usbd_cdc.o(.data) refers to usbd_cdc.o(i.USBD_CDC_GetDeviceQualifierDescriptor) for USBD_CDC_GetDeviceQualifierDescriptor
    usbd_ctlreq.o(i.USBD_CtlError) refers to usbd_conf.o(i.USBD_LL_StallEP) for USBD_LL_StallEP
[...]
    .bss                                     0x20003de8   Section      240  tasks.o(.bss)
    pxReadyTasksLists                        0x20003de8   Data         140  tasks.o(.bss)
    xDelayedTaskList1                        0x20003e74   Data          20  tasks.o(.bss)
    xDelayedTaskList2                        0x20003e88   Data          20  tasks.o(.bss)
    xPendingReadyList                        0x20003e9c   Data          20  tasks.o(.bss)
    xTasksWaitingTermination                 0x20003eb0   Data          20  tasks.o(.bss)
    xSuspendedTaskList                       0x20003ec4   Data          20  tasks.o(.bss)
    .bss                                     0x20003ed8   Section        9  usbd_cdc_if.o(.bss)
    .bss                                     0x20003ee4   Section     1008  usbd_conf.o(.bss)
    .bss                                     0x200042d4   Section      512  usbd_desc.o(.bss)
    .bss                                     0x200044d4   Section       60  stm32f4xx_hal_timebase_tim.o(.bss)
    .bss                                     0x20004510   Section      548  usb_device.o(.bss)
    .bss                                     0x20004734   Section      180  tim.o(.bss)
    .bss                                     0x200047e8   Section       96  libspace.o(.bss)
    HEAP                                     0x20004848   Section     4096  startup_stm32f407xx.o(HEAP)
    Heap_Mem                                 0x20004848   Data        4096  startup_stm32f407xx.o(HEAP)
    STACK                                    0x20005848   Section     1024  startup_stm32f407xx.o(STACK)
    Stack_Mem                                0x20005848   Data        1024  startup_stm32f407xx.o(STACK)
    __initial_sp                             0x20005c48   Data           0  startup_stm32f407xx.o(STACK)

    Global Symbols

    Symbol Name                              Value     Ov Type        Size  Object(Section)

    BuildAttributes$$THM_ISAv4$E$P$D$K$B$S$7EM$VFPi3$EXTD16$VFPS$VFMA$PE$A:L22UL41UL21$X:L11$S22US41US21$IEEE1$IW$USESV6$~STKCKD$USESV7$~SHL$OTIME$ROPI$EBA8$UX$STANDARDLIB$REQ8$PRES8$EABIv2 0x00000000   Number         0  anon$$obj.o ABSOLUTE
    __ARM_use_no_argv                        0x00000000   Number         0  main.o ABSOLUTE
    __ARM_exceptions_init                     - Undefined Weak Reference
    __alloca_initialize                       - Undefined Weak Reference
    __arm_preinit_                            - Undefined Weak Reference
    __cpp_initialize__aeabi_                  - Undefined Weak Reference
    __cxa_finalize                            - Undefined Weak Reference
    __rt_locale                               - Undefined Weak Reference
    __sigvec_lookup                           - Undefined Weak Reference
    __user_heap_extent                        - Undefined Weak Reference
    _atexit_init                              - Undefined Weak Reference
    _call_atexit_fns                          - Undefined Weak Reference
    _clock_init                               - Undefined Weak Reference
    _fp_trap_init                             - Undefined Weak Reference
    _fp_trap_shutdown                         - Undefined Weak Reference
    _get_lc_collate                           - Undefined Weak Reference
    _get_lc_ctype                             - Undefined Weak Reference
    _get_lc_monetary                          - Undefined Weak Reference
    _get_lc_numeric                           - Undefined Weak Reference
    _get_lc_time                              - Undefined Weak Reference
    _getenv_init                              - Undefined Weak Reference
    _handle_redirection                       - Undefined Weak Reference
    _initio                                   - Undefined Weak Reference
    _mutex_acquire                            - Undefined Weak Reference
    _mutex_free                               - Undefined Weak Reference
    _mutex_release                            - Undefined Weak Reference
    _rand_init                                - Undefined Weak Reference
    _signal_finish                            - Undefined Weak Reference
    _signal_init                              - Undefined Weak Reference
    _terminateio                              - Undefined Weak Reference
    __Vectors_Size                           0x00000188   Number         0  startup_stm32f407xx.o ABSOLUTE
    __Vectors                                0x08000000   Data           4  startup_stm32f407xx.o(RESET)
    __Vectors_End                            0x08000188   Data           0  startup_stm32f407xx.o(RESET)
    __main                                   0x08000189   Thumb Code     8  __main.o(!!!main)
    __scatterload                            0x08000191   Thumb Code     0  __scatter.o(!!!scatter)
    __scatterload_rt2                        0x08000191   Thumb Code    44  __scatter.o(!!!scatter)
    __scatterload_rt2_thumb_only             0x08000191   Thumb Code     0  __scatter.o(!!!scatter)
    __scatterload_null                       0x0800019f   Thumb Code     0  __scatter.o(!!!scatter)
    __decompress                             0x080001c5   Thumb Code    90  __dczerorl2.o(!!dczerorl2)
    __decompress1                            0x080001c5   Thumb Code     0  __dczerorl2.o(!!dczerorl2)
    __scatterload_zeroinit                   0x08000221   Thumb Code    28  __scatter_zi.o(!!handler_zi)
    __rt_lib_init                            0x0800023d   Thumb Code     0  libinit.o(.ARM.Collect$$libinit$$00000000)
    __rt_lib_init_fp_1                       0x0800023f   Thumb Code     0  libinit2.o(.ARM.Collect$$libinit$$00000001)
    __rt_lib_init_heap_2                     0x08000243   Thumb Code     0  libinit2.o(.ARM.Collect$$libinit$$00000005)
    __rt_lib_init_preinit_1                  0x08000243   Thumb Code     0  libinit2.o(.ARM.Collect$$libinit$$00000004)
    __rt_lib_init_alloca_1                   0x0800024b   Thumb Code     0  libinit2.o(.ARM.Collect$$libinit$$0000002E)
    __rt_lib_init_argv_1                     0x0800024b   Thumb Code     0  libinit2.o(.ARM.Collect$$libinit$$0000002C)
    __rt_lib_init_atexit_1                   0x0800024b   Thumb Code     0  libinit2.o(.ARM.Collect$$libinit$$0000001B)
    __rt_lib_init_clock_1                    0x0800024b   Thumb Code     0  libinit2.o(.ARM.Collect$$libinit$$00000021)
    __rt_lib_init_cpp_1                      0x0800024b   Thumb Code     0  libinit2.o(.ARM.Collect$$libinit$$00000032)
    __rt_lib_init_exceptions_1               0x0800024b   Thumb Code     0  libinit2.o(.ARM.Collect$$libinit$$00000030)
    __rt_lib_init_fp_trap_1                  0x0800024b   Thumb Code     0  libinit2.o(.ARM.Collect$$libinit$$0000001F)
    __rt_lib_init_getenv_1                   0x0800024b   Thumb Code     0  libinit2.o(.ARM.Collect$$libinit$$00000023)
    __rt_lib_init_heap_1                     0x0800024b   Thumb Code     0  libinit2.o(.ARM.Collect$$libinit$$0000000A)
    __rt_lib_init_lc_collate_1               0x0800024b   Thumb Code     0  libinit2.o(.ARM.Collect$$libinit$$00000011)
    __rt_lib_init_lc_ctype_1                 0x0800024b   Thumb Code     0  libinit2.o(.ARM.Collect$$libinit$$00000013)
    __rt_lib_init_lc_monetary_1              0x0800024b   Thumb Code     0  libinit2.o(.ARM.Collect$$libinit$$00000015)
    __rt_lib_init_lc_numeric_1               0x0800024b   Thumb Code     0  libinit2.o(.ARM.Collect$$libinit$$00000017)
    __rt_lib_init_lc_time_1                  0x0800024b   Thumb Code     0  libinit2.o(.ARM.Collect$$libinit$$00000019)
    __rt_lib_init_rand_1                     0x0800024b   Thumb Code     0  libinit2.o(.ARM.Collect$$libinit$$0000000E)
    __rt_lib_init_return                     0x0800024b   Thumb Code     0  libinit2.o(.ARM.Collect$$libinit$$00000033)
    __rt_lib_init_signal_1                   0x0800024b   Thumb Code     0  libinit2.o(.ARM.Collect$$libinit$$0000001D)
    __rt_lib_init_stdio_1                    0x0800024b   Thumb Code     0  libinit2.o(.ARM.Collect$$libinit$$00000025)
    __rt_lib_init_user_alloc_1               0x0800024b   Thumb Code     0  libinit2.o(.ARM.Collect$$libinit$$0000000C)
    __rt_lib_shutdown                        0x0800024d   Thumb Code     0  libshutdown.o(.ARM.Collect$$libshutdown$$00000000)
    __rt_lib_shutdown_cpp_1                  0x0800024f   Thumb Code     0  libshutdown2.o(.ARM.Collect$$libshutdown$$00000002)
    __rt_lib_shutdown_fp_trap_1              0x0800024f   Thumb Code     0  libshutdown2.o(.ARM.Collect$$libshutdown$$00000007)
    __rt_lib_shutdown_heap_1                 0x0800024f   Thumb Code     0  libshutdown2.o(.ARM.Collect$$libshutdown$$0000000F)
    __rt_lib_shutdown_return                 0x0800024f   Thumb Code     0  libshutdown2.o(.ARM.Collect$$libshutdown$$00000010)
    __rt_lib_shutdown_signal_1               0x0800024f   Thumb Code     0  libshutdown2.o(.ARM.Collect$$libshutdown$$0000000A)
    __rt_lib_shutdown_stdio_1                0x0800024f   Thumb Code     0  libshutdown2.o(.ARM.Collect$$libshutdown$$00000004)
    __rt_lib_shutdown_user_alloc_1           0x0800024f   Thumb Code     0  libshutdown2.o(.ARM.Collect$$libshutdown$$0000000C)
    __rt_entry                               0x08000251   Thumb Code     0  __rtentry.o(.ARM.Collect$$rtentry$$00000000)
    __rt_entry_presh_1                       0x08000251   Thumb Code     0  __rtentry2.o(.ARM.Collect$$rtentry$$00000002)
    __rt_entry_sh                            0x08000251   Thumb Code     0  __rtentry4.o(.ARM.Collect$$rtentry$$00000004)
    __rt_entry_li                            0x08000257   Thumb Code     0  __rtentry2.o(.ARM.Collect$$rtentry$$0000000A)
    __rt_entry_postsh_1                      0x08000257   Thumb Code     0  __rtentry2.o(.ARM.Collect$$rtentry$$00000009)
    __rt_entry_main                          0x0800025b   Thumb Code     0  __rtentry2.o(.ARM.Collect$$rtentry$$0000000D)
    __rt_entry_postli_1                      0x0800025b   Thumb Code     0  __rtentry2.o(.ARM.Collect$$rtentry$$0000000C)
    __rt_exit                                0x08000263   Thumb Code     0  rtexit.o(.ARM.Collect$$rtexit$$00000000)
    __rt_exit_ls                             0x08000265   Thumb Code     0  rtexit2.o(.ARM.Collect$$rtexit$$00000003)
    __rt_exit_prels_1                        0x08000265   Thumb Code     0  rtexit2.o(.ARM.Collect$$rtexit$$00000002)
    __rt_exit_exit                           0x08000269   Thumb Code     0  rtexit2.o(.ARM.Collect$$rtexit$$00000004)
    SVC_Handler                              0x08000271   Thumb Code    28  port.o(.emb_text)
    __asm___6_port_c_39a90d8d__prvStartFirstTask 0x08000291   Thumb Code    28  port.o(.emb_text)
    __asm___6_port_c_39a90d8d__prvEnableVFP  0x080002b1   Thumb Code    16  port.o(.emb_text)
    PendSV_Handler                           0x080002c5   Thumb Code    92  port.o(.emb_text)
    vPortGetIPSR                             0x08000325   Thumb Code     6  port.o(.emb_text)
    Reset_Handler                            0x0800032d   Thumb Code     8  startup_stm32f407xx.o(.text)
    _maybe_terminate_alloc                   0x0800032d   Thumb Code     0  maybetermalloc1.o(.emb_text)
    ADC_IRQHandler                           0x08000347   Thumb Code     0  startup_stm32f407xx.o(.text)
    CAN1_RX0_IRQHandler                      0x08000347   Thumb Code     0  startup_stm32f407xx.o(.text)
    CAN1_RX1_IRQHandler                      0x08000347   Thumb Code     0  startup_stm32f407xx.o(.text)
    CAN1_SCE_IRQHandler                      0x08000347   Thumb Code     0  startup_stm32f407xx.o(.text)
    CAN1_TX_IRQHandler                       0x08000347   Thumb Code     0  startup_stm32f407xx.o(.text)
    CAN2_RX0_IRQHandler                      0x08000347   Thumb Code     0  startup_stm32f407xx.o(.text)
    CAN2_RX1_IRQHandler                      0x08000347   Thumb Code     0  startup_stm32f407xx.o(.text)
    CAN2_SCE_IRQHandler                      0x08000347   Thumb Code     0  startup_stm32f407xx.o(.text)
    CAN2_TX_IRQHandler                       0x08000347   Thumb Code     0  startup_stm32f407xx.o(.text)
    DCMI_IRQHandler                          0x08000347   Thumb Code     0  startup_stm32f407xx.o(.text)
    DMA1_Stream0_IRQHandler                  0x08000347   Thumb Code     0  startup_stm32f407xx.o(.text)
    DMA1_Stream1_IRQHandler                  0x08000347   Thumb Code     0  startup_stm32f407xx.o(.text)
    DMA1_Stream2_IRQHandler                  0x08000347   Thumb Code     0  startup_stm32f407xx.o(.text)
    DMA1_Stream3_IRQHandler                  0x08000347   Thumb Code     0  startup_stm32f407xx.o(.text)
    DMA1_Stream4_IRQHandler                  0x08000347   Thumb Code     0  startup_stm32f407xx.o(.text)
    DMA1_Stream5_IRQHandler                  0x08000347   Thumb Code     0  startup_stm32f407xx.o(.text)
    DMA1_Stream6_IRQHandler                  0x08000347   Thumb Code     0  startup_stm32f407xx.o(.text)
    DMA1_Stream7_IRQHandler                  0x08000347   Thumb Code     0  startup_stm32f407xx.o(.text)
    DMA2_Stream0_IRQHandler                  0x08000347   Thumb Code     0  startup_stm32f407xx.o(.text)
    DMA2_Stream1_IRQHandler                  0x08000347   Thumb Code     0  startup_stm32f407xx.o(.text)
    DMA2_Stream2_IRQHandler                  0x08000347   Thumb Code     0  startup_stm32f407xx.o(.text)
    DMA2_Stream3_IRQHandler                  0x08000347   Thumb Code     0  startup_stm32f407xx.o(.text)
    DMA2_Stream4_IRQHandler                  0x08000347   Thumb Code     0  startup_stm32f407xx.o(.text)
    DMA2_Stream5_IRQHandler                  0x08000347   Thumb Code     0  startup_stm32f407xx.o(.text)
    DMA2_Stream6_IRQHandler                  0x08000347   Thumb Code     0  startup_stm32f407xx.o(.text)
    DMA2_Stream7_IRQHandler                  0x08000347   Thumb Code     0  startup_stm32f407xx.o(.text)
    ETH_IRQHandler                           0x08000347   Thumb Code     0  startup_stm32f407xx.o(.text)
    ETH_WKUP_IRQHandler                      0x08000347   Thumb Code     0  startup_stm32f407xx.o(.text)
    EXTI0_IRQHandler                         0x08000347   Thumb Code     0  startup_stm32f407xx.o(.text)
    EXTI15_10_IRQHandler                     0x08000347   Thumb Code     0  startup_stm32f407xx.o(.text)
    EXTI1_IRQHandler                         0x08000347   Thumb Code     0  startup_stm32f407xx.o(.text)
    EXTI2_IRQHandler                         0x08000347   Thumb Code     0  startup_stm32f407xx.o(.text)
    EXTI3_IRQHandler                         0x08000347   Thumb Code     0  startup_stm32f407xx.o(.text)
    EXTI4_IRQHandler                         0x08000347   Thumb Code     0  startup_stm32f407xx.o(.text)
    EXTI9_5_IRQHandler                       0x08000347   Thumb Code     0  startup_stm32f407xx.o(.text)
    FLASH_IRQHandler                         0x08000347   Thumb Code     0  startup_stm32f407xx.o(.text)
    FMC_IRQHandler                           0x08000347   Thumb Code     0  startup_stm32f407xx.o(.text)
    FPU_IRQHandler                           0x08000347   Thumb Code     0  startup_stm32f407xx.o(.text)
    HASH_RNG_IRQHandler                      0x08000347   Thumb Code     0  startup_stm32f407xx.o(.text)
    I2C1_ER_IRQHandler                       0x08000347   Thumb Code     0  startup_stm32f407xx.o(.text)
    I2C1_EV_IRQHandler                       0x08000347   Thumb Code     0  startup_stm32f407xx.o(.text)
    I2C2_ER_IRQHandler                       0x08000347   Thumb Code     0  startup_stm32f407xx.o(.text)
    I2C2_EV_IRQHandler                       0x08000347   Thumb Code     0  startup_stm32f407xx.o(.text)
    I2C3_ER_IRQHandler                       0x08000347   Thumb Code     0  startup_stm32f407xx.o(.text)
    I2C3_EV_IRQHandler                       0x08000347   Thumb Code     0  startup_stm32f407xx.o(.text)
    OTG_FS_WKUP_IRQHandler                   0x08000347   Thumb Code     0  startup_stm32f407xx.o(.text)
    OTG_HS_EP1_IN_IRQHandler                 0x08000347   Thumb Code     0  startup_stm32f407xx.o(.text)
    OTG_HS_EP1_OUT_IRQHandler                0x08000347   Thumb Code     0  startup_stm32f407xx.o(.text)
    OTG_HS_IRQHandler                        0x08000347   Thumb Code     0  startup_stm32f407xx.o(.text)
    OTG_HS_WKUP_IRQHandler                   0x08000347   Thumb Code     0  startup_stm32f407xx.o(.text)
    PVD_IRQHandler                           0x08000347   Thumb Code     0  startup_stm32f407xx.o(.text)
    RCC_IRQHandler                           0x08000347   Thumb Code     0  startup_stm32f407xx.o(.text)
    RTC_Alarm_IRQHandler                     0x08000347   Thumb Code     0  startup_stm32f407xx.o(.text)
    RTC_WKUP_IRQHandler                      0x08000347   Thumb Code     0  startup_stm32f407xx.o(.text)
    SDIO_IRQHandler                          0x08000347   Thumb Code     0  startup_stm32f407xx.o(.text)
    SPI1_IRQHandler                          0x08000347   Thumb Code     0  startup_stm32f407xx.o(.text)
    SPI2_IRQHandler                          0x08000347   Thumb Code     0  startup_stm32f407xx.o(.text)
    SPI3_IRQHandler                          0x08000347   Thumb Code     0  startup_stm32f407xx.o(.text)
    TAMP_STAMP_IRQHandler                    0x08000347   Thumb Code     0  startup_stm32f407xx.o(.text)
    TIM1_BRK_TIM9_IRQHandler                 0x08000347   Thumb Code     0  startup_stm32f407xx.o(.text)
    TIM1_CC_IRQHandler                       0x08000347   Thumb Code     0  startup_stm32f407xx.o(.text)
    TIM1_TRG_COM_TIM11_IRQHandler            0x08000347   Thumb Code     0  startup_stm32f407xx.o(.text)
    TIM4_IRQHandler                          0x08000347   Thumb Code     0  startup_stm32f407xx.o(.text)
    TIM5_IRQHandler                          0x08000347   Thumb Code     0  startup_stm32f407xx.o(.text)
    TIM6_DAC_IRQHandler                      0x08000347   Thumb Code     0  startup_stm32f407xx.o(.text)
    TIM7_IRQHandler                          0x08000347   Thumb Code     0  startup_stm32f407xx.o(.text)
    TIM8_BRK_TIM12_IRQHandler                0x08000347   Thumb Code     0  startup_stm32f407xx.o(.text)
    TIM8_CC_IRQHandler                       0x08000347   Thumb Code     0  startup_stm32f407xx.o(.text)
    TIM8_TRG_COM_TIM14_IRQHandler            0x08000347   Thumb Code     0  startup_stm32f407xx.o(.text)
    UART4_IRQHandler                         0x08000347   Thumb Code     0  startup_stm32f407xx.o(.text)
    UART5_IRQHandler                         0x08000347   Thumb Code     0  startup_stm32f407xx.o(.text)
    USART1_IRQHandler                        0x08000347   Thumb Code     0  startup_stm32f407xx.o(.text)
    USART2_IRQHandler                        0x08000347   Thumb Code     0  startup_stm32f407xx.o(.text)
    USART3_IRQHandler                        0x08000347   Thumb Code     0  startup_stm32f407xx.o(.text)
    USART6_IRQHandler                        0x08000347   Thumb Code     0  startup_stm32f407xx.o(.text)
    WWDG_IRQHandler                          0x08000347   Thumb Code     0  startup_stm32f407xx.o(.text)
    __user_initial_stackheap                 0x08000349   Thumb Code     0  startup_stm32f407xx.o(.text)
    malloc                                   0x0800036d   Thumb Code    94  h1_alloc.o(.text)
    free                                     0x080003cb   Thumb Code    78  h1_free.o(.text)
    __aeabi_memcpy                           0x08000419   Thumb Code     0  rt_memcpy_v6.o(.text)
    __rt_memcpy                              0x08000419   Thumb Code   138  rt_memcpy_v6.o(.text)
    _memcpy_lastbytes                        0x0800047f   Thumb Code     0  rt_memcpy_v6.o(.text)
    __aeabi_memcpy4                          0x080004a3   Thumb Code     0  rt_memcpy_w.o(.text)
    __aeabi_memcpy8                          0x080004a3   Thumb Code     0  rt_memcpy_w.o(.text)
    __rt_memcpy_w                            0x080004a3   Thumb Code   100  rt_memcpy_w.o(.text)
    _memcpy_lastbytes_aligned                0x080004eb   Thumb Code     0  rt_memcpy_w.o(.text)
    __aeabi_memset                           0x08000507   Thumb Code    16  aeabi_memset.o(.text)
    __use_two_region_memory                  0x08000517   Thumb Code     2  heapauxi.o(.text)
    __rt_heap_escrow                         0x08000519   Thumb Code     2  heapauxi.o(.text)
    __rt_heap_expand                         0x0800051b   Thumb Code     2  heapauxi.o(.text)
    __rt_heap_descriptor                     0x0800051d   Thumb Code     8  rt_heap_descriptor_intlibspace.o(.text)
    __use_no_heap                            0x08000525   Thumb Code     2  hguard.o(.text)
    __heap$guard                             0x08000527   Thumb Code     2  hguard.o(.text)
    _terminate_user_alloc                    0x08000529   Thumb Code     2  init_alloc.o(.text)
    _init_user_alloc                         0x0800052b   Thumb Code     2  init_alloc.o(.text)
    __Heap_Full                              0x0800052d   Thumb Code    34  init_alloc.o(.text)
    __Heap_Broken                            0x0800054f   Thumb Code     6  init_alloc.o(.text)
    _init_alloc                              0x08000555   Thumb Code    94  init_alloc.o(.text)
    __Heap_Initialize                        0x080005b3   Thumb Code    10  h1_init.o(.text)
    __Heap_DescSize                          0x080005bd   Thumb Code     4  h1_init.o(.text)
    __aeabi_memclr                           0x080005c1   Thumb Code     0  rt_memclr.o(.text)
    __rt_memclr                              0x080005c1   Thumb Code    68  rt_memclr.o(.text)
    _memset                                  0x080005c5   Thumb Code     0  rt_memclr.o(.text)
    __user_libspace                          0x08000605   Thumb Code     8  libspace.o(.text)
    __user_perproc_libspace                  0x08000605   Thumb Code     0  libspace.o(.text)
    __user_perthread_libspace                0x08000605   Thumb Code     0  libspace.o(.text)
    __Heap_ProvideMemory                     0x0800060d   Thumb Code    52  h1_extend.o(.text)
    __rt_SIGRTMEM                            0x08000641   Thumb Code    14  defsig_rtmem_outer.o(.text)
    __aeabi_memclr4                          0x0800064f   Thumb Code     0  rt_memclr_w.o(.text)
    __aeabi_memclr8                          0x0800064f   Thumb Code     0  rt_memclr_w.o(.text)
    __rt_memclr_w                            0x0800064f   Thumb Code    78  rt_memclr_w.o(.text)
    _memset_w                                0x08000653   Thumb Code     0  rt_memclr_w.o(.text)
    __I$use$semihosting                      0x0800069d   Thumb Code     0  use_no_semi.o(.text)
    __use_no_semihosting_swi                 0x0800069d   Thumb Code     2  use_no_semi.o(.text)
    __semihosting_library_function           0x0800069f   Thumb Code     0  indicate_semi.o(.text)
    __user_setup_stackheap                   0x0800069f   Thumb Code    74  sys_stackheap_outer.o(.text)
    exit                                     0x080006e9   Thumb Code    18  exit.o(.text)
    __sig_exit                               0x080006fb   Thumb Code    10  defsig_exit.o(.text)
    __rt_SIGRTMEM_inner                      0x08000705   Thumb Code    22  defsig_rtmem_inner.o(.text)
    _sys_exit                                0x08000755   Thumb Code     8  sys_exit.o(.text)
    __default_signal_display                 0x08000761   Thumb Code    50  defsig_general.o(.text)
    _ttywrch                                 0x08000793   Thumb Code    14  sys_wrch.o(.text)
    BusFault_Handler                         0x080007a1   Thumb Code     2  stm32f4xx_it.o(i.BusFault_Handler)
    CDC_Transmit_FS                          0x08000801   Thumb Code    38  usbd_cdc_if.o(i.CDC_Transmit_FS)
    DebugMon_Handler                         0x0800082d   Thumb Code     2  stm32f4xx_it.o(i.DebugMon_Handler)
    Error_Handler                            0x0800082f   Thumb Code     2  main.o(i.Error_Handler)
    HAL_Delay                                0x08000831   Thumb Code    22  stm32f4xx_hal.o(i.HAL_Delay)
    HAL_GPIO_Init                            0x08000849   Thumb Code   388  stm32f4xx_hal_gpio.o(i.HAL_GPIO_Init)
    HAL_GPIO_TogglePin                       0x080009f9   Thumb Code     8  stm32f4xx_hal_gpio.o(i.HAL_GPIO_TogglePin)
    HAL_GPIO_WritePin                        0x08000a01   Thumb Code    10  stm32f4xx_hal_gpio.o(i.HAL_GPIO_WritePin)
    HAL_GetTick                              0x08000a0d   Thumb Code     6  stm32f4xx_hal.o(i.HAL_GetTick)
    HAL_IncTick                              0x08000a19   Thumb Code    10  stm32f4xx_hal.o(i.HAL_IncTick)
    HAL_Init                                 0x08000a29   Thumb Code    48  stm32f4xx_hal.o(i.HAL_Init)
    HAL_InitTick                             0x08000a5d   Thumb Code   102  stm32f4xx_hal_timebase_tim.o(i.HAL_InitTick)
    HAL_MspInit                              0x08000ad1   Thumb Code    88  stm32f4xx_hal_msp.o(i.HAL_MspInit)
    HAL_NVIC_EnableIRQ                       0x08000b29   Thumb Code    22  stm32f4xx_hal_cortex.o(i.HAL_NVIC_EnableIRQ)
    HAL_NVIC_SetPriority                     0x08000b41   Thumb Code    60  stm32f4xx_hal_cortex.o(i.HAL_NVIC_SetPriority)
    HAL_NVIC_SetPriorityGrouping             0x08000b81   Thumb Code    26  stm32f4xx_hal_cortex.o(i.HAL_NVIC_SetPriorityGrouping)
    HAL_PCDEx_SetRxFiFo                      0x08000ba5   Thumb Code     8  stm32f4xx_hal_pcd_ex.o(i.HAL_PCDEx_SetRxFiFo)
    HAL_PCDEx_SetTxFiFo                      0x08000bad   Thumb Code    68  stm32f4xx_hal_pcd_ex.o(i.HAL_PCDEx_SetTxFiFo)
    HAL_PCD_ConnectCallback                  0x08000bf1   Thumb Code     8  usbd_conf.o(i.HAL_PCD_ConnectCallback)
    HAL_PCD_DataInStageCallback              0x08000bf9   Thumb Code    18  usbd_conf.o(i.HAL_PCD_DataInStageCallback)
    HAL_PCD_DataOutStageCallback             0x08000c0b   Thumb Code    20  usbd_conf.o(i.HAL_PCD_DataOutStageCallback)
    HAL_PCD_DisconnectCallback               0x08000c1f   Thumb Code     8  usbd_conf.o(i.HAL_PCD_DisconnectCallback)
    HAL_PCD_EP_Close                         0x08000c27   Thumb Code    68  stm32f4xx_hal_pcd.o(i.HAL_PCD_EP_Close)
    HAL_PCD_EP_ClrStall                      0x08000c6b   Thumb Code    80  stm32f4xx_hal_pcd.o(i.HAL_PCD_EP_ClrStall)
    HAL_PCD_EP_GetRxCount                    0x08000cbb   Thumb Code    20  stm32f4xx_hal_pcd.o(i.HAL_PCD_EP_GetRxCount)
    HAL_PCD_EP_Open                          0x08000ccf   Thumb Code    84  stm32f4xx_hal_pcd.o(i.HAL_PCD_EP_Open)
    HAL_PCD_EP_Receive                       0x08000d25   Thumb Code    94  stm32f4xx_hal_pcd.o(i.HAL_PCD_EP_Receive)
    HAL_PCD_EP_SetStall                      0x08000d83   Thumb Code    96  stm32f4xx_hal_pcd.o(i.HAL_PCD_EP_SetStall)
    HAL_PCD_EP_Transmit                      0x08000de3   Thumb Code    86  stm32f4xx_hal_pcd.o(i.HAL_PCD_EP_Transmit)
    HAL_PCD_IRQHandler                       0x08000e39   Thumb Code  1022  stm32f4xx_hal_pcd.o(i.HAL_PCD_IRQHandler)
    HAL_PCD_ISOINIncompleteCallback          0x08001237   Thumb Code     8  usbd_conf.o(i.HAL_PCD_ISOINIncompleteCallback)
    HAL_PCD_ISOOUTIncompleteCallback         0x0800123f   Thumb Code     8  usbd_conf.o(i.HAL_PCD_ISOOUTIncompleteCallback)
    HAL_PCD_Init                             0x08001249   Thumb Code   190  stm32f4xx_hal_pcd.o(i.HAL_PCD_Init)
    HAL_PCD_MspInit                          0x08001309   Thumb Code    92  usbd_conf.o(i.HAL_PCD_MspInit)
    HAL_PCD_ResetCallback                    0x0800136d   Thumb Code    32  usbd_conf.o(i.HAL_PCD_ResetCallback)
    HAL_PCD_ResumeCallback                   0x0800138d   Thumb Code     8  usbd_conf.o(i.HAL_PCD_ResumeCallback)
    HAL_PCD_SOFCallback                      0x08001395   Thumb Code     8  usbd_conf.o(i.HAL_PCD_SOFCallback)
    HAL_PCD_SetAddress                       0x0800139d   Thumb Code    36  stm32f4xx_hal_pcd.o(i.HAL_PCD_SetAddress)
    HAL_PCD_SetupStageCallback               0x080013c1   Thumb Code    14  usbd_conf.o(i.HAL_PCD_SetupStageCallback)
    HAL_PCD_Start                            0x080013cf   Thumb Code    42  stm32f4xx_hal_pcd.o(i.HAL_PCD_Start)
    HAL_PCD_SuspendCallback                  0x080013f9   Thumb Code    44  usbd_conf.o(i.HAL_PCD_SuspendCallback)
    HAL_RCC_ClockConfig                      0x08001429   Thumb Code   364  stm32f4xx_hal_rcc.o(i.HAL_RCC_ClockConfig)
    HAL_RCC_GetClockConfig                   0x080015a5   Thumb Code    54  stm32f4xx_hal_rcc.o(i.HAL_RCC_GetClockConfig)
    HAL_RCC_GetHCLKFreq                      0x080015e5   Thumb Code     6  stm32f4xx_hal_rcc.o(i.HAL_RCC_GetHCLKFreq)
    HAL_RCC_GetPCLK1Freq                     0x080015f1   Thumb Code    34  stm32f4xx_hal_rcc.o(i.HAL_RCC_GetPCLK1Freq)
    HAL_RCC_GetSysClockFreq                  0x08001621   Thumb Code   104  stm32f4xx_hal_rcc.o(i.HAL_RCC_GetSysClockFreq)
    HAL_RCC_OscConfig                        0x08001691   Thumb Code   770  stm32f4xx_hal_rcc.o(i.HAL_RCC_OscConfig)
    HAL_SYSTICK_CLKSourceConfig              0x080019a5   Thumb Code    24  stm32f4xx_hal_cortex.o(i.HAL_SYSTICK_CLKSourceConfig)
    HAL_SYSTICK_Config                       0x080019bd   Thumb Code    40  stm32f4xx_hal_cortex.o(i.HAL_SYSTICK_Config)
    HAL_TIMEx_BreakCallback                  0x080019e5   Thumb Code     2  stm32f4xx_hal_tim_ex.o(i.HAL_TIMEx_BreakCallback)
    HAL_TIMEx_CommutationCallback            0x080019e7   Thumb Code     2  stm32f4xx_hal_tim_ex.o(i.HAL_TIMEx_CommutationCallback)
    HAL_TIMEx_ConfigBreakDeadTime            0x080019e9   Thumb Code    66  stm32f4xx_hal_tim_ex.o(i.HAL_TIMEx_ConfigBreakDeadTime)
    HAL_TIMEx_MasterConfigSynchronization    0x08001a2b   Thumb Code    80  stm32f4xx_hal_tim_ex.o(i.HAL_TIMEx_MasterConfigSynchronization)
    HAL_TIM_Base_Init                        0x08001a7b   Thumb Code    54  stm32f4xx_hal_tim.o(i.HAL_TIM_Base_Init)
    HAL_TIM_Base_MspInit                     0x08001ab1   Thumb Code    50  tim.o(i.HAL_TIM_Base_MspInit)
    HAL_TIM_Base_Start_IT                    0x08001aed   Thumb Code    24  stm32f4xx_hal_tim.o(i.HAL_TIM_Base_Start_IT)
    HAL_TIM_ConfigClockSource                0x08001b05   Thumb Code   242  stm32f4xx_hal_tim.o(i.HAL_TIM_ConfigClockSource)
    HAL_TIM_IC_CaptureCallback               0x08001bf7   Thumb Code     2  stm32f4xx_hal_tim.o(i.HAL_TIM_IC_CaptureCallback)
    HAL_TIM_IRQHandler                       0x08001bf9   Thumb Code   358  stm32f4xx_hal_tim.o(i.HAL_TIM_IRQHandler)
    HAL_TIM_MspPostInit                      0x08001d61   Thumb Code    68  tim.o(i.HAL_TIM_MspPostInit)
    HAL_TIM_OC_DelayElapsedCallback          0x08001db5   Thumb Code     2  stm32f4xx_hal_tim.o(i.HAL_TIM_OC_DelayElapsedCallback)
    HAL_TIM_PWM_ConfigChannel                0x08001db7   Thumb Code   208  stm32f4xx_hal_tim.o(i.HAL_TIM_PWM_ConfigChannel)
    HAL_TIM_PWM_Init                         0x08001e87   Thumb Code    54  stm32f4xx_hal_tim.o(i.HAL_TIM_PWM_Init)
    HAL_TIM_PWM_MspInit                      0x08001ebd   Thumb Code    86  tim.o(i.HAL_TIM_PWM_MspInit)
    HAL_TIM_PWM_PulseFinishedCallback        0x08001f21   Thumb Code     2  stm32f4xx_hal_tim.o(i.HAL_TIM_PWM_PulseFinishedCallback)
    HAL_TIM_PWM_Start                        0x08001f25   Thumb Code    48  stm32f4xx_hal_tim.o(i.HAL_TIM_PWM_Start)
    HAL_TIM_PWM_Stop                         0x08001f5d   Thumb Code    84  stm32f4xx_hal_tim.o(i.HAL_TIM_PWM_Stop)
    HAL_TIM_PeriodElapsedCallback            0x08001fb9   Thumb Code    74  main.o(i.HAL_TIM_PeriodElapsedCallback)
    HAL_TIM_TriggerCallback                  0x08002025   Thumb Code     2  stm32f4xx_hal_tim.o(i.HAL_TIM_TriggerCallback)
    HardFault_Handler                        0x08002027   Thumb Code     2  stm32f4xx_it.o(i.HardFault_Handler)
    MX_FREERTOS_Init                         0x08002029   Thumb Code    44  freertos.o(i.MX_FREERTOS_Init)
    MX_GPIO_Init                             0x0800205d   Thumb Code   176  gpio.o(i.MX_GPIO_Init)
    MX_TIM1_Init                             0x08002119   Thumb Code   130  tim.o(i.MX_TIM1_Init)
    MX_TIM3_Init                             0x080021a5   Thumb Code    80  tim.o(i.MX_TIM3_Init)
    MX_TIM8_Init                             0x080021fd   Thumb Code   130  tim.o(i.MX_TIM8_Init)
    MX_USB_DEVICE_Init                       0x08002289   Thumb Code    38  usb_device.o(i.MX_USB_DEVICE_Init)
    MemManage_Handler                        0x080022c1   Thumb Code     2  stm32f4xx_it.o(i.MemManage_Handler)
    NMI_Handler                              0x080022c3   Thumb Code     2  stm32f4xx_it.o(i.NMI_Handler)
    OTG_FS_IRQHandler                        0x080022e5   Thumb Code     6  stm32f4xx_it.o(i.OTG_FS_IRQHandler)
    StartDefaultTask                         0x08002379   Thumb Code    56  freertos.o(i.StartDefaultTask)
    SysTick_Handler                          0x080023c1   Thumb Code     4  stm32f4xx_it.o(i.SysTick_Handler)
    SystemClock_Config                       0x080023c5   Thumb Code   150  main.o(i.SystemClock_Config)
    SystemInit                               0x08002465   Thumb Code    66  system_stm32f4xx.o(i.SystemInit)
    TIM1_UP_TIM10_IRQHandler                 0x080024b9   Thumb Code     6  stm32f4xx_it.o(i.TIM1_UP_TIM10_IRQHandler)
    TIM2_IRQHandler                          0x080024c5   Thumb Code     6  stm32f4xx_it.o(i.TIM2_IRQHandler)
    TIM3_IRQHandler                          0x080024d1   Thumb Code     6  stm32f4xx_it.o(i.TIM3_IRQHandler)
    TIM8_UP_TIM13_IRQHandler                 0x080024dd   Thumb Code     6  stm32f4xx_it.o(i.TIM8_UP_TIM13_IRQHandler)
    TIM_Base_SetConfig                       0x080024e9   Thumb Code   148  stm32f4xx_hal_tim.o(i.TIM_Base_SetConfig)
    TIM_CCxChannelCmd                        0x080025a9   Thumb Code    22  stm32f4xx_hal_tim.o(i.TIM_CCxChannelCmd)
    TIM_OC2_SetConfig                        0x0800263d   Thumb Code    90  stm32f4xx_hal_tim.o(i.TIM_OC2_SetConfig)
    USBD_CDC_GetDeviceQualifierDescriptor    0x08002839   Thumb Code     8  usbd_cdc.o(i.USBD_CDC_GetDeviceQualifierDescriptor)
    USBD_CDC_ReceivePacket                   0x080028f1   Thumb Code    40  usbd_cdc.o(i.USBD_CDC_ReceivePacket)
    USBD_CDC_RegisterInterface               0x08002919   Thumb Code    16  usbd_cdc.o(i.USBD_CDC_RegisterInterface)
    USBD_CDC_SetRxBuffer                     0x08002929   Thumb Code    12  usbd_cdc.o(i.USBD_CDC_SetRxBuffer)
    USBD_CDC_SetTxBuffer                     0x08002935   Thumb Code    16  usbd_cdc.o(i.USBD_CDC_SetTxBuffer)
    USBD_CDC_TransmitPacket                  0x080029b5   Thumb Code    48  usbd_cdc.o(i.USBD_CDC_TransmitPacket)
    USBD_ClrClassConfig                      0x080029e5   Thumb Code    14  usbd_core.o(i.USBD_ClrClassConfig)
    USBD_CtlContinueRx                       0x080029f3   Thumb Code    16  usbd_ioreq.o(i.USBD_CtlContinueRx)
    USBD_CtlContinueSendData                 0x08002a03   Thumb Code    16  usbd_ioreq.o(i.USBD_CtlContinueSendData)
    USBD_CtlError                            0x08002a13   Thumb Code    22  usbd_ctlreq.o(i.USBD_CtlError)
    USBD_CtlPrepareRx                        0x08002a29   Thumb Code    30  usbd_ioreq.o(i.USBD_CtlPrepareRx)
    USBD_CtlReceiveStatus                    0x08002a47   Thumb Code    22  usbd_ioreq.o(i.USBD_CtlReceiveStatus)
    USBD_CtlSendData                         0x08002a5d   Thumb Code    26  usbd_ioreq.o(i.USBD_CtlSendData)
    USBD_CtlSendStatus                       0x08002a77   Thumb Code    22  usbd_ioreq.o(i.USBD_CtlSendStatus)
    USBD_FS_ConfigStrDescriptor              0x08002a8d   Thumb Code    16  usbd_desc.o(i.USBD_FS_ConfigStrDescriptor)
    USBD_FS_DeviceDescriptor                 0x08002aad   Thumb Code     8  usbd_desc.o(i.USBD_FS_DeviceDescriptor)
    USBD_FS_InterfaceStrDescriptor           0x08002ab9   Thumb Code    16  usbd_desc.o(i.USBD_FS_InterfaceStrDescriptor)
    USBD_FS_LangIDStrDescriptor              0x08002add   Thumb Code     8  usbd_desc.o(i.USBD_FS_LangIDStrDescriptor)
    USBD_FS_ManufacturerStrDescriptor        0x08002ae9   Thumb Code    16  usbd_desc.o(i.USBD_FS_ManufacturerStrDescriptor)
    USBD_FS_ProductStrDescriptor             0x08002b11   Thumb Code    16  usbd_desc.o(i.USBD_FS_ProductStrDescriptor)
    USBD_FS_SerialStrDescriptor              0x08002b3d   Thumb Code    16  usbd_desc.o(i.USBD_FS_SerialStrDescriptor)
    USBD_GetString                           0x08002c41   Thumb Code    70  usbd_ctlreq.o(i.USBD_GetString)
    USBD_Init                                0x08002c87   Thumb Code    42  usbd_core.o(i.USBD_Init)
    USBD_LL_ClearStallEP                     0x08002cb1   Thumb Code    32  usbd_conf.o(i.USBD_LL_ClearStallEP)
    USBD_LL_CloseEP                          0x08002cd1   Thumb Code    32  usbd_conf.o(i.USBD_LL_CloseEP)
    USBD_LL_DataInStage                      0x08002cf1   Thumb Code   170  usbd_core.o(i.USBD_LL_DataInStage)
    USBD_LL_DataOutStage                     0x08002d9b   Thumb Code   106  usbd_core.o(i.USBD_LL_DataOutStage)
    USBD_LL_DevConnected                     0x08002e05   Thumb Code     4  usbd_core.o(i.USBD_LL_DevConnected)
    USBD_LL_DevDisconnected                  0x08002e09   Thumb Code    22  usbd_core.o(i.USBD_LL_DevDisconnected)
    USBD_LL_GetRxDataSize                    0x08002e1f   Thumb Code     8  usbd_conf.o(i.USBD_LL_GetRxDataSize)
    USBD_LL_Init                             0x08002e29   Thumb Code    92  usbd_conf.o(i.USBD_LL_Init)
    USBD_LL_IsStallEP                        0x08002e89   Thumb Code    32  usbd_conf.o(i.USBD_LL_IsStallEP)
    USBD_LL_IsoINIncomplete                  0x08002ea9   Thumb Code     4  usbd_core.o(i.USBD_LL_IsoINIncomplete)
    USBD_LL_IsoOUTIncomplete                 0x08002ead   Thumb Code     4  usbd_core.o(i.USBD_LL_IsoOUTIncomplete)
    USBD_LL_OpenEP                           0x08002eb1   Thumb Code    38  usbd_conf.o(i.USBD_LL_OpenEP)
    USBD_LL_PrepareReceive                   0x08002ed7   Thumb Code    32  usbd_conf.o(i.USBD_LL_PrepareReceive)
    USBD_LL_Reset                            0x08002ef7   Thumb Code    62  usbd_core.o(i.USBD_LL_Reset)
    USBD_LL_Resume                           0x08002f35   Thumb Code    12  usbd_core.o(i.USBD_LL_Resume)
    USBD_LL_SOF                              0x08002f41   Thumb Code    24  usbd_core.o(i.USBD_LL_SOF)
    USBD_LL_SetSpeed                         0x08002f59   Thumb Code     6  usbd_core.o(i.USBD_LL_SetSpeed)
    USBD_LL_SetUSBAddress                    0x08002f5f   Thumb Code    32  usbd_conf.o(i.USBD_LL_SetUSBAddress)
    USBD_LL_SetupStage                       0x08002f7f   Thumb Code    90  usbd_core.o(i.USBD_LL_SetupStage)
    USBD_LL_StallEP                          0x08002fd9   Thumb Code    32  usbd_conf.o(i.USBD_LL_StallEP)
    USBD_LL_Start                            0x08002ff9   Thumb Code    32  usbd_conf.o(i.USBD_LL_Start)
    USBD_LL_Suspend                          0x08003019   Thumb Code    18  usbd_core.o(i.USBD_LL_Suspend)
    USBD_LL_Transmit                         0x0800302b   Thumb Code    32  usbd_conf.o(i.USBD_LL_Transmit)
    USBD_ParseSetupRequest                   0x0800304b   Thumb Code    40  usbd_ctlreq.o(i.USBD_ParseSetupRequest)
    USBD_RegisterClass                       0x08003073   Thumb Code    16  usbd_core.o(i.USBD_RegisterClass)
    USBD_SetClassConfig                      0x08003083   Thumb Code    22  usbd_core.o(i.USBD_SetClassConfig)
    USBD_Start                               0x0800310d   Thumb Code    10  usbd_core.o(i.USBD_Start)
    USBD_StdDevReq                           0x08003117   Thumb Code   242  usbd_ctlreq.o(i.USBD_StdDevReq)
    USBD_StdEPReq                            0x08003209   Thumb Code   220  usbd_ctlreq.o(i.USBD_StdEPReq)
    USBD_StdItfReq                           0x080032e5   Thumb Code    52  usbd_ctlreq.o(i.USBD_StdItfReq)
    USB_ActivateEndpoint                     0x08003319   Thumb Code   122  stm32f4xx_ll_usb.o(i.USB_ActivateEndpoint)
    USB_ActivateSetup                        0x08003399   Thumb Code    52  stm32f4xx_ll_usb.o(i.USB_ActivateSetup)
    USB_CoreInit                             0x080033cd   Thumb Code    96  stm32f4xx_ll_usb.o(i.USB_CoreInit)
    USB_DeactivateEndpoint                   0x08003469   Thumb Code   110  stm32f4xx_ll_usb.o(i.USB_DeactivateEndpoint)
    USB_DevConnect                           0x080034d7   Thumb Code    24  stm32f4xx_ll_usb.o(i.USB_DevConnect)
    USB_DevDisconnect                        0x080034ef   Thumb Code    24  stm32f4xx_ll_usb.o(i.USB_DevDisconnect)
    USB_DevInit                              0x08003509   Thumb Code   306  stm32f4xx_ll_usb.o(i.USB_DevInit)
    USB_DisableGlobalInt                     0x0800364d   Thumb Code    12  stm32f4xx_ll_usb.o(i.USB_DisableGlobalInt)
    USB_EP0StartXfer                         0x08003659   Thumb Code   316  stm32f4xx_ll_usb.o(i.USB_EP0StartXfer)
    USB_EP0_OutStart                         0x08003799   Thumb Code    62  stm32f4xx_ll_usb.o(i.USB_EP0_OutStart)
    USB_EPClearStall                         0x080037d7   Thumb Code   100  stm32f4xx_ll_usb.o(i.USB_EPClearStall)
    USB_EPSetStall                           0x0800383b   Thumb Code    94  stm32f4xx_ll_usb.o(i.USB_EPSetStall)
    USB_EPStartXfer                          0x08003899   Thumb Code   534  stm32f4xx_ll_usb.o(i.USB_EPStartXfer)
    USB_EnableGlobalInt                      0x08003ab5   Thumb Code    12  stm32f4xx_ll_usb.o(i.USB_EnableGlobalInt)
    USB_FlushRxFifo                          0x08003ac1   Thumb Code    28  stm32f4xx_ll_usb.o(i.USB_FlushRxFifo)
    USB_FlushTxFifo                          0x08003ae1   Thumb Code    32  stm32f4xx_ll_usb.o(i.USB_FlushTxFifo)
    USB_GetDevSpeed                          0x08003b05   Thumb Code    60  stm32f4xx_ll_usb.o(i.USB_GetDevSpeed)
    USB_GetMode                              0x08003b41   Thumb Code     8  stm32f4xx_ll_usb.o(i.USB_GetMode)
    USB_ReadDevAllInEpInterrupt              0x08003b49   Thumb Code    14  stm32f4xx_ll_usb.o(i.USB_ReadDevAllInEpInterrupt)
    USB_ReadDevAllOutEpInterrupt             0x08003b57   Thumb Code    14  stm32f4xx_ll_usb.o(i.USB_ReadDevAllOutEpInterrupt)
    USB_ReadDevInEPInterrupt                 0x08003b65   Thumb Code    30  stm32f4xx_ll_usb.o(i.USB_ReadDevInEPInterrupt)
    USB_ReadDevOutEPInterrupt                0x08003b83   Thumb Code    16  stm32f4xx_ll_usb.o(i.USB_ReadDevOutEPInterrupt)
    USB_ReadInterrupts                       0x08003b93   Thumb Code     8  stm32f4xx_ll_usb.o(i.USB_ReadInterrupts)
    USB_ReadPacket                           0x08003b9b   Thumb Code    32  stm32f4xx_ll_usb.o(i.USB_ReadPacket)
    USB_SetCurrentMode                       0x08003bbb   Thumb Code    44  stm32f4xx_ll_usb.o(i.USB_SetCurrentMode)
    USB_SetDevAddress                        0x08003be7   Thumb Code    34  stm32f4xx_ll_usb.o(i.USB_SetDevAddress)
    USB_WritePacket                          0x08003c09   Thumb Code    40  stm32f4xx_ll_usb.o(i.USB_WritePacket)
    UsageFault_Handler                       0x08003c31   Thumb Code     2  stm32f4xx_it.o(i.UsageFault_Handler)
    User_TIM1_SetPluse                       0x08003c35   Thumb Code    50  tim.o(i.User_TIM1_SetPluse)
    User_TIM8_SetPluse                       0x08003c71   Thumb Code    50  tim.o(i.User_TIM8_SetPluse)
    main                                     0x08003cb9   Thumb Code    34  main.o(i.main)
    osKernelStart                            0x08003ce7   Thumb Code    10  cmsis_os.o(i.osKernelStart)
    osSemaphoreCreate                        0x08003cf1   Thumb Code    38  cmsis_os.o(i.osSemaphoreCreate)
    osSemaphoreRelease                       0x08003d19   Thumb Code    74  cmsis_os.o(i.osSemaphoreRelease)
    osSemaphoreWait                          0x08003d69   Thumb Code   100  cmsis_os.o(i.osSemaphoreWait)
    osSystickHandler                         0x08003dd1   Thumb Code    20  cmsis_os.o(i.osSystickHandler)
    osThreadCreate                           0x08003de5   Thumb Code    56  cmsis_os.o(i.osThreadCreate)
    pvPortMalloc                             0x080040a5   Thumb Code   210  heap_4.o(i.pvPortMalloc)
    pvTaskIncrementMutexHeldCount            0x0800417d   Thumb Code    18  tasks.o(i.pvTaskIncrementMutexHeldCount)
    pxPortInitialiseStack                    0x08004195   Thumb Code    36  port.o(i.pxPortInitialiseStack)
    uxListRemove                             0x080041bd   Thumb Code    36  list.o(i.uxListRemove)
    vListInitialise                          0x080041e1   Thumb Code    22  list.o(i.vListInitialise)
    vListInitialiseItem                      0x080041f7   Thumb Code     6  list.o(i.vListInitialiseItem)
    vListInsert                              0x080041fd   Thumb Code    48  list.o(i.vListInsert)
    vListInsertEnd                           0x0800422d   Thumb Code    24  list.o(i.vListInsertEnd)
    vPortEnterCritical                       0x08004245   Thumb Code    54  port.o(i.vPortEnterCritical)
    vPortExitCritical                        0x08004285   Thumb Code    34  port.o(i.vPortExitCritical)
    vPortFree                                0x080042ad   Thumb Code    88  heap_4.o(i.vPortFree)
    vPortSetupTimerInterrupt                 0x08004309   Thumb Code    26  port.o(i.vPortSetupTimerInterrupt)
    vPortValidateInterruptPriority           0x08004329   Thumb Code    74  port.o(i.vPortValidateInterruptPriority)
    vTaskMissedYield                         0x0800437d   Thumb Code     8  tasks.o(i.vTaskMissedYield)
    vTaskPlaceOnEventList                    0x08004389   Thumb Code    90  tasks.o(i.vTaskPlaceOnEventList)
    vTaskPriorityInherit                     0x080043ed   Thumb Code   124  tasks.o(i.vTaskPriorityInherit)
    vTaskSetTimeOutState                     0x08004471   Thumb Code    30  tasks.o(i.vTaskSetTimeOutState)
    vTaskStartScheduler                      0x08004495   Thumb Code    86  tasks.o(i.vTaskStartScheduler)
    vTaskSuspendAll                          0x080044fd   Thumb Code    10  tasks.o(i.vTaskSuspendAll)
    vTaskSwitchContext                       0x0800450d   Thumb Code    82  tasks.o(i.vTaskSwitchContext)
    xPortStartScheduler                      0x08004569   Thumb Code   202  port.o(i.xPortStartScheduler)
    xPortSysTickHandler                      0x08004649   Thumb Code    38  port.o(i.xPortSysTickHandler)
    xQueueGenericCreate                      0x08004675   Thumb Code   100  queue.o(i.xQueueGenericCreate)
    xQueueGenericReceive                     0x080046d9   Thumb Code   358  queue.o(i.xQueueGenericReceive)
    xQueueGenericReset                       0x08004845   Thumb Code   126  queue.o(i.xQueueGenericReset)
    xQueueGenericSend                        0x080048c9   Thumb Code   348  queue.o(i.xQueueGenericSend)
    xQueueGiveFromISR                        0x08004a29   Thumb Code   156  queue.o(i.xQueueGiveFromISR)
    xQueueReceiveFromISR                     0x08004ac5   Thumb Code   142  queue.o(i.xQueueReceiveFromISR)
    xTaskCheckForTimeOut                     0x08004b55   Thumb Code   102  tasks.o(i.xTaskCheckForTimeOut)
    xTaskGenericCreate                       0x08004bc1   Thumb Code   430  tasks.o(i.xTaskGenericCreate)
    xTaskGetSchedulerState                   0x08004d7d   Thumb Code    22  tasks.o(i.xTaskGetSchedulerState)
    xTaskIncrementTick                       0x08004d99   Thumb Code   194  tasks.o(i.xTaskIncrementTick)
    xTaskPriorityDisinherit                  0x08004e65   Thumb Code   144  tasks.o(i.xTaskPriorityDisinherit)
    xTaskRemoveFromEventList                 0x08004efd   Thumb Code   108  tasks.o(i.xTaskRemoveFromEventList)
    xTaskResumeAll                           0x08004f71   Thumb Code   182  tasks.o(i.xTaskResumeAll)
    _fp_init                                 0x08005035   Thumb Code    10  fpinit.o(x$fpl$fpinit)
    __fplib_config_fpu_vfp                   0x0800503d   Thumb Code     0  fpinit.o(x$fpl$fpinit)
    __fplib_config_pureend_doubles           0x0800503d   Thumb Code     0  fpinit.o(x$fpl$fpinit)
    APBAHBPrescTable                         0x0800503e   Data          16  stm32f4xx_hal_rcc.o(.constdata)
    Region$$Table$$Base                      0x08005070   Number         0  anon$$obj.o(Region$$Table)
    Region$$Table$$Limit                     0x08005090   Number         0  anon$$obj.o(Region$$Table)
    USBD_CDC_CfgHSDesc                       0x20000010   Data          67  usbd_cdc.o(.data)
    USBD_CDC_CfgFSDesc                       0x20000054   Data          67  usbd_cdc.o(.data)
    USBD_CDC_OtherSpeedCfgDesc               0x20000098   Data          67  usbd_cdc.o(.data)
    USBD_CDC                                 0x200000dc   Data          56  usbd_cdc.o(.data)
    uwTick                                   0x20000118   Data           4  stm32f4xx_hal.o(.data)
    pxCurrentTCB                             0x20000140   Data           4  tasks.o(.data)
    SystemCoreClock                          0x20000178   Data           4  system_stm32f4xx.o(.data)
    UserTxData                               0x2000017c   Data           9  usbd_cdc_if.o(.data)
    USBD_Interface_fops_FS                   0x20000188   Data          16  usbd_cdc_if.o(.data)
    UserRxBufferFS                           0x20000198   Data           4  usbd_cdc_if.o(.data)
    UserTxBufferFS                           0x2000019c   Data           4  usbd_cdc_if.o(.data)
    FS_Desc                                  0x200001a0   Data          28  usbd_desc.o(.data)
    USBD_LangIDDesc                          0x200001bc   Data           4  usbd_desc.o(.data)
    USBD_FS_DeviceDesc                       0x200001c0   Data          18  usbd_desc.o(.data)
    period                                   0x200001d4   Data           1  freertos.o(.data)
    defaultTaskHandle                        0x200001d8   Data           4  freertos.o(.data)
    myBinarySemPeriodHandle                  0x200001dc   Data           4  freertos.o(.data)
    TIM1_Count                               0x200001e0   Data           4  tim.o(.data)
    TIM8_Count                               0x200001e4   Data           4  tim.o(.data)
    UserRxData                               0x20003ed8   Data           9  usbd_cdc_if.o(.bss)
    hpcd_USB_OTG_FS                          0x20003ee4   Data        1008  usbd_conf.o(.bss)
    USBD_StrDesc                             0x200042d4   Data         512  usbd_desc.o(.bss)
    htim2                                    0x200044d4   Data          60  stm32f4xx_hal_timebase_tim.o(.bss)
    hUsbDeviceFS                             0x20004510   Data         548  usb_device.o(.bss)
    htim1                                    0x20004734   Data          60  tim.o(.bss)
    htim3                                    0x20004770   Data          60  tim.o(.bss)
    htim8                                    0x200047ac   Data          60  tim.o(.bss)
    __libspace_start                         0x200047e8   Data          96  libspace.o(.bss)
    __temporary_stack_top$libspace           0x20004848   Data           0  libspace.o(.bss)



==============================================================================

Memory Map of the image

  Image Entry point : 0x08000189

  Load Region LR_IROM1 (Base: 0x08000000, Size: 0x00005278, Max: 0x00100000, ABSOLUTE, COMPRESSED[0x0000515c])

    Execution Region ER_IROM1 (Base: 0x08000000, Size: 0x00005090, Max: 0x00100000, ABSOLUTE)

    Base Addr    Size         Type   Attr      Idx    E Section Name        Object

    0x08000000   0x00000188   Data   RO         4743    RESET               startup_stm32f407xx.o
    0x08000188   0x00000008   Code   RO         4820  * !!!main             c_w.l(__main.o)
    0x08000190   0x00000034   Code   RO         5027    !!!scatter          c_w.l(__scatter.o)
    0x080001c4   0x0000005a   Code   RO         5025    !!dczerorl2         c_w.l(__dczerorl2.o)
    0x0800021e   0x00000002   PAD
    0x08000220   0x0000001c   Code   RO         5029    !!handler_zi        c_w.l(__scatter_zi.o)
    0x0800023c   0x00000002   Code   RO         4964    .ARM.Collect$$libinit$$00000000  c_w.l(libinit.o)
    0x0800023e   0x00000004   Code   RO         4854    .ARM.Collect$$libinit$$00000001  c_w.l(libinit2.o)
    0x08000242   0x00000000   Code   RO         4857    .ARM.Collect$$libinit$$00000004  c_w.l(libinit2.o)
    0x08000242   0x00000008   Code   RO         4858    .ARM.Collect$$libinit$$00000005  c_w.l(libinit2.o)
    0x0800024a   0x00000000   Code   RO         4860    .ARM.Collect$$libinit$$0000000A  c_w.l(libinit2.o)
    0x0800024a   0x00000000   Code   RO         4862    .ARM.Collect$$libinit$$0000000C  c_w.l(libinit2.o)
    0x0800024a   0x00000000   Code   RO         4864    .ARM.Collect$$libinit$$0000000E  c_w.l(libinit2.o)
    0x0800024a   0x00000000   Code   RO         4867    .ARM.Collect$$libinit$$00000011  c_w.l(libinit2.o)
    0x0800024a   0x00000000   Code   RO         4869    .ARM.Collect$$libinit$$00000013  c_w.l(libinit2.o)
    0x0800024a   0x00000000   Code   RO         4871    .ARM.Collect$$libinit$$00000015  c_w.l(libinit2.o)
    0x0800024a   0x00000000   Code   RO         4873    .ARM.Collect$$libinit$$00000017  c_w.l(libinit2.o)
    0x0800024a   0x00000000   Code   RO         4875    .ARM.Collect$$libinit$$00000019  c_w.l(libinit2.o)
    0x0800024a   0x00000000   Code   RO         4877    .ARM.Collect$$libinit$$0000001B  c_w.l(libinit2.o)
    0x0800024a   0x00000000   Code   RO         4879    .ARM.Collect$$libinit$$0000001D  c_w.l(libinit2.o)
    0x0800024a   0x00000000   Code   RO         4881    .ARM.Collect$$libinit$$0000001F  c_w.l(libinit2.o)
    0x0800024a   0x00000000   Code   RO         4883    .ARM.Collect$$libinit$$00000021  c_w.l(libinit2.o)
    0x0800024a   0x00000000   Code   RO         4885    .ARM.Collect$$libinit$$00000023  c_w.l(libinit2.o)
    0x0800024a   0x00000000   Code   RO         4887    .ARM.Collect$$libinit$$00000025  c_w.l(libinit2.o)
    0x0800024a   0x00000000   Code   RO         4891    .ARM.Collect$$libinit$$0000002C  c_w.l(libinit2.o)
    0x0800024a   0x00000000   Code   RO         4893    .ARM.Collect$$libinit$$0000002E  c_w.l(libinit2.o)
    0x0800024a   0x00000000   Code   RO         4895    .ARM.Collect$$libinit$$00000030  c_w.l(libinit2.o)
    0x0800024a   0x00000000   Code   RO         4897    .ARM.Collect$$libinit$$00000032  c_w.l(libinit2.o)
    0x0800024a   0x00000002   Code   RO         4898    .ARM.Collect$$libinit$$00000033  c_w.l(libinit2.o)
    0x0800024c   0x00000002   Code   RO         5022    .ARM.Collect$$libshutdown$$00000000  c_w.l(libshutdown.o)
    0x0800024e   0x00000000   Code   RO         4978    .ARM.Collect$$libshutdown$$00000002  c_w.l(libshutdown2.o)
    0x0800024e   0x00000000   Code   RO         4980    .ARM.Collect$$libshutdown$$00000004  c_w.l(libshutdown2.o)
    0x0800024e   0x00000000   Code   RO         4983    .ARM.Collect$$libshutdown$$00000007  c_w.l(libshutdown2.o)
    0x0800024e   0x00000000   Code   RO         4986    .ARM.Collect$$libshutdown$$0000000A  c_w.l(libshutdown2.o)
    0x0800024e   0x00000000   Code   RO         4988    .ARM.Collect$$libshutdown$$0000000C  c_w.l(libshutdown2.o)
    0x0800024e   0x00000000   Code   RO         4991    .ARM.Collect$$libshutdown$$0000000F  c_w.l(libshutdown2.o)
    0x0800024e   0x00000002   Code   RO         4992    .ARM.Collect$$libshutdown$$00000010  c_w.l(libshutdown2.o)
    0x08000250   0x00000000   Code   RO         4824    .ARM.Collect$$rtentry$$00000000  c_w.l(__rtentry.o)
    0x08000250   0x00000000   Code   RO         4905    .ARM.Collect$$rtentry$$00000002  c_w.l(__rtentry2.o)
    0x08000250   0x00000006   Code   RO         4917    .ARM.Collect$$rtentry$$00000004  c_w.l(__rtentry4.o)
    0x08000256   0x00000000   Code   RO         4907    .ARM.Collect$$rtentry$$00000009  c_w.l(__rtentry2.o)
    0x08000256   0x00000004   Code   RO         4908    .ARM.Collect$$rtentry$$0000000A  c_w.l(__rtentry2.o)
    0x0800025a   0x00000000   Code   RO         4910    .ARM.Collect$$rtentry$$0000000C  c_w.l(__rtentry2.o)
    0x0800025a   0x00000008   Code   RO         4911    .ARM.Collect$$rtentry$$0000000D  c_w.l(__rtentry2.o)
    0x08000262   0x00000002   Code   RO         4967    .ARM.Collect$$rtexit$$00000000  c_w.l(rtexit.o)
    0x08000264   0x00000000   Code   RO         4996    .ARM.Collect$$rtexit$$00000002  c_w.l(rtexit2.o)
    0x08000264   0x00000004   Code   RO         4997    .ARM.Collect$$rtexit$$00000003  c_w.l(rtexit2.o)
    0x08000268   0x00000006   Code   RO         4998    .ARM.Collect$$rtexit$$00000004  c_w.l(rtexit2.o)
    0x0800026e   0x00000002   PAD
    0x08000270   0x000000ba   Code   RO         3585    .emb_text           port.o
    0x0800032a   0x00000002   PAD
    0x0800032c   0x00000000   Code   RO         4921    .emb_text           c_w.l(maybetermalloc1.o)
    0x0800032c   0x00000040   Code   RO         4744    .text               startup_stm32f407xx.o
    0x0800036c   0x0000005e   Code   RO         4754    .text               c_w.l(h1_alloc.o)
    0x080003ca   0x0000004e   Code   RO         4756    .text               c_w.l(h1_free.o)
    0x08000418   0x0000008a   Code   RO         4812    .text               c_w.l(rt_memcpy_v6.o)
    0x080004a2   0x00000064   Code   RO         4814    .text               c_w.l(rt_memcpy_w.o)
    0x08000506   0x00000010   Code   RO         4816    .text               c_w.l(aeabi_memset.o)
    0x08000516   0x00000006   Code   RO         4818    .text               c_w.l(heapauxi.o)
    0x0800051c   0x00000008   Code   RO         4828    .text               c_w.l(rt_heap_descriptor_intlibspace.o)
    0x08000524   0x00000004   Code   RO         4830    .text               c_w.l(hguard.o)
    0x08000528   0x0000008a   Code   RO         4832    .text               c_w.l(init_alloc.o)
    0x080005b2   0x0000000e   Code   RO         4836    .text               c_w.l(h1_init.o)
    0x080005c0   0x00000044   Code   RO         4850    .text               c_w.l(rt_memclr.o)
    0x08000604   0x00000008   Code   RO         4901    .text               c_w.l(libspace.o)
    0x0800060c   0x00000034   Code   RO         4923    .text               c_w.l(h1_extend.o)
    0x08000640   0x0000000e   Code   RO         4927    .text               c_w.l(defsig_rtmem_outer.o)
    0x0800064e   0x0000004e   Code   RO         4931    .text               c_w.l(rt_memclr_w.o)
    0x0800069c   0x00000002   Code   RO         4940    .text               c_w.l(use_no_semi.o)
    0x0800069e   0x00000000   Code   RO         4942    .text               c_w.l(indicate_semi.o)
    0x0800069e   0x0000004a   Code   RO         4943    .text               c_w.l(sys_stackheap_outer.o)
    0x080006e8   0x00000012   Code   RO         4949    .text               c_w.l(exit.o)
    0x080006fa   0x0000000a   Code   RO         4951    .text               c_w.l(defsig_exit.o)
    0x08000704   0x00000050   Code   RO         4953    .text               c_w.l(defsig_rtmem_inner.o)
    0x08000754   0x0000000c   Code   RO         4965    .text               c_w.l(sys_exit.o)
    0x08000760   0x00000032   Code   RO         4975    .text               c_w.l(defsig_general.o)
    0x08000792   0x0000000e   Code   RO         4993    .text               c_w.l(sys_wrch.o)
    0x080007a0   0x00000002   Code   RO         4080    i.BusFault_Handler  stm32f4xx_it.o
    0x080007a2   0x00000004   Code   RO         4174    i.CDC_Control_FS    usbd_cdc_if.o
    0x080007a6   0x00000004   Code   RO         4175    i.CDC_DeInit_FS     usbd_cdc_if.o
    0x080007aa   0x00000002   PAD
    0x080007ac   0x00000024   Code   RO         4176    i.CDC_Init_FS       usbd_cdc_if.o
    0x080007d0   0x00000030   Code   RO         4177    i.CDC_Receive_FS    usbd_cdc_if.o
    0x08000800   0x0000002c   Code   RO         4178    i.CDC_Transmit_FS   usbd_cdc_if.o
    0x0800082c   0x00000002   Code   RO         4081    i.DebugMon_Handler  stm32f4xx_it.o
    0x0800082e   0x00000002   Code   RO         4009    i.Error_Handler     main.o
    0x08000830   0x00000016   Code   RO         1233    i.HAL_Delay         stm32f4xx_hal.o
    0x08000846   0x00000002   PAD
    0x08000848   0x000001b0   Code   RO          557    i.HAL_GPIO_Init     stm32f4xx_hal_gpio.o
    0x080009f8   0x00000008   Code   RO          560    i.HAL_GPIO_TogglePin  stm32f4xx_hal_gpio.o
    0x08000a00   0x0000000a   Code   RO          561    i.HAL_GPIO_WritePin  stm32f4xx_hal_gpio.o
    0x08000a0a   0x00000002   PAD
    0x08000a0c   0x0000000c   Code   RO         1239    i.HAL_GetTick       stm32f4xx_hal.o
    0x08000a18   0x00000010   Code   RO         1240    i.HAL_IncTick       stm32f4xx_hal.o
    0x08000a28   0x00000034   Code   RO         1241    i.HAL_Init          stm32f4xx_hal.o
    0x08000a5c   0x00000074   Code   RO         4513    i.HAL_InitTick      stm32f4xx_hal_timebase_tim.o
    0x08000ad0   0x00000058   Code   RO         4553    i.HAL_MspInit       stm32f4xx_hal_msp.o
    0x08000b28   0x00000016   Code   RO         1376    i.HAL_NVIC_EnableIRQ  stm32f4xx_hal_cortex.o
    0x08000b3e   0x00000002   PAD
    0x08000b40   0x00000040   Code   RO         1382    i.HAL_NVIC_SetPriority  stm32f4xx_hal_cortex.o
    0x08000b80   0x00000024   Code   RO         1383    i.HAL_NVIC_SetPriorityGrouping  stm32f4xx_hal_cortex.o
    0x08000ba4   0x00000008   Code   RO          697    i.HAL_PCDEx_SetRxFiFo  stm32f4xx_hal_pcd_ex.o
    0x08000bac   0x00000044   Code   RO          698    i.HAL_PCDEx_SetTxFiFo  stm32f4xx_hal_pcd_ex.o
    0x08000bf0   0x00000008   Code   RO         4232    i.HAL_PCD_ConnectCallback  usbd_conf.o
    0x08000bf8   0x00000012   Code   RO         4233    i.HAL_PCD_DataInStageCallback  usbd_conf.o
    0x08000c0a   0x00000014   Code   RO         4234    i.HAL_PCD_DataOutStageCallback  usbd_conf.o
    0x08000c1e   0x00000008   Code   RO         4235    i.HAL_PCD_DisconnectCallback  usbd_conf.o
    0x08000c26   0x00000044   Code   RO          842    i.HAL_PCD_EP_Close  stm32f4xx_hal_pcd.o
    0x08000c6a   0x00000050   Code   RO          843    i.HAL_PCD_EP_ClrStall  stm32f4xx_hal_pcd.o
    0x08000cba   0x00000014   Code   RO          845    i.HAL_PCD_EP_GetRxCount  stm32f4xx_hal_pcd.o
    0x08000cce   0x00000054   Code   RO          846    i.HAL_PCD_EP_Open   stm32f4xx_hal_pcd.o
    0x08000d22   0x00000002   PAD
    0x08000d24   0x0000005e   Code   RO          847    i.HAL_PCD_EP_Receive  stm32f4xx_hal_pcd.o
    0x08000d82   0x00000060   Code   RO          848    i.HAL_PCD_EP_SetStall  stm32f4xx_hal_pcd.o
    0x08000de2   0x00000056   Code   RO          849    i.HAL_PCD_EP_Transmit  stm32f4xx_hal_pcd.o
    0x08000e38   0x000003fe   Code   RO          851    i.HAL_PCD_IRQHandler  stm32f4xx_hal_pcd.o
    0x08001236   0x00000008   Code   RO         4236    i.HAL_PCD_ISOINIncompleteCallback  usbd_conf.o
    0x0800123e   0x00000008   Code   RO         4237    i.HAL_PCD_ISOOUTIncompleteCallback  usbd_conf.o
    0x08001246   0x00000002   PAD
    0x08001248   0x000000be   Code   RO          854    i.HAL_PCD_Init      stm32f4xx_hal_pcd.o
    0x08001306   0x00000002   PAD
    0x08001308   0x00000064   Code   RO         4239    i.HAL_PCD_MspInit   usbd_conf.o
    0x0800136c   0x00000020   Code   RO         4240    i.HAL_PCD_ResetCallback  usbd_conf.o
    0x0800138c   0x00000008   Code   RO         4241    i.HAL_PCD_ResumeCallback  usbd_conf.o
    0x08001394   0x00000008   Code   RO         4242    i.HAL_PCD_SOFCallback  usbd_conf.o
    0x0800139c   0x00000024   Code   RO          860    i.HAL_PCD_SetAddress  stm32f4xx_hal_pcd.o
    0x080013c0   0x0000000e   Code   RO         4243    i.HAL_PCD_SetupStageCallback  usbd_conf.o
    0x080013ce   0x0000002a   Code   RO          862    i.HAL_PCD_Start     stm32f4xx_hal_pcd.o
    0x080013f8   0x00000030   Code   RO         4244    i.HAL_PCD_SuspendCallback  usbd_conf.o
    0x08001428   0x0000017c   Code   RO         2770    i.HAL_RCC_ClockConfig  stm32f4xx_hal_rcc.o
    0x080015a4   0x00000040   Code   RO         2774    i.HAL_RCC_GetClockConfig  stm32f4xx_hal_rcc.o
    0x080015e4   0x0000000c   Code   RO         2775    i.HAL_RCC_GetHCLKFreq  stm32f4xx_hal_rcc.o
    0x080015f0   0x00000030   Code   RO         2777    i.HAL_RCC_GetPCLK1Freq  stm32f4xx_hal_rcc.o
    0x08001620   0x00000070   Code   RO         2779    i.HAL_RCC_GetSysClockFreq  stm32f4xx_hal_rcc.o
    0x08001690   0x00000314   Code   RO         2782    i.HAL_RCC_OscConfig  stm32f4xx_hal_rcc.o
    0x080019a4   0x00000018   Code   RO         1385    i.HAL_SYSTICK_CLKSourceConfig  stm32f4xx_hal_cortex.o
    0x080019bc   0x00000028   Code   RO         1387    i.HAL_SYSTICK_Config  stm32f4xx_hal_cortex.o
    0x080019e4   0x00000002   Code   RO         2530    i.HAL_TIMEx_BreakCallback  stm32f4xx_hal_tim_ex.o
    0x080019e6   0x00000002   Code   RO         2531    i.HAL_TIMEx_CommutationCallback  stm32f4xx_hal_tim_ex.o
    0x080019e8   0x00000042   Code   RO         2532    i.HAL_TIMEx_ConfigBreakDeadTime  stm32f4xx_hal_tim_ex.o
    0x08001a2a   0x00000050   Code   RO         2547    i.HAL_TIMEx_MasterConfigSynchronization  stm32f4xx_hal_tim_ex.o
    0x08001a7a   0x00000036   Code   RO         1618    i.HAL_TIM_Base_Init  stm32f4xx_hal_tim.o
    0x08001ab0   0x0000003c   Code   RO         4660    i.HAL_TIM_Base_MspInit  tim.o
    0x08001aec   0x00000018   Code   RO         1623    i.HAL_TIM_Base_Start_IT  stm32f4xx_hal_tim.o
    0x08001b04   0x000000f2   Code   RO         1627    i.HAL_TIM_ConfigClockSource  stm32f4xx_hal_tim.o
    0x08001bf6   0x00000002   Code   RO         1647    i.HAL_TIM_IC_CaptureCallback  stm32f4xx_hal_tim.o
    0x08001bf8   0x00000166   Code   RO         1660    i.HAL_TIM_IRQHandler  stm32f4xx_hal_tim.o
    0x08001d5e   0x00000002   PAD
    0x08001d60   0x00000054   Code   RO         4661    i.HAL_TIM_MspPostInit  tim.o
    0x08001db4   0x00000002   Code   RO         1663    i.HAL_TIM_OC_DelayElapsedCallback  stm32f4xx_hal_tim.o
    0x08001db6   0x000000d0   Code   RO         1684    i.HAL_TIM_PWM_ConfigChannel  stm32f4xx_hal_tim.o
    0x08001e86   0x00000036   Code   RO         1687    i.HAL_TIM_PWM_Init  stm32f4xx_hal_tim.o
    0x08001ebc   0x00000064   Code   RO         4663    i.HAL_TIM_PWM_MspInit  tim.o
    0x08001f20   0x00000002   Code   RO         1690    i.HAL_TIM_PWM_PulseFinishedCallback  stm32f4xx_hal_tim.o
    0x08001f22   0x00000002   PAD
    0x08001f24   0x00000038   Code   RO         1691    i.HAL_TIM_PWM_Start  stm32f4xx_hal_tim.o
    0x08001f5c   0x0000005c   Code   RO         1694    i.HAL_TIM_PWM_Stop  stm32f4xx_hal_tim.o
    0x08001fb8   0x0000006c   Code   RO         4010    i.HAL_TIM_PeriodElapsedCallback  main.o
    0x08002024   0x00000002   Code   RO         1701    i.HAL_TIM_TriggerCallback  stm32f4xx_hal_tim.o
    0x08002026   0x00000002   Code   RO         4082    i.HardFault_Handler  stm32f4xx_it.o
    0x08002028   0x00000034   Code   RO         4576    i.MX_FREERTOS_Init  freertos.o
    0x0800205c   0x000000bc   Code   RO         4489    i.MX_GPIO_Init      gpio.o
    0x08002118   0x0000008c   Code   RO         4664    i.MX_TIM1_Init      tim.o
    0x080021a4   0x00000058   Code   RO         4665    i.MX_TIM3_Init      tim.o
    0x080021fc   0x0000008c   Code   RO         4666    i.MX_TIM8_Init      tim.o
    0x08002288   0x00000038   Code   RO         4629    i.MX_USB_DEVICE_Init  usb_device.o
    0x080022c0   0x00000002   Code   RO         4083    i.MemManage_Handler  stm32f4xx_it.o
    0x080022c2   0x00000002   Code   RO         4084    i.NMI_Handler       stm32f4xx_it.o
    0x080022c4   0x00000020   Code   RO         1389    i.NVIC_SetPriority  stm32f4xx_hal_cortex.o
    0x080022e4   0x0000000c   Code   RO         4085    i.OTG_FS_IRQHandler  stm32f4xx_it.o
    0x080022f0   0x00000088   Code   RO          865    i.PCD_WriteEmptyTxFifo  stm32f4xx_hal_pcd.o
    0x08002378   0x00000048   Code   RO         4577    i.StartDefaultTask  freertos.o
    0x080023c0   0x00000004   Code   RO         4086    i.SysTick_Handler   stm32f4xx_it.o
    0x080023c4   0x000000a0   Code   RO         4011    i.SystemClock_Config  main.o
    0x08002464   0x00000054   Code   RO         3972    i.SystemInit        system_stm32f4xx.o
    0x080024b8   0x0000000c   Code   RO         4087    i.TIM1_UP_TIM10_IRQHandler  stm32f4xx_it.o
    0x080024c4   0x0000000c   Code   RO         4088    i.TIM2_IRQHandler   stm32f4xx_it.o
    0x080024d0   0x0000000c   Code   RO         4089    i.TIM3_IRQHandler   stm32f4xx_it.o
    0x080024dc   0x0000000c   Code   RO         4090    i.TIM8_UP_TIM13_IRQHandler  stm32f4xx_it.o
    0x080024e8   0x000000c0   Code   RO         1702    i.TIM_Base_SetConfig  stm32f4xx_hal_tim.o
    0x080025a8   0x00000016   Code   RO         1703    i.TIM_CCxChannelCmd  stm32f4xx_hal_tim.o
    0x080025be   0x00000014   Code   RO         1709    i.TIM_ETR_SetConfig  stm32f4xx_hal_tim.o
    0x080025d2   0x00000010   Code   RO         1710    i.TIM_ITRx_SetConfig  stm32f4xx_hal_tim.o
    0x080025e2   0x00000002   PAD
    0x080025e4   0x00000058   Code   RO         1711    i.TIM_OC1_SetConfig  stm32f4xx_hal_tim.o
    0x0800263c   0x00000064   Code   RO         1712    i.TIM_OC2_SetConfig  stm32f4xx_hal_tim.o
    0x080026a0   0x00000060   Code   RO         1713    i.TIM_OC3_SetConfig  stm32f4xx_hal_tim.o
    0x08002700   0x00000050   Code   RO         1714    i.TIM_OC4_SetConfig  stm32f4xx_hal_tim.o
    0x08002750   0x00000022   Code   RO         1716    i.TIM_TI1_ConfigInputStage  stm32f4xx_hal_tim.o
    0x08002772   0x00000024   Code   RO         1718    i.TIM_TI2_ConfigInputStage  stm32f4xx_hal_tim.o
    0x08002796   0x00000014   Code   RO          325    i.USBD_CDC_DataIn   usbd_cdc.o
    0x080027aa   0x0000002e   Code   RO          326    i.USBD_CDC_DataOut  usbd_cdc.o
    0x080027d8   0x0000003c   Code   RO          327    i.USBD_CDC_DeInit   usbd_cdc.o
    0x08002814   0x00000024   Code   RO          328    i.USBD_CDC_EP0_RxReady  usbd_cdc.o
    0x08002838   0x0000000c   Code   RO          329    i.USBD_CDC_GetDeviceQualifierDescriptor  usbd_cdc.o
    0x08002844   0x0000000c   Code   RO          330    i.USBD_CDC_GetFSCfgDesc  usbd_cdc.o
    0x08002850   0x0000000c   Code   RO          331    i.USBD_CDC_GetHSCfgDesc  usbd_cdc.o
    0x0800285c   0x0000000c   Code   RO          332    i.USBD_CDC_GetOtherSpeedCfgDesc  usbd_cdc.o
    0x08002868   0x00000088   Code   RO          333    i.USBD_CDC_Init     usbd_cdc.o
    0x080028f0   0x00000028   Code   RO          334    i.USBD_CDC_ReceivePacket  usbd_cdc.o
    0x08002918   0x00000010   Code   RO          335    i.USBD_CDC_RegisterInterface  usbd_cdc.o
    0x08002928   0x0000000c   Code   RO          336    i.USBD_CDC_SetRxBuffer  usbd_cdc.o
    0x08002934   0x00000010   Code   RO          337    i.USBD_CDC_SetTxBuffer  usbd_cdc.o
    0x08002944   0x00000070   Code   RO          338    i.USBD_CDC_Setup    usbd_cdc.o
    0x080029b4   0x00000030   Code   RO          339    i.USBD_CDC_TransmitPacket  usbd_cdc.o
    0x080029e4   0x0000000e   Code   RO          187    i.USBD_ClrClassConfig  usbd_core.o
    0x080029f2   0x00000010   Code   RO            4    i.USBD_CtlContinueRx  usbd_ioreq.o
    0x08002a02   0x00000010   Code   RO            5    i.USBD_CtlContinueSendData  usbd_ioreq.o
    0x08002a12   0x00000016   Code   RO          435    i.USBD_CtlError     usbd_ctlreq.o
    0x08002a28   0x0000001e   Code   RO            6    i.USBD_CtlPrepareRx  usbd_ioreq.o
    0x08002a46   0x00000016   Code   RO            7    i.USBD_CtlReceiveStatus  usbd_ioreq.o
    0x08002a5c   0x0000001a   Code   RO            8    i.USBD_CtlSendData  usbd_ioreq.o
    0x08002a76   0x00000016   Code   RO            9    i.USBD_CtlSendStatus  usbd_ioreq.o
    0x08002a8c   0x00000020   Code   RO         4421    i.USBD_FS_ConfigStrDescriptor  usbd_desc.o
    0x08002aac   0x0000000c   Code   RO         4422    i.USBD_FS_DeviceDescriptor  usbd_desc.o
    0x08002ab8   0x00000024   Code   RO         4423    i.USBD_FS_InterfaceStrDescriptor  usbd_desc.o
    0x08002adc   0x0000000c   Code   RO         4424    i.USBD_FS_LangIDStrDescriptor  usbd_desc.o
    0x08002ae8   0x00000028   Code   RO         4425    i.USBD_FS_ManufacturerStrDescriptor  usbd_desc.o
    0x08002b10   0x0000002c   Code   RO         4426    i.USBD_FS_ProductStrDescriptor  usbd_desc.o
    0x08002b3c   0x00000024   Code   RO         4427    i.USBD_FS_SerialStrDescriptor  usbd_desc.o
    0x08002b60   0x000000e0   Code   RO          436    i.USBD_GetDescriptor  usbd_ctlreq.o
    0x08002c40   0x00000046   Code   RO          437    i.USBD_GetString    usbd_ctlreq.o
    0x08002c86   0x0000002a   Code   RO          189    i.USBD_Init         usbd_core.o
    0x08002cb0   0x00000020   Code   RO         4245    i.USBD_LL_ClearStallEP  usbd_conf.o
    0x08002cd0   0x00000020   Code   RO         4246    i.USBD_LL_CloseEP   usbd_conf.o
    0x08002cf0   0x000000aa   Code   RO          190    i.USBD_LL_DataInStage  usbd_core.o
    0x08002d9a   0x0000006a   Code   RO          191    i.USBD_LL_DataOutStage  usbd_core.o
    0x08002e04   0x00000004   Code   RO          192    i.USBD_LL_DevConnected  usbd_core.o
    0x08002e08   0x00000016   Code   RO          193    i.USBD_LL_DevDisconnected  usbd_core.o
    0x08002e1e   0x00000008   Code   RO         4250    i.USBD_LL_GetRxDataSize  usbd_conf.o
    0x08002e26   0x00000002   PAD
    0x08002e28   0x00000060   Code   RO         4251    i.USBD_LL_Init      usbd_conf.o
    0x08002e88   0x00000020   Code   RO         4252    i.USBD_LL_IsStallEP  usbd_conf.o
    0x08002ea8   0x00000004   Code   RO          194    i.USBD_LL_IsoINIncomplete  usbd_core.o
    0x08002eac   0x00000004   Code   RO          195    i.USBD_LL_IsoOUTIncomplete  usbd_core.o
    0x08002eb0   0x00000026   Code   RO         4253    i.USBD_LL_OpenEP    usbd_conf.o
    0x08002ed6   0x00000020   Code   RO         4254    i.USBD_LL_PrepareReceive  usbd_conf.o
    0x08002ef6   0x0000003e   Code   RO          196    i.USBD_LL_Reset     usbd_core.o
    0x08002f34   0x0000000c   Code   RO          197    i.USBD_LL_Resume    usbd_core.o
    0x08002f40   0x00000018   Code   RO          198    i.USBD_LL_SOF       usbd_core.o
    0x08002f58   0x00000006   Code   RO          199    i.USBD_LL_SetSpeed  usbd_core.o
    0x08002f5e   0x00000020   Code   RO         4255    i.USBD_LL_SetUSBAddress  usbd_conf.o
    0x08002f7e   0x0000005a   Code   RO          200    i.USBD_LL_SetupStage  usbd_core.o
    0x08002fd8   0x00000020   Code   RO         4256    i.USBD_LL_StallEP   usbd_conf.o
    0x08002ff8   0x00000020   Code   RO         4257    i.USBD_LL_Start     usbd_conf.o
    0x08003018   0x00000012   Code   RO          201    i.USBD_LL_Suspend   usbd_core.o
    0x0800302a   0x00000020   Code   RO         4259    i.USBD_LL_Transmit  usbd_conf.o
    0x0800304a   0x00000028   Code   RO          438    i.USBD_ParseSetupRequest  usbd_ctlreq.o
    0x08003072   0x00000010   Code   RO          202    i.USBD_RegisterClass  usbd_core.o
    0x08003082   0x00000016   Code   RO          204    i.USBD_SetClassConfig  usbd_core.o
    0x08003098   0x00000074   Code   RO          439    i.USBD_SetConfig    usbd_ctlreq.o
    0x0800310c   0x0000000a   Code   RO          205    i.USBD_Start        usbd_core.o
    0x08003116   0x000000f2   Code   RO          440    i.USBD_StdDevReq    usbd_ctlreq.o
    0x08003208   0x000000dc   Code   RO          441    i.USBD_StdEPReq     usbd_ctlreq.o
    0x080032e4   0x00000034   Code   RO          442    i.USBD_StdItfReq    usbd_ctlreq.o
    0x08003318   0x00000080   Code   RO         2248    i.USB_ActivateEndpoint  stm32f4xx_ll_usb.o
    0x08003398   0x00000034   Code   RO         2249    i.USB_ActivateSetup  stm32f4xx_ll_usb.o
    0x080033cc   0x00000064   Code   RO         2251    i.USB_CoreInit      stm32f4xx_ll_usb.o
    0x08003430   0x00000038   Code   RO         2252    i.USB_CoreReset     stm32f4xx_ll_usb.o
    0x08003468   0x0000006e   Code   RO         2254    i.USB_DeactivateEndpoint  stm32f4xx_ll_usb.o
    0x080034d6   0x00000018   Code   RO         2255    i.USB_DevConnect    stm32f4xx_ll_usb.o
    0x080034ee   0x00000018   Code   RO         2256    i.USB_DevDisconnect  stm32f4xx_ll_usb.o
    0x08003506   0x00000002   PAD
    0x08003508   0x00000144   Code   RO         2257    i.USB_DevInit       stm32f4xx_ll_usb.o
    0x0800364c   0x0000000c   Code   RO         2258    i.USB_DisableGlobalInt  stm32f4xx_ll_usb.o
    0x08003658   0x00000140   Code   RO         2261    i.USB_EP0StartXfer  stm32f4xx_ll_usb.o
    0x08003798   0x0000003e   Code   RO         2262    i.USB_EP0_OutStart  stm32f4xx_ll_usb.o
    0x080037d6   0x00000064   Code   RO         2263    i.USB_EPClearStall  stm32f4xx_ll_usb.o
    0x0800383a   0x0000005e   Code   RO         2264    i.USB_EPSetStall    stm32f4xx_ll_usb.o
    0x08003898   0x0000021c   Code   RO         2265    i.USB_EPStartXfer   stm32f4xx_ll_usb.o
    0x08003ab4   0x0000000c   Code   RO         2266    i.USB_EnableGlobalInt  stm32f4xx_ll_usb.o
    0x08003ac0   0x00000020   Code   RO         2267    i.USB_FlushRxFifo   stm32f4xx_ll_usb.o
    0x08003ae0   0x00000024   Code   RO         2268    i.USB_FlushTxFifo   stm32f4xx_ll_usb.o
    0x08003b04   0x0000003c   Code   RO         2270    i.USB_GetDevSpeed   stm32f4xx_ll_usb.o
    0x08003b40   0x00000008   Code   RO         2272    i.USB_GetMode       stm32f4xx_ll_usb.o
    0x08003b48   0x0000000e   Code   RO         2279    i.USB_ReadDevAllInEpInterrupt  stm32f4xx_ll_usb.o
    0x08003b56   0x0000000e   Code   RO         2280    i.USB_ReadDevAllOutEpInterrupt  stm32f4xx_ll_usb.o
    0x08003b64   0x0000001e   Code   RO         2281    i.USB_ReadDevInEPInterrupt  stm32f4xx_ll_usb.o
    0x08003b82   0x00000010   Code   RO         2282    i.USB_ReadDevOutEPInterrupt  stm32f4xx_ll_usb.o
    0x08003b92   0x00000008   Code   RO         2283    i.USB_ReadInterrupts  stm32f4xx_ll_usb.o
    0x08003b9a   0x00000020   Code   RO         2284    i.USB_ReadPacket    stm32f4xx_ll_usb.o
    0x08003bba   0x0000002c   Code   RO         2286    i.USB_SetCurrentMode  stm32f4xx_ll_usb.o
    0x08003be6   0x00000022   Code   RO         2287    i.USB_SetDevAddress  stm32f4xx_ll_usb.o
    0x08003c08   0x00000028   Code   RO         2291    i.USB_WritePacket   stm32f4xx_ll_usb.o
    0x08003c30   0x00000002   Code   RO         4091    i.UsageFault_Handler  stm32f4xx_it.o
    0x08003c32   0x00000002   PAD
    0x08003c34   0x0000003c   Code   RO         4667    i.User_TIM1_SetPluse  tim.o
    0x08003c70   0x0000003c   Code   RO         4668    i.User_TIM8_SetPluse  tim.o
    0x08003cac   0x0000000c   Code   RO         3002    i.inHandlerMode     cmsis_os.o
    0x08003cb8   0x00000022   Code   RO         4012    i.main              main.o
    0x08003cda   0x0000000c   Code   RO         3004    i.makeFreeRtosPriority  cmsis_os.o
    0x08003ce6   0x0000000a   Code   RO         3008    i.osKernelStart     cmsis_os.o
    0x08003cf0   0x00000026   Code   RO         3031    i.osSemaphoreCreate  cmsis_os.o
    0x08003d16   0x00000002   PAD
    0x08003d18   0x00000050   Code   RO         3033    i.osSemaphoreRelease  cmsis_os.o
    0x08003d68   0x00000068   Code   RO         3034    i.osSemaphoreWait   cmsis_os.o
    0x08003dd0   0x00000014   Code   RO         3037    i.osSystickHandler  cmsis_os.o
    0x08003de4   0x00000038   Code   RO         3038    i.osThreadCreate    cmsis_os.o
    0x08003e1c   0x00000034   Code   RO         3686    i.prvAddCurrentTaskToDelayedList  tasks.o
    0x08003e50   0x00000054   Code   RO         3687    i.prvCheckTasksWaitingTermination  tasks.o
    0x08003ea4   0x00000026   Code   RO         3432    i.prvCopyDataFromQueue  queue.o
    0x08003eca   0x0000006e   Code   RO         3433    i.prvCopyDataToQueue  queue.o
    0x08003f38   0x0000004c   Code   RO         3350    i.prvHeapInit       heap_4.o
    0x08003f84   0x00000028   Code   RO         3688    i.prvIdleTask       tasks.o
    0x08003fac   0x0000004c   Code   RO         3351    i.prvInsertBlockIntoFreeList  heap_4.o
    0x08003ff8   0x00000020   Code   RO         3690    i.prvResetNextTaskUnblockTime  tasks.o
    0x08004018   0x00000028   Code   RO         3586    i.prvTaskExitError  port.o
    0x08004040   0x00000064   Code   RO         3434    i.prvUnlockQueue    queue.o
    0x080040a4   0x000000d8   Code   RO         3352    i.pvPortMalloc      heap_4.o
    0x0800417c   0x00000018   Code   RO         3692    i.pvTaskIncrementMutexHeldCount  tasks.o
    0x08004194   0x00000028   Code   RO         3587    i.pxPortInitialiseStack  port.o
    0x080041bc   0x00000024   Code   RO         3650    i.uxListRemove      list.o
    0x080041e0   0x00000016   Code   RO         3651    i.vListInitialise   list.o
    0x080041f6   0x00000006   Code   RO         3652    i.vListInitialiseItem  list.o
    0x080041fc   0x00000030   Code   RO         3653    i.vListInsert       list.o
    0x0800422c   0x00000018   Code   RO         3654    i.vListInsertEnd    list.o
    0x08004244   0x00000040   Code   RO         3589    i.vPortEnterCritical  port.o
    0x08004284   0x00000028   Code   RO         3590    i.vPortExitCritical  port.o
    0x080042ac   0x0000005c   Code   RO         3353    i.vPortFree         heap_4.o
    0x08004308   0x00000020   Code   RO         3591    i.vPortSetupTimerInterrupt  port.o
    0x08004328   0x00000054   Code   RO         3592    i.vPortValidateInterruptPriority  port.o
    0x0800437c   0x0000000c   Code   RO         3703    i.vTaskMissedYield  tasks.o
    0x08004388   0x00000064   Code   RO         3705    i.vTaskPlaceOnEventList  tasks.o
    0x080043ec   0x00000084   Code   RO         3707    i.vTaskPriorityInherit  tasks.o
    0x08004470   0x00000024   Code   RO         3711    i.vTaskSetTimeOutState  tasks.o
    0x08004494   0x00000068   Code   RO         3712    i.vTaskStartScheduler  tasks.o
    0x080044fc   0x00000010   Code   RO         3714    i.vTaskSuspendAll   tasks.o
    0x0800450c   0x0000005c   Code   RO         3715    i.vTaskSwitchContext  tasks.o
    0x08004568   0x000000e0   Code   RO         3593    i.xPortStartScheduler  port.o
    0x08004648   0x0000002c   Code   RO         3594    i.xPortSysTickHandler  port.o
    0x08004674   0x00000064   Code   RO         3445    i.xQueueGenericCreate  queue.o
    0x080046d8   0x0000016c   Code   RO         3446    i.xQueueGenericReceive  queue.o
    0x08004844   0x00000084   Code   RO         3447    i.xQueueGenericReset  queue.o
    0x080048c8   0x00000160   Code   RO         3448    i.xQueueGenericSend  queue.o
    0x08004a28   0x0000009c   Code   RO         3450    i.xQueueGiveFromISR  queue.o
    0x08004ac4   0x0000008e   Code   RO         3454    i.xQueueReceiveFromISR  queue.o
    0x08004b52   0x00000002   PAD
    0x08004b54   0x0000006c   Code   RO         3716    i.xTaskCheckForTimeOut  tasks.o
    0x08004bc0   0x000001bc   Code   RO         3717    i.xTaskGenericCreate  tasks.o
    0x08004d7c   0x0000001c   Code   RO         3721    i.xTaskGetSchedulerState  tasks.o
    0x08004d98   0x000000cc   Code   RO         3724    i.xTaskIncrementTick  tasks.o
    0x08004e64   0x00000098   Code   RO         3727    i.xTaskPriorityDisinherit  tasks.o
    0x08004efc   0x00000074   Code   RO         3728    i.xTaskRemoveFromEventList  tasks.o
    0x08004f70   0x000000c4   Code   RO         3730    i.xTaskResumeAll    tasks.o
    0x08005034   0x0000000a   Code   RO         4938    x$fpl$fpinit        fz_wm.l(fpinit.o)
    0x0800503e   0x00000010   Data   RO         2783    .constdata          stm32f4xx_hal_rcc.o
    0x0800504e   0x00000002   PAD
    0x08005050   0x00000014   Data   RO         4578    .constdata          freertos.o
    0x08005064   0x0000000c   Data   RO         4579    .conststring        freertos.o
    0x08005070   0x00000020   Data   RO         5023    Region$$Table       anon$$obj.o


    Execution Region RW_IRAM1 (Base: 0x20000000, Size: 0x00005c48, Max: 0x00020000, ABSOLUTE, COMPRESSED[0x000000cc])

    Base Addr    Size         Type   Attr      Idx    E Section Name        Object

    0x20000000   0x000000db   Data   RW          340    .data               usbd_cdc.o
    0x200000db   0x00000001   PAD
    0x200000dc   0x00000038   Data   RW          341    .data               usbd_cdc.o
    0x20000114   0x00000001   Data   RW          443    .data               usbd_ctlreq.o
    0x20000115   0x00000003   PAD
    0x20000118   0x00000004   Data   RW         1247    .data               stm32f4xx_hal.o
    0x2000011c   0x00000018   Data   RW         3358    .data               heap_4.o
    0x20000134   0x0000000c   Data   RW         3595    .data               port.o
    0x20000140   0x00000038   Data   RW         3733    .data               tasks.o
    0x20000178   0x00000004   Data   RW         3975    .data               system_stm32f4xx.o
    0x2000017c   0x00000009   Data   RW         4180    .data               usbd_cdc_if.o
    0x20000185   0x00000003   PAD
    0x20000188   0x00000010   Data   RW         4181    .data               usbd_cdc_if.o
    0x20000198   0x00000008   Data   RW         4182    .data               usbd_cdc_if.o
    0x200001a0   0x0000001c   Data   RW         4429    .data               usbd_desc.o
    0x200001bc   0x00000016   Data   RW         4430    .data               usbd_desc.o
    0x200001d2   0x00000002   PAD
    0x200001d4   0x0000000c   Data   RW         4580    .data               freertos.o
    0x200001e0   0x00000008   Data   RW         4670    .data               tim.o
    0x200001e8   0x00003c00   Zero   RW         3357    .bss                heap_4.o
    0x20003de8   0x000000f0   Zero   RW         3732    .bss                tasks.o
    0x20003ed8   0x00000009   Zero   RW         4179    .bss                usbd_cdc_if.o
    0x20003ee1   0x00000003   PAD
    0x20003ee4   0x000003f0   Zero   RW         4260    .bss                usbd_conf.o
    0x200042d4   0x00000200   Zero   RW         4428    .bss                usbd_desc.o
    0x200044d4   0x0000003c   Zero   RW         4516    .bss                stm32f4xx_hal_timebase_tim.o
    0x20004510   0x00000224   Zero   RW         4630    .bss                usb_device.o
    0x20004734   0x000000b4   Zero   RW         4669    .bss                tim.o
    0x200047e8   0x00000060   Zero   RW         4902    .bss                c_w.l(libspace.o)
    0x20004848   0x00001000   Zero   RW         4742    HEAP                startup_stm32f407xx.o
    0x20005848   0x00000400   Zero   RW         4741    STACK               startup_stm32f407xx.o


==============================================================================

Image component sizes


      Code (inc. data)   RO Data    RW Data    ZI Data      Debug   Object Name

       332         10          0          0          0      23165   cmsis_os.o
         0          0          0          0          0       8376   croutine.o
         0          0          0          0          0      14492   event_groups.o
       124         24         32         12          0       1965   freertos.o
       188         12          0          0          0       1051   gpio.o
       460         24          0         24      15360       7323   heap_4.o
       136          0          0          0          0       3630   list.o
       304         44          0          0          0       6524   main.o
       754         84          0         12          0       9429   port.o
      1494         16          0          0          0      12573   queue.o
        64         26        392          0       5120        824   startup_stm32f407xx.o
       102         16          0          4          0       3856   stm32f4xx_hal.o
       218         14          0          0          0      31137   stm32f4xx_hal_cortex.o
       450         44          0          0          0       3181   stm32f4xx_hal_gpio.o
        88          0          0          0          0        534   stm32f4xx_hal_msp.o
      1954          0          0          0          0      11441   stm32f4xx_hal_pcd.o
        76          0          0          0          0       1888   stm32f4xx_hal_pcd_ex.o
      1404         72         16          0          0       6113   stm32f4xx_hal_rcc.o
      1780         96          0          0          0      16749   stm32f4xx_hal_tim.o
       150          0          0          0          0       3254   stm32f4xx_hal_tim_ex.o
       116         14          0          0         60       1488   stm32f4xx_hal_timebase_tim.o
        76         30          0          0          0       5657   stm32f4xx_it.o
      2326         52          0          0          0      20588   stm32f4xx_ll_usb.o
        84         18          0          4          0       1195   system_stm32f4xx.o
      1972        162          0         56        240      20111   tasks.o
       732         88          0          8        180       5660   tim.o
        56         18          0          0        548        744   usb_device.o
       590         22          0        275          0      13350   usbd_cdc.o
       136         24          0         33          9       5225   usbd_cdc_if.o
       678         16          0          0       1008      14798   usbd_conf.o
       626          0          0          0          0      12242   usbd_core.o
       986         30          0          1          0       8112   usbd_ctlreq.o
       212        116          0         50        512       5259   usbd_desc.o
       132          0          0          0          0     682164   usbd_ioreq.o

    ----------------------------------------------------------------------
     18832       1072        474        488      23040     964098   Object Totals
         0          0         32          0          0          0   (incl. Generated)
        32          0          2          9          3          0   (incl. Padding)

    ----------------------------------------------------------------------

      Code (inc. data)   RO Data    RW Data    ZI Data      Debug   Library Member Name

        90          0          0          0          0          0   __dczerorl2.o
         8          0          0          0          0         68   __main.o
         0          0          0          0          0          0   __rtentry.o
        12          0          0          0          0          0   __rtentry2.o
         6          0          0          0          0          0   __rtentry4.o
        52          8          0          0          0          0   __scatter.o
        28          0          0          0          0          0   __scatter_zi.o
        16          0          0          0          0         68   aeabi_memset.o
        10          0          0          0          0         68   defsig_exit.o
        50          0          0          0          0         88   defsig_general.o
        80         58          0          0          0         76   defsig_rtmem_inner.o
        14          0          0          0          0         80   defsig_rtmem_outer.o
        18          0          0          0          0         80   exit.o
        94          0          0          0          0         80   h1_alloc.o
        52          0          0          0          0         68   h1_extend.o
        78          0          0          0          0         80   h1_free.o
        14          0          0          0          0         84   h1_init.o
         6          0          0          0          0        152   heapauxi.o
         4          0          0          0          0        136   hguard.o
         0          0          0          0          0          0   indicate_semi.o
       138          0          0          0          0        168   init_alloc.o
         2          0          0          0          0          0   libinit.o
        14          0          0          0          0          0   libinit2.o
         2          0          0          0          0          0   libshutdown.o
         2          0          0          0          0          0   libshutdown2.o
         8          4          0          0         96         68   libspace.o
         0          0          0          0          0          0   maybetermalloc1.o
         8          4          0          0          0         68   rt_heap_descriptor_intlibspace.o
        68          0          0          0          0         68   rt_memclr.o
        78          0          0          0          0         80   rt_memclr_w.o
       138          0          0          0          0         68   rt_memcpy_v6.o
       100          0          0          0          0         80   rt_memcpy_w.o
         2          0          0          0          0          0   rtexit.o
        10          0          0          0          0          0   rtexit2.o
        12          4          0          0          0         68   sys_exit.o
        74          0          0          0          0         80   sys_stackheap_outer.o
        14          0          0          0          0         76   sys_wrch.o
         2          0          0          0          0         68   use_no_semi.o
        10          0          0          0          0        116   fpinit.o

    ----------------------------------------------------------------------
      1318         78          0          0         96       2136   Library Totals
         4          0          0          0          0          0   (incl. Padding)

    ----------------------------------------------------------------------

      Code (inc. data)   RO Data    RW Data    ZI Data      Debug   Library Name

      1304         78          0          0         96       2020   c_w.l
        10          0          0          0          0        116   fz_wm.l

    ----------------------------------------------------------------------
      1318         78          0          0         96       2136   Library Totals

    ----------------------------------------------------------------------

==============================================================================


      Code (inc. data)   RO Data    RW Data    ZI Data      Debug   

     20150       1150        474        488      23136     940542   Grand Totals
     20150       1150        474        204      23136     940542   ELF Image Totals (compressed)
     20150       1150        474        204          0          0   ROM Totals

==============================================================================

    Total RO  Size (Code + RO Data)                20624 (  20.14kB)
    Total RW  Size (RW Data + ZI Data)             23624 (  23.07kB)
    Total ROM Size (Code + RO Data + RW Data)      20828 (  20.34kB)

==============================================================================

