Component: ARM Compiler 5.06 update 3 (build 300) Tool: armlink [4d35c9]

==============================================================================

Section Cross References

    usbd_ctlreq.o(i.USBD_CtlError) refers to usbd_conf.o(i.USBD_LL_StallEP) for USBD_LL_StallEP
    usbd_ctlreq.o(i.USBD_GetDescriptor) refers to usbd_ctlreq.o(i.USBD_CtlError) for USBD_CtlError
    usbd_ctlreq.o(i.USBD_GetDescriptor) refers to usbd_ioreq.o(i.USBD_CtlSendData) for USBD_CtlSendData
    usbd_ctlreq.o(i.USBD_SetConfig) refers to usbd_core.o(i.USBD_ClrClassConfig) for USBD_ClrClassConfig
    usbd_ctlreq.o(i.USBD_SetConfig) refers to usbd_core.o(i.USBD_SetClassConfig) for USBD_SetClassConfig
    usbd_ctlreq.o(i.USBD_SetConfig) refers to usbd_ioreq.o(i.USBD_CtlSendStatus) for USBD_CtlSendStatus
    usbd_ctlreq.o(i.USBD_SetConfig) refers to usbd_ctlreq.o(i.USBD_CtlError) for USBD_CtlError
    usbd_ctlreq.o(i.USBD_SetConfig) refers to usbd_ctlreq.o(.data) for .data
    usbd_ctlreq.o(i.USBD_StdDevReq) refers to usbd_ctlreq.o(i.USBD_GetDescriptor) for USBD_GetDescriptor
    usbd_ctlreq.o(i.USBD_StdDevReq) refers to usbd_conf.o(i.USBD_LL_SetUSBAddress) for USBD_LL_SetUSBAddress
    usbd_ctlreq.o(i.USBD_StdDevReq) refers to usbd_ioreq.o(i.USBD_CtlSendStatus) for USBD_CtlSendStatus
    usbd_ctlreq.o(i.USBD_StdDevReq) refers to usbd_ctlreq.o(i.USBD_SetConfig) for USBD_SetConfig
    usbd_ctlreq.o(i.USBD_StdDevReq) refers to usbd_ctlreq.o(i.USBD_CtlError) for USBD_CtlError
    usbd_ctlreq.o(i.USBD_StdDevReq) refers to usbd_ioreq.o(i.USBD_CtlSendData) for USBD_CtlSendData
    usbd_ctlreq.o(i.USBD_StdEPReq) refers to usbd_conf.o(i.USBD_LL_StallEP) for USBD_LL_StallEP
    usbd_ctlreq.o(i.USBD_StdEPReq) refers to usbd_conf.o(i.USBD_LL_ClearStallEP) for USBD_LL_ClearStallEP
    usbd_ctlreq.o(i.USBD_StdEPReq) refers to usbd_ioreq.o(i.USBD_CtlSendStatus) for USBD_CtlSendStatus
    usbd_ctlreq.o(i.USBD_StdEPReq) refers to usbd_ctlreq.o(i.USBD_CtlError) for USBD_CtlError
    usbd_ctlreq.o(i.USBD_StdEPReq) refers to usbd_conf.o(i.USBD_LL_IsStallEP) for USBD_LL_IsStallEP
    usbd_ctlreq.o(i.USBD_StdEPReq) refers to usbd_ioreq.o(i.USBD_CtlSendData) for USBD_CtlSendData
    usbd_ctlreq.o(i.USBD_StdItfReq) refers to usbd_ioreq.o(i.USBD_CtlSendStatus) for USBD_CtlSendStatus
    usbd_ctlreq.o(i.USBD_StdItfReq) refers to usbd_ctlreq.o(i.USBD_CtlError) for USBD_CtlError
    usbd_ioreq.o(i.USBD_CtlContinueRx) refers to usbd_conf.o(i.USBD_LL_PrepareReceive) for USBD_LL_PrepareReceive
    usbd_ioreq.o(i.USBD_CtlContinueSendData) refers to usbd_conf.o(i.USBD_LL_Transmit) for USBD_LL_Transmit
    usbd_ioreq.o(i.USBD_CtlPrepareRx) refers to usbd_conf.o(i.USBD_LL_PrepareReceive) for USBD_LL_PrepareReceive
    usbd_ioreq.o(i.USBD_CtlReceiveStatus) refers to usbd_conf.o(i.USBD_LL_PrepareReceive) for USBD_LL_PrepareReceive
    usbd_ioreq.o(i.USBD_CtlSendData) refers to usbd_conf.o(i.USBD_LL_Transmit) for USBD_LL_Transmit
    usbd_ioreq.o(i.USBD_CtlSendStatus) refers to usbd_conf.o(i.USBD_LL_Transmit) for USBD_LL_Transmit
    usbd_ioreq.o(i.USBD_GetRxCount) refers to usbd_conf.o(i.USBD_LL_GetRxDataSize) for USBD_LL_GetRxDataSize
    usbd_core.o(i.USBD_DeInit) refers to usbd_conf.o(i.USBD_LL_Stop) for USBD_LL_Stop
    usbd_core.o(i.USBD_DeInit) refers to usbd_conf.o(i.USBD_LL_DeInit) for USBD_LL_DeInit
    usbd_core.o(i.USBD_Init) refers to usbd_conf.o(i.USBD_LL_Init) for USBD_LL_Init
    usbd_core.o(i.USBD_LL_DataInStage) refers to usbd_ioreq.o(i.USBD_CtlContinueSendData) for USBD_CtlContinueSendData
    usbd_core.o(i.USBD_LL_DataInStage) refers to usbd_conf.o(i.USBD_LL_PrepareReceive) for USBD_LL_PrepareReceive
    usbd_core.o(i.USBD_LL_DataInStage) refers to usbd_ioreq.o(i.USBD_CtlReceiveStatus) for USBD_CtlReceiveStatus
    usbd_core.o(i.USBD_LL_DataOutStage) refers to usbd_ioreq.o(i.USBD_CtlContinueRx) for USBD_CtlContinueRx
    usbd_core.o(i.USBD_LL_DataOutStage) refers to usbd_ioreq.o(i.USBD_CtlSendStatus) for USBD_CtlSendStatus
    usbd_core.o(i.USBD_LL_Reset) refers to usbd_conf.o(i.USBD_LL_OpenEP) for USBD_LL_OpenEP
    usbd_core.o(i.USBD_LL_SetupStage) refers to usbd_ctlreq.o(i.USBD_ParseSetupRequest) for USBD_ParseSetupRequest
    usbd_core.o(i.USBD_LL_SetupStage) refers to usbd_conf.o(i.USBD_LL_StallEP) for USBD_LL_StallEP
    usbd_core.o(i.USBD_LL_SetupStage) refers to usbd_ctlreq.o(i.USBD_StdDevReq) for USBD_StdDevReq
    usbd_core.o(i.USBD_LL_SetupStage) refers to usbd_ctlreq.o(i.USBD_StdItfReq) for USBD_StdItfReq
    usbd_core.o(i.USBD_LL_SetupStage) refers to usbd_ctlreq.o(i.USBD_StdEPReq) for USBD_StdEPReq
    usbd_core.o(i.USBD_Start) refers to usbd_conf.o(i.USBD_LL_Start) for USBD_LL_Start
    usbd_core.o(i.USBD_Stop) refers to usbd_conf.o(i.USBD_LL_Stop) for USBD_LL_Stop
    usbd_cdc.o(i.USBD_CDC_DataOut) refers to usbd_conf.o(i.USBD_LL_GetRxDataSize) for USBD_LL_GetRxDataSize
    usbd_cdc.o(i.USBD_CDC_DeInit) refers to usbd_conf.o(i.USBD_LL_CloseEP) for USBD_LL_CloseEP
[...]
    i.USBD_LL_IsoOUTIncomplete               0x08002ef8   Section        0  usbd_core.o(i.USBD_LL_IsoOUTIncomplete)
    i.USBD_LL_OpenEP                         0x08002efc   Section        0  usbd_conf.o(i.USBD_LL_OpenEP)
    i.USBD_LL_PrepareReceive                 0x08002f10   Section        0  usbd_conf.o(i.USBD_LL_PrepareReceive)
    i.USBD_LL_Reset                          0x08002f1e   Section        0  usbd_core.o(i.USBD_LL_Reset)
    i.USBD_LL_Resume                         0x08002f5c   Section        0  usbd_core.o(i.USBD_LL_Resume)
    i.USBD_LL_SOF                            0x08002f68   Section        0  usbd_core.o(i.USBD_LL_SOF)
    i.USBD_LL_SetSpeed                       0x08002f80   Section        0  usbd_core.o(i.USBD_LL_SetSpeed)
    i.USBD_LL_SetUSBAddress                  0x08002f86   Section        0  usbd_conf.o(i.USBD_LL_SetUSBAddress)
    i.USBD_LL_SetupStage                     0x08002f94   Section        0  usbd_core.o(i.USBD_LL_SetupStage)
    i.USBD_LL_StallEP                        0x08002fee   Section        0  usbd_conf.o(i.USBD_LL_StallEP)
    i.USBD_LL_Start                          0x08002ffc   Section        0  usbd_conf.o(i.USBD_LL_Start)
    i.USBD_LL_Suspend                        0x0800300a   Section        0  usbd_core.o(i.USBD_LL_Suspend)
    i.USBD_LL_Transmit                       0x0800301c   Section        0  usbd_conf.o(i.USBD_LL_Transmit)
    i.USBD_ParseSetupRequest                 0x0800302a   Section        0  usbd_ctlreq.o(i.USBD_ParseSetupRequest)
    i.USBD_RegisterClass                     0x08003052   Section        0  usbd_core.o(i.USBD_RegisterClass)
    i.USBD_SetClassConfig                    0x08003062   Section        0  usbd_core.o(i.USBD_SetClassConfig)
    i.USBD_SetConfig                         0x08003078   Section        0  usbd_ctlreq.o(i.USBD_SetConfig)
    USBD_SetConfig                           0x08003079   Thumb Code   110  usbd_ctlreq.o(i.USBD_SetConfig)
    i.USBD_Start                             0x080030ec   Section        0  usbd_core.o(i.USBD_Start)
    i.USBD_StdDevReq                         0x080030f6   Section        0  usbd_ctlreq.o(i.USBD_StdDevReq)
    i.USBD_StdEPReq                          0x080031e8   Section        0  usbd_ctlreq.o(i.USBD_StdEPReq)
    i.USBD_StdItfReq                         0x080032c4   Section        0  usbd_ctlreq.o(i.USBD_StdItfReq)
    i.USB_ActivateEndpoint                   0x080032f8   Section        0  stm32f4xx_ll_usb.o(i.USB_ActivateEndpoint)
    i.USB_ActivateSetup                      0x08003378   Section        0  stm32f4xx_ll_usb.o(i.USB_ActivateSetup)
    i.USB_CoreInit                           0x080033ac   Section        0  stm32f4xx_ll_usb.o(i.USB_CoreInit)
    i.USB_CoreReset                          0x08003410   Section        0  stm32f4xx_ll_usb.o(i.USB_CoreReset)
    USB_CoreReset                            0x08003411   Thumb Code    50  stm32f4xx_ll_usb.o(i.USB_CoreReset)
    i.USB_DeactivateEndpoint                 0x08003448   Section        0  stm32f4xx_ll_usb.o(i.USB_DeactivateEndpoint)
    i.USB_DevConnect                         0x080034b6   Section        0  stm32f4xx_ll_usb.o(i.USB_DevConnect)
    i.USB_DevDisconnect                      0x080034ce   Section        0  stm32f4xx_ll_usb.o(i.USB_DevDisconnect)
    i.USB_DevInit                            0x080034e8   Section        0  stm32f4xx_ll_usb.o(i.USB_DevInit)
    i.USB_DisableGlobalInt                   0x0800362c   Section        0  stm32f4xx_ll_usb.o(i.USB_DisableGlobalInt)
    i.USB_EP0StartXfer                       0x08003638   Section        0  stm32f4xx_ll_usb.o(i.USB_EP0StartXfer)
    i.USB_EP0_OutStart                       0x08003778   Section        0  stm32f4xx_ll_usb.o(i.USB_EP0_OutStart)
    i.USB_EPClearStall                       0x080037b6   Section        0  stm32f4xx_ll_usb.o(i.USB_EPClearStall)
    i.USB_EPSetStall                         0x0800381a   Section        0  stm32f4xx_ll_usb.o(i.USB_EPSetStall)
    i.USB_EPStartXfer                        0x08003878   Section        0  stm32f4xx_ll_usb.o(i.USB_EPStartXfer)
    i.USB_EnableGlobalInt                    0x08003a94   Section        0  stm32f4xx_ll_usb.o(i.USB_EnableGlobalInt)
    i.USB_FlushRxFifo                        0x08003aa0   Section        0  stm32f4xx_ll_usb.o(i.USB_FlushRxFifo)
    i.USB_FlushTxFifo                        0x08003ac0   Section        0  stm32f4xx_ll_usb.o(i.USB_FlushTxFifo)
    i.USB_GetDevSpeed                        0x08003ae4   Section        0  stm32f4xx_ll_usb.o(i.USB_GetDevSpeed)
    i.USB_GetMode                            0x08003b20   Section        0  stm32f4xx_ll_usb.o(i.USB_GetMode)
    i.USB_ReadDevAllInEpInterrupt            0x08003b28   Section        0  stm32f4xx_ll_usb.o(i.USB_ReadDevAllInEpInterrupt)
    i.USB_ReadDevAllOutEpInterrupt           0x08003b36   Section        0  stm32f4xx_ll_usb.o(i.USB_ReadDevAllOutEpInterrupt)
    i.USB_ReadDevInEPInterrupt               0x08003b44   Section        0  stm32f4xx_ll_usb.o(i.USB_ReadDevInEPInterrupt)
    i.USB_ReadDevOutEPInterrupt              0x08003b62   Section        0  stm32f4xx_ll_usb.o(i.USB_ReadDevOutEPInterrupt)
    i.USB_ReadInterrupts                     0x08003b72   Section        0  stm32f4xx_ll_usb.o(i.USB_ReadInterrupts)
    i.USB_ReadPacket                         0x08003b7a   Section        0  stm32f4xx_ll_usb.o(i.USB_ReadPacket)
    i.USB_SetCurrentMode                     0x08003b9a   Section        0  stm32f4xx_ll_usb.o(i.USB_SetCurrentMode)
    i.USB_SetDevAddress                      0x08003bc6   Section        0  stm32f4xx_ll_usb.o(i.USB_SetDevAddress)
    i.USB_WritePacket                        0x08003be8   Section        0  stm32f4xx_ll_usb.o(i.USB_WritePacket)
    i.USER_TIM1_SetPWM                       0x08003c10   Section        0  tim.o(i.USER_TIM1_SetPWM)
    i.UsageFault_Handler                     0x08003c48   Section        0  stm32f4xx_it.o(i.UsageFault_Handler)
    i.main                                   0x08003c4c   Section        0  main.o(i.main)
    x$fpl$d2f                                0x08003c98   Section       98  d2f.o(x$fpl$d2f)
    $v0                                      0x08003c98   Number         0  d2f.o(x$fpl$d2f)
    x$fpl$dadd                               0x08003cfc   Section      336  daddsub_clz.o(x$fpl$dadd)
    $v0                                      0x08003cfc   Number         0  daddsub_clz.o(x$fpl$dadd)
    _dadd1                                   0x08003d0d   Thumb Code     0  daddsub_clz.o(x$fpl$dadd)
    x$fpl$dflt                               0x08003e4c   Section       46  dflt_clz.o(x$fpl$dflt)
    $v0                                      0x08003e4c   Number         0  dflt_clz.o(x$fpl$dflt)
    x$fpl$dmul                               0x08003e7c   Section      340  dmul.o(x$fpl$dmul)
    $v0                                      0x08003e7c   Number         0  dmul.o(x$fpl$dmul)
    x$fpl$dnaninf                            0x08003fd0   Section      156  dnaninf.o(x$fpl$dnaninf)
    $v0                                      0x08003fd0   Number         0  dnaninf.o(x$fpl$dnaninf)
    x$fpl$dretinf                            0x0800406c   Section       12  dretinf.o(x$fpl$dretinf)
    $v0                                      0x0800406c   Number         0  dretinf.o(x$fpl$dretinf)
    x$fpl$dsub                               0x08004078   Section      468  daddsub_clz.o(x$fpl$dsub)
    $v0                                      0x08004078   Number         0  daddsub_clz.o(x$fpl$dsub)
    _dsub1                                   0x08004089   Thumb Code     0  daddsub_clz.o(x$fpl$dsub)
    x$fpl$fpinit                             0x0800424c   Section       10  fpinit.o(x$fpl$fpinit)
    $v0                                      0x0800424c   Number         0  fpinit.o(x$fpl$fpinit)
    x$fpl$fretinf                            0x08004256   Section       10  fretinf.o(x$fpl$fretinf)
    $v0                                      0x08004256   Number         0  fretinf.o(x$fpl$fretinf)
    .constdata                               0x08004260   Section       16  stm32f4xx_hal_rcc.o(.constdata)
    x$fpl$usenofp                            0x08004260   Section        0  usenofp.o(x$fpl$usenofp)
    .data                                    0x20000000   Section        1  usbd_ctlreq.o(.data)
    cfgidx                                   0x20000000   Data           1  usbd_ctlreq.o(.data)
    .data                                    0x20000004   Section      219  usbd_cdc.o(.data)
    ifalt                                    0x20000004   Data           1  usbd_cdc.o(.data)
    USBD_CDC_DeviceQualifierDesc             0x20000008   Data          10  usbd_cdc.o(.data)
    .data                                    0x200000e0   Section       56  usbd_cdc.o(.data)
    .data                                    0x20000118   Section        4  stm32f4xx_hal.o(.data)
    .data                                    0x2000011c   Section       28  usbd_desc.o(.data)
    .data                                    0x20000138   Section       22  usbd_desc.o(.data)
    .data                                    0x2000014e   Section        9  usbd_cdc_if.o(.data)
    .data                                    0x20000158   Section       16  usbd_cdc_if.o(.data)
    .data                                    0x20000168   Section       42  main.o(.data)
    XPWM                                     0x20000168   Data           4  main.o(.data)
    YPWM                                     0x2000016c   Data           4  main.o(.data)
    XPIDout                                  0x20000170   Data           4  main.o(.data)
    YPIDout                                  0x20000174   Data           4  main.o(.data)
    p                                        0x20000178   Data           4  main.o(.data)
    i                                        0x2000017c   Data           4  main.o(.data)
    d                                        0x20000180   Data           4  main.o(.data)
    .data                                    0x20000194   Section        4  system_stm32f4xx.o(.data)
    .bss                                     0x20000198   Section      952  usbd_conf.o(.bss)
    .bss                                     0x20000550   Section      512  usbd_desc.o(.bss)
    .bss                                     0x20000750   Section      120  tim.o(.bss)
    .bss                                     0x200007c8   Section      100  usbd_cdc_if.o(.bss)
    .bss                                     0x2000082c   Section      548  usb_device.o(.bss)
    .bss                                     0x20000a50   Section       84  main.o(.bss)
    XPID                                     0x20000a5c   Data          36  main.o(.bss)
    YPID                                     0x20000a80   Data          36  main.o(.bss)
    .bss                                     0x20000aa4   Section       96  libspace.o(.bss)
    HEAP                                     0x20000b08   Section     4096  startup_stm32f407xx.o(HEAP)
    Heap_Mem                                 0x20000b08   Data        4096  startup_stm32f407xx.o(HEAP)
    STACK                                    0x20001b08   Section     1024  startup_stm32f407xx.o(STACK)
    Stack_Mem                                0x20001b08   Data        1024  startup_stm32f407xx.o(STACK)
    __initial_sp                             0x20001f08   Data           0  startup_stm32f407xx.o(STACK)

    Global Symbols

    Symbol Name                              Value     Ov Type        Size  Object(Section)

    BuildAttributes$$THM_ISAv4$E$P$D$K$B$S$7EM$VFPi3$EXTD16$VFPS$VFMA$PE$A:L22UL41UL21$X:L11$S22US41US21$IEEE1$IW$USESV6$~STKCKD$USESV7$~SHL$OTIME$ROPI$EBA8$UX$STANDARDLIB$REQ8$PRES8$EABIv2 0x00000000   Number         0  anon$$obj.o ABSOLUTE
    __ARM_use_no_argv                        0x00000000   Number         0  main.o ABSOLUTE
    __ARM_exceptions_init                     - Undefined Weak Reference
    __alloca_initialize                       - Undefined Weak Reference
    __arm_preinit_                            - Undefined Weak Reference
    __cpp_initialize__aeabi_                  - Undefined Weak Reference
    __cxa_finalize                            - Undefined Weak Reference
    __rt_locale                               - Undefined Weak Reference
    __sigvec_lookup                           - Undefined Weak Reference
    __user_heap_extent                        - Undefined Weak Reference
    _atexit_init                              - Undefined Weak Reference
    _call_atexit_fns                          - Undefined Weak Reference
    _clock_init                               - Undefined Weak Reference
    _fp_trap_init                             - Undefined Weak Reference
    _fp_trap_shutdown                         - Undefined Weak Reference
    _get_lc_collate                           - Undefined Weak Reference
    _get_lc_ctype                             - Undefined Weak Reference
    _get_lc_monetary                          - Undefined Weak Reference
    _get_lc_numeric                           - Undefined Weak Reference
    _get_lc_time                              - Undefined Weak Reference
    _getenv_init                              - Undefined Weak Reference
    _handle_redirection                       - Undefined Weak Reference
    _initio                                   - Undefined Weak Reference
    _mutex_acquire                            - Undefined Weak Reference
    _mutex_free                               - Undefined Weak Reference
    _mutex_release                            - Undefined Weak Reference
    _rand_init                                - Undefined Weak Reference
    _signal_finish                            - Undefined Weak Reference
    _signal_init                              - Undefined Weak Reference
    _terminateio                              - Undefined Weak Reference
    __Vectors_Size                           0x00000188   Number         0  startup_stm32f407xx.o ABSOLUTE
    __Vectors                                0x08000000   Data           4  startup_stm32f407xx.o(RESET)
    __Vectors_End                            0x08000188   Data           0  startup_stm32f407xx.o(RESET)
    __main                                   0x08000189   Thumb Code     8  __main.o(!!!main)
    __scatterload                            0x08000191   Thumb Code     0  __scatter.o(!!!scatter)
    __scatterload_rt2                        0x08000191   Thumb Code    44  __scatter.o(!!!scatter)
    __scatterload_rt2_thumb_only             0x08000191   Thumb Code     0  __scatter.o(!!!scatter)
    __scatterload_null                       0x0800019f   Thumb Code     0  __scatter.o(!!!scatter)
    __decompress                             0x080001c5   Thumb Code    90  __dczerorl2.o(!!dczerorl2)
    __decompress1                            0x080001c5   Thumb Code     0  __dczerorl2.o(!!dczerorl2)
    __scatterload_zeroinit                   0x08000221   Thumb Code    28  __scatter_zi.o(!!handler_zi)
    __rt_lib_init                            0x0800023d   Thumb Code     0  libinit.o(.ARM.Collect$$libinit$$00000000)
    __rt_lib_init_fp_1                       0x0800023f   Thumb Code     0  libinit2.o(.ARM.Collect$$libinit$$00000001)
    __rt_lib_init_heap_2                     0x08000243   Thumb Code     0  libinit2.o(.ARM.Collect$$libinit$$00000005)
    __rt_lib_init_preinit_1                  0x08000243   Thumb Code     0  libinit2.o(.ARM.Collect$$libinit$$00000004)
    __rt_lib_init_alloca_1                   0x0800024b   Thumb Code     0  libinit2.o(.ARM.Collect$$libinit$$0000002E)
    __rt_lib_init_argv_1                     0x0800024b   Thumb Code     0  libinit2.o(.ARM.Collect$$libinit$$0000002C)
    __rt_lib_init_atexit_1                   0x0800024b   Thumb Code     0  libinit2.o(.ARM.Collect$$libinit$$0000001B)
    __rt_lib_init_clock_1                    0x0800024b   Thumb Code     0  libinit2.o(.ARM.Collect$$libinit$$00000021)
    __rt_lib_init_cpp_1                      0x0800024b   Thumb Code     0  libinit2.o(.ARM.Collect$$libinit$$00000032)
    __rt_lib_init_exceptions_1               0x0800024b   Thumb Code     0  libinit2.o(.ARM.Collect$$libinit$$00000030)
    __rt_lib_init_fp_trap_1                  0x0800024b   Thumb Code     0  libinit2.o(.ARM.Collect$$libinit$$0000001F)
    __rt_lib_init_getenv_1                   0x0800024b   Thumb Code     0  libinit2.o(.ARM.Collect$$libinit$$00000023)
    __rt_lib_init_heap_1                     0x0800024b   Thumb Code     0  libinit2.o(.ARM.Collect$$libinit$$0000000A)
    __rt_lib_init_lc_collate_1               0x0800024b   Thumb Code     0  libinit2.o(.ARM.Collect$$libinit$$00000011)
    __rt_lib_init_lc_ctype_1                 0x0800024b   Thumb Code     0  libinit2.o(.ARM.Collect$$libinit$$00000013)
    __rt_lib_init_lc_monetary_1              0x0800024b   Thumb Code     0  libinit2.o(.ARM.Collect$$libinit$$00000015)
    __rt_lib_init_lc_numeric_1               0x0800024b   Thumb Code     0  libinit2.o(.ARM.Collect$$libinit$$00000017)
    __rt_lib_init_lc_time_1                  0x0800024b   Thumb Code     0  libinit2.o(.ARM.Collect$$libinit$$00000019)
    __rt_lib_init_rand_1                     0x0800024b   Thumb Code     0  libinit2.o(.ARM.Collect$$libinit$$0000000E)
    __rt_lib_init_return                     0x0800024b   Thumb Code     0  libinit2.o(.ARM.Collect$$libinit$$00000033)
    __rt_lib_init_signal_1                   0x0800024b   Thumb Code     0  libinit2.o(.ARM.Collect$$libinit$$0000001D)
    __rt_lib_init_stdio_1                    0x0800024b   Thumb Code     0  libinit2.o(.ARM.Collect$$libinit$$00000025)
    __rt_lib_init_user_alloc_1               0x0800024b   Thumb Code     0  libinit2.o(.ARM.Collect$$libinit$$0000000C)
    __rt_lib_shutdown                        0x0800024d   Thumb Code     0  libshutdown.o(.ARM.Collect$$libshutdown$$00000000)
    __rt_lib_shutdown_cpp_1                  0x0800024f   Thumb Code     0  libshutdown2.o(.ARM.Collect$$libshutdown$$00000002)
    __rt_lib_shutdown_fp_trap_1              0x0800024f   Thumb Code     0  libshutdown2.o(.ARM.Collect$$libshutdown$$00000007)
    __rt_lib_shutdown_heap_1                 0x0800024f   Thumb Code     0  libshutdown2.o(.ARM.Collect$$libshutdown$$0000000F)
    __rt_lib_shutdown_return                 0x0800024f   Thumb Code     0  libshutdown2.o(.ARM.Collect$$libshutdown$$00000010)
    __rt_lib_shutdown_signal_1               0x0800024f   Thumb Code     0  libshutdown2.o(.ARM.Collect$$libshutdown$$0000000A)
    __rt_lib_shutdown_stdio_1                0x0800024f   Thumb Code     0  libshutdown2.o(.ARM.Collect$$libshutdown$$00000004)
    __rt_lib_shutdown_user_alloc_1           0x0800024f   Thumb Code     0  libshutdown2.o(.ARM.Collect$$libshutdown$$0000000C)
    __rt_entry                               0x08000251   Thumb Code     0  __rtentry.o(.ARM.Collect$$rtentry$$00000000)
    __rt_entry_presh_1                       0x08000251   Thumb Code     0  __rtentry2.o(.ARM.Collect$$rtentry$$00000002)
    __rt_entry_sh                            0x08000251   Thumb Code     0  __rtentry4.o(.ARM.Collect$$rtentry$$00000004)
    __rt_entry_li                            0x08000257   Thumb Code     0  __rtentry2.o(.ARM.Collect$$rtentry$$0000000A)
    __rt_entry_postsh_1                      0x08000257   Thumb Code     0  __rtentry2.o(.ARM.Collect$$rtentry$$00000009)
    __rt_entry_main                          0x0800025b   Thumb Code     0  __rtentry2.o(.ARM.Collect$$rtentry$$0000000D)
    __rt_entry_postli_1                      0x0800025b   Thumb Code     0  __rtentry2.o(.ARM.Collect$$rtentry$$0000000C)
    __rt_exit                                0x08000263   Thumb Code     0  rtexit.o(.ARM.Collect$$rtexit$$00000000)
    __rt_exit_ls                             0x08000265   Thumb Code     0  rtexit2.o(.ARM.Collect$$rtexit$$00000003)
    __rt_exit_prels_1                        0x08000265   Thumb Code     0  rtexit2.o(.ARM.Collect$$rtexit$$00000002)
    __rt_exit_exit                           0x08000269   Thumb Code     0  rtexit2.o(.ARM.Collect$$rtexit$$00000004)
    Reset_Handler                            0x08000271   Thumb Code     8  startup_stm32f407xx.o(.text)
    _maybe_terminate_alloc                   0x08000271   Thumb Code     0  maybetermalloc1.o(.emb_text)
    ADC_IRQHandler                           0x0800028b   Thumb Code     0  startup_stm32f407xx.o(.text)
    CAN1_RX0_IRQHandler                      0x0800028b   Thumb Code     0  startup_stm32f407xx.o(.text)
    CAN1_RX1_IRQHandler                      0x0800028b   Thumb Code     0  startup_stm32f407xx.o(.text)
    CAN1_SCE_IRQHandler                      0x0800028b   Thumb Code     0  startup_stm32f407xx.o(.text)
    CAN1_TX_IRQHandler                       0x0800028b   Thumb Code     0  startup_stm32f407xx.o(.text)
    CAN2_RX0_IRQHandler                      0x0800028b   Thumb Code     0  startup_stm32f407xx.o(.text)
    CAN2_RX1_IRQHandler                      0x0800028b   Thumb Code     0  startup_stm32f407xx.o(.text)
    CAN2_SCE_IRQHandler                      0x0800028b   Thumb Code     0  startup_stm32f407xx.o(.text)
    CAN2_TX_IRQHandler                       0x0800028b   Thumb Code     0  startup_stm32f407xx.o(.text)
    DCMI_IRQHandler                          0x0800028b   Thumb Code     0  startup_stm32f407xx.o(.text)
    DMA1_Stream0_IRQHandler                  0x0800028b   Thumb Code     0  startup_stm32f407xx.o(.text)
    DMA1_Stream1_IRQHandler                  0x0800028b   Thumb Code     0  startup_stm32f407xx.o(.text)
    DMA1_Stream2_IRQHandler                  0x0800028b   Thumb Code     0  startup_stm32f407xx.o(.text)
    DMA1_Stream3_IRQHandler                  0x0800028b   Thumb Code     0  startup_stm32f407xx.o(.text)
    DMA1_Stream4_IRQHandler                  0x0800028b   Thumb Code     0  startup_stm32f407xx.o(.text)
    DMA1_Stream5_IRQHandler                  0x0800028b   Thumb Code     0  startup_stm32f407xx.o(.text)
    DMA1_Stream6_IRQHandler                  0x0800028b   Thumb Code     0  startup_stm32f407xx.o(.text)
    DMA1_Stream7_IRQHandler                  0x0800028b   Thumb Code     0  startup_stm32f407xx.o(.text)
    DMA2_Stream0_IRQHandler                  0x0800028b   Thumb Code     0  startup_stm32f407xx.o(.text)
    DMA2_Stream1_IRQHandler                  0x0800028b   Thumb Code     0  startup_stm32f407xx.o(.text)
    DMA2_Stream2_IRQHandler                  0x0800028b   Thumb Code     0  startup_stm32f407xx.o(.text)
    DMA2_Stream3_IRQHandler                  0x0800028b   Thumb Code     0  startup_stm32f407xx.o(.text)
    DMA2_Stream4_IRQHandler                  0x0800028b   Thumb Code     0  startup_stm32f407xx.o(.text)
    DMA2_Stream5_IRQHandler                  0x0800028b   Thumb Code     0  startup_stm32f407xx.o(.text)
    DMA2_Stream6_IRQHandler                  0x0800028b   Thumb Code     0  startup_stm32f407xx.o(.text)
    DMA2_Stream7_IRQHandler                  0x0800028b   Thumb Code     0  startup_stm32f407xx.o(.text)
    ETH_IRQHandler                           0x0800028b   Thumb Code     0  startup_stm32f407xx.o(.text)
    ETH_WKUP_IRQHandler                      0x0800028b   Thumb Code     0  startup_stm32f407xx.o(.text)
    EXTI0_IRQHandler                         0x0800028b   Thumb Code     0  startup_stm32f407xx.o(.text)
    EXTI15_10_IRQHandler                     0x0800028b   Thumb Code     0  startup_stm32f407xx.o(.text)
    EXTI1_IRQHandler                         0x0800028b   Thumb Code     0  startup_stm32f407xx.o(.text)
    EXTI2_IRQHandler                         0x0800028b   Thumb Code     0  startup_stm32f407xx.o(.text)
    EXTI3_IRQHandler                         0x0800028b   Thumb Code     0  startup_stm32f407xx.o(.text)
    EXTI4_IRQHandler                         0x0800028b   Thumb Code     0  startup_stm32f407xx.o(.text)
    FLASH_IRQHandler                         0x0800028b   Thumb Code     0  startup_stm32f407xx.o(.text)
    FMC_IRQHandler                           0x0800028b   Thumb Code     0  startup_stm32f407xx.o(.text)
    FPU_IRQHandler                           0x0800028b   Thumb Code     0  startup_stm32f407xx.o(.text)
    HASH_RNG_IRQHandler                      0x0800028b   Thumb Code     0  startup_stm32f407xx.o(.text)
    I2C1_ER_IRQHandler                       0x0800028b   Thumb Code     0  startup_stm32f407xx.o(.text)
    I2C1_EV_IRQHandler                       0x0800028b   Thumb Code     0  startup_stm32f407xx.o(.text)
    I2C2_ER_IRQHandler                       0x0800028b   Thumb Code     0  startup_stm32f407xx.o(.text)
    I2C2_EV_IRQHandler                       0x0800028b   Thumb Code     0  startup_stm32f407xx.o(.text)
    I2C3_ER_IRQHandler                       0x0800028b   Thumb Code     0  startup_stm32f407xx.o(.text)
    I2C3_EV_IRQHandler                       0x0800028b   Thumb Code     0  startup_stm32f407xx.o(.text)
    OTG_FS_WKUP_IRQHandler                   0x0800028b   Thumb Code     0  startup_stm32f407xx.o(.text)
    OTG_HS_EP1_IN_IRQHandler                 0x0800028b   Thumb Code     0  startup_stm32f407xx.o(.text)
    OTG_HS_EP1_OUT_IRQHandler                0x0800028b   Thumb Code     0  startup_stm32f407xx.o(.text)
    OTG_HS_IRQHandler                        0x0800028b   Thumb Code     0  startup_stm32f407xx.o(.text)
    OTG_HS_WKUP_IRQHandler                   0x0800028b   Thumb Code     0  startup_stm32f407xx.o(.text)
    PVD_IRQHandler                           0x0800028b   Thumb Code     0  startup_stm32f407xx.o(.text)
    RCC_IRQHandler                           0x0800028b   Thumb Code     0  startup_stm32f407xx.o(.text)
    RTC_Alarm_IRQHandler                     0x0800028b   Thumb Code     0  startup_stm32f407xx.o(.text)
    RTC_WKUP_IRQHandler                      0x0800028b   Thumb Code     0  startup_stm32f407xx.o(.text)
    SDIO_IRQHandler                          0x0800028b   Thumb Code     0  startup_stm32f407xx.o(.text)
    SPI1_IRQHandler                          0x0800028b   Thumb Code     0  startup_stm32f407xx.o(.text)
    SPI2_IRQHandler                          0x0800028b   Thumb Code     0  startup_stm32f407xx.o(.text)
    SPI3_IRQHandler                          0x0800028b   Thumb Code     0  startup_stm32f407xx.o(.text)
    TAMP_STAMP_IRQHandler                    0x0800028b   Thumb Code     0  startup_stm32f407xx.o(.text)
    TIM1_BRK_TIM9_IRQHandler                 0x0800028b   Thumb Code     0  startup_stm32f407xx.o(.text)
    TIM1_CC_IRQHandler                       0x0800028b   Thumb Code     0  startup_stm32f407xx.o(.text)
    TIM1_TRG_COM_TIM11_IRQHandler            0x0800028b   Thumb Code     0  startup_stm32f407xx.o(.text)
    TIM1_UP_TIM10_IRQHandler                 0x0800028b   Thumb Code     0  startup_stm32f407xx.o(.text)
    TIM3_IRQHandler                          0x0800028b   Thumb Code     0  startup_stm32f407xx.o(.text)
    TIM4_IRQHandler                          0x0800028b   Thumb Code     0  startup_stm32f407xx.o(.text)
    TIM5_IRQHandler                          0x0800028b   Thumb Code     0  startup_stm32f407xx.o(.text)
    TIM6_DAC_IRQHandler                      0x0800028b   Thumb Code     0  startup_stm32f407xx.o(.text)
    TIM7_IRQHandler                          0x0800028b   Thumb Code     0  startup_stm32f407xx.o(.text)
    TIM8_BRK_TIM12_IRQHandler                0x0800028b   Thumb Code     0  startup_stm32f407xx.o(.text)
    TIM8_CC_IRQHandler                       0x0800028b   Thumb Code     0  startup_stm32f407xx.o(.text)
    TIM8_TRG_COM_TIM14_IRQHandler            0x0800028b   Thumb Code     0  startup_stm32f407xx.o(.text)
    TIM8_UP_TIM13_IRQHandler                 0x0800028b   Thumb Code     0  startup_stm32f407xx.o(.text)
    UART4_IRQHandler                         0x0800028b   Thumb Code     0  startup_stm32f407xx.o(.text)
    UART5_IRQHandler                         0x0800028b   Thumb Code     0  startup_stm32f407xx.o(.text)
    USART1_IRQHandler                        0x0800028b   Thumb Code     0  startup_stm32f407xx.o(.text)
    USART2_IRQHandler                        0x0800028b   Thumb Code     0  startup_stm32f407xx.o(.text)
    USART3_IRQHandler                        0x0800028b   Thumb Code     0  startup_stm32f407xx.o(.text)
    USART6_IRQHandler                        0x0800028b   Thumb Code     0  startup_stm32f407xx.o(.text)
    WWDG_IRQHandler                          0x0800028b   Thumb Code     0  startup_stm32f407xx.o(.text)
    __user_initial_stackheap                 0x0800028d   Thumb Code     0  startup_stm32f407xx.o(.text)
    malloc                                   0x080002b1   Thumb Code    94  h1_alloc.o(.text)
    free                                     0x0800030f   Thumb Code    78  h1_free.o(.text)
    __aeabi_memcpy4                          0x0800035d   Thumb Code     0  rt_memcpy_w.o(.text)
    __aeabi_memcpy8                          0x0800035d   Thumb Code     0  rt_memcpy_w.o(.text)
    __rt_memcpy_w                            0x0800035d   Thumb Code   100  rt_memcpy_w.o(.text)
    _memcpy_lastbytes_aligned                0x080003a5   Thumb Code     0  rt_memcpy_w.o(.text)
    __use_two_region_memory                  0x080003c1   Thumb Code     2  heapauxi.o(.text)
    __rt_heap_escrow                         0x080003c3   Thumb Code     2  heapauxi.o(.text)
    __rt_heap_expand                         0x080003c5   Thumb Code     2  heapauxi.o(.text)
    __rt_heap_descriptor                     0x080003c9   Thumb Code     8  rt_heap_descriptor_intlibspace.o(.text)
    __use_no_heap                            0x080003d1   Thumb Code     2  hguard.o(.text)
    __heap$guard                             0x080003d3   Thumb Code     2  hguard.o(.text)
    _terminate_user_alloc                    0x080003d5   Thumb Code     2  init_alloc.o(.text)
    _init_user_alloc                         0x080003d7   Thumb Code     2  init_alloc.o(.text)
    __Heap_Full                              0x080003d9   Thumb Code    34  init_alloc.o(.text)
    __Heap_Broken                            0x080003fb   Thumb Code     6  init_alloc.o(.text)
    _init_alloc                              0x08000401   Thumb Code    94  init_alloc.o(.text)
    __Heap_Initialize                        0x0800045f   Thumb Code    10  h1_init.o(.text)
    __Heap_DescSize                          0x08000469   Thumb Code     4  h1_init.o(.text)
    __user_libspace                          0x0800046d   Thumb Code     8  libspace.o(.text)
    __user_perproc_libspace                  0x0800046d   Thumb Code     0  libspace.o(.text)
    __user_perthread_libspace                0x0800046d   Thumb Code     0  libspace.o(.text)
    __Heap_ProvideMemory                     0x08000475   Thumb Code    52  h1_extend.o(.text)
    __rt_SIGRTMEM                            0x080004a9   Thumb Code    14  defsig_rtmem_outer.o(.text)
    __I$use$semihosting                      0x080004b7   Thumb Code     0  use_no_semi.o(.text)
    __use_no_semihosting_swi                 0x080004b7   Thumb Code     2  use_no_semi.o(.text)
    __semihosting_library_function           0x080004b9   Thumb Code     0  indicate_semi.o(.text)
    __user_setup_stackheap                   0x080004b9   Thumb Code    74  sys_stackheap_outer.o(.text)
    exit                                     0x08000503   Thumb Code    18  exit.o(.text)
    __sig_exit                               0x08000515   Thumb Code    10  defsig_exit.o(.text)
    __rt_SIGRTMEM_inner                      0x08000521   Thumb Code    22  defsig_rtmem_inner.o(.text)
    _sys_exit                                0x08000571   Thumb Code     8  sys_exit.o(.text)
    __default_signal_display                 0x0800057d   Thumb Code    50  defsig_general.o(.text)
    _ttywrch                                 0x080005af   Thumb Code    14  sys_wrch.o(.text)
    BusFault_Handler                         0x080005bd   Thumb Code     2  stm32f4xx_it.o(i.BusFault_Handler)
    CDC_Transmit_FS                          0x08000609   Thumb Code    38  usbd_cdc_if.o(i.CDC_Transmit_FS)
    DebugMon_Handler                         0x08000635   Thumb Code     2  stm32f4xx_it.o(i.DebugMon_Handler)
    EXTI9_5_IRQHandler                       0x08000637   Thumb Code    34  stm32f4xx_it.o(i.EXTI9_5_IRQHandler)
    Error_Handler                            0x08000659   Thumb Code     2  main.o(i.Error_Handler)
    GetStates                                0x0800065d   Thumb Code   294  main.o(i.GetStates)
    HAL_Delay                                0x080007a5   Thumb Code    22  stm32f4xx_hal.o(i.HAL_Delay)
    HAL_GPIO_EXTI_Callback                   0x080007bd   Thumb Code   134  main.o(i.HAL_GPIO_EXTI_Callback)
    HAL_GPIO_EXTI_IRQHandler                 0x08000851   Thumb Code    18  stm32f4xx_hal_gpio.o(i.HAL_GPIO_EXTI_IRQHandler)
    HAL_GPIO_Init                            0x08000869   Thumb Code   388  stm32f4xx_hal_gpio.o(i.HAL_GPIO_Init)
    HAL_GPIO_ReadPin                         0x08000a19   Thumb Code    10  stm32f4xx_hal_gpio.o(i.HAL_GPIO_ReadPin)
    HAL_GPIO_TogglePin                       0x08000a23   Thumb Code     8  stm32f4xx_hal_gpio.o(i.HAL_GPIO_TogglePin)
    HAL_GPIO_WritePin                        0x08000a2b   Thumb Code    10  stm32f4xx_hal_gpio.o(i.HAL_GPIO_WritePin)
    HAL_GetTick                              0x08000a35   Thumb Code     6  stm32f4xx_hal.o(i.HAL_GetTick)
    HAL_IncTick                              0x08000a41   Thumb Code    10  stm32f4xx_hal.o(i.HAL_IncTick)
    HAL_Init                                 0x08000a51   Thumb Code    48  stm32f4xx_hal.o(i.HAL_Init)
    HAL_InitTick                             0x08000a85   Thumb Code    34  stm32f4xx_hal.o(i.HAL_InitTick)
    HAL_MspInit                              0x08000aad   Thumb Code    88  stm32f4xx_hal_msp.o(i.HAL_MspInit)
    HAL_NVIC_EnableIRQ                       0x08000b05   Thumb Code    22  stm32f4xx_hal_cortex.o(i.HAL_NVIC_EnableIRQ)
    HAL_NVIC_SetPriority                     0x08000b1d   Thumb Code    60  stm32f4xx_hal_cortex.o(i.HAL_NVIC_SetPriority)
    HAL_NVIC_SetPriorityGrouping             0x08000b5d   Thumb Code    26  stm32f4xx_hal_cortex.o(i.HAL_NVIC_SetPriorityGrouping)
    HAL_PCDEx_SetRxFiFo                      0x08000b81   Thumb Code     8  stm32f4xx_hal_pcd_ex.o(i.HAL_PCDEx_SetRxFiFo)
    HAL_PCDEx_SetTxFiFo                      0x08000b89   Thumb Code    68  stm32f4xx_hal_pcd_ex.o(i.HAL_PCDEx_SetTxFiFo)
    HAL_PCD_ConnectCallback                  0x08000bcd   Thumb Code     8  usbd_conf.o(i.HAL_PCD_ConnectCallback)
    HAL_PCD_DataInStageCallback              0x08000bd5   Thumb Code    18  usbd_conf.o(i.HAL_PCD_DataInStageCallback)
    HAL_PCD_DataOutStageCallback             0x08000be7   Thumb Code    20  usbd_conf.o(i.HAL_PCD_DataOutStageCallback)
    HAL_PCD_DisconnectCallback               0x08000bfb   Thumb Code     8  usbd_conf.o(i.HAL_PCD_DisconnectCallback)
    HAL_PCD_EP_Close                         0x08000c03   Thumb Code    68  stm32f4xx_hal_pcd.o(i.HAL_PCD_EP_Close)
    HAL_PCD_EP_ClrStall                      0x08000c47   Thumb Code    80  stm32f4xx_hal_pcd.o(i.HAL_PCD_EP_ClrStall)
    HAL_PCD_EP_GetRxCount                    0x08000c97   Thumb Code    20  stm32f4xx_hal_pcd.o(i.HAL_PCD_EP_GetRxCount)
    HAL_PCD_EP_Open                          0x08000cab   Thumb Code    84  stm32f4xx_hal_pcd.o(i.HAL_PCD_EP_Open)
    HAL_PCD_EP_Receive                       0x08000d01   Thumb Code    94  stm32f4xx_hal_pcd.o(i.HAL_PCD_EP_Receive)
    HAL_PCD_EP_SetStall                      0x08000d5f   Thumb Code    96  stm32f4xx_hal_pcd.o(i.HAL_PCD_EP_SetStall)
    HAL_PCD_EP_Transmit                      0x08000dbf   Thumb Code    86  stm32f4xx_hal_pcd.o(i.HAL_PCD_EP_Transmit)
    HAL_PCD_IRQHandler                       0x08000e15   Thumb Code  1196  stm32f4xx_hal_pcd.o(i.HAL_PCD_IRQHandler)
    HAL_PCD_ISOINIncompleteCallback          0x08001309   Thumb Code     8  usbd_conf.o(i.HAL_PCD_ISOINIncompleteCallback)
    HAL_PCD_ISOOUTIncompleteCallback         0x08001311   Thumb Code     8  usbd_conf.o(i.HAL_PCD_ISOOUTIncompleteCallback)
    HAL_PCD_Init                             0x08001319   Thumb Code   190  stm32f4xx_hal_pcd.o(i.HAL_PCD_Init)
    HAL_PCD_MspInit                          0x080013d9   Thumb Code    92  usbd_conf.o(i.HAL_PCD_MspInit)
    HAL_PCD_ResetCallback                    0x0800143d   Thumb Code    32  usbd_conf.o(i.HAL_PCD_ResetCallback)
    HAL_PCD_ResumeCallback                   0x0800145d   Thumb Code     8  usbd_conf.o(i.HAL_PCD_ResumeCallback)
    HAL_PCD_SOFCallback                      0x08001465   Thumb Code     8  usbd_conf.o(i.HAL_PCD_SOFCallback)
    HAL_PCD_SetAddress                       0x0800146d   Thumb Code    36  stm32f4xx_hal_pcd.o(i.HAL_PCD_SetAddress)
    HAL_PCD_SetupStageCallback               0x08001491   Thumb Code    14  usbd_conf.o(i.HAL_PCD_SetupStageCallback)
    HAL_PCD_Start                            0x0800149f   Thumb Code    42  stm32f4xx_hal_pcd.o(i.HAL_PCD_Start)
    HAL_PCD_SuspendCallback                  0x080014c9   Thumb Code    44  usbd_conf.o(i.HAL_PCD_SuspendCallback)
    HAL_RCC_ClockConfig                      0x080014f9   Thumb Code   364  stm32f4xx_hal_rcc.o(i.HAL_RCC_ClockConfig)
    HAL_RCC_GetHCLKFreq                      0x08001675   Thumb Code     6  stm32f4xx_hal_rcc.o(i.HAL_RCC_GetHCLKFreq)
    HAL_RCC_GetSysClockFreq                  0x08001681   Thumb Code   104  stm32f4xx_hal_rcc.o(i.HAL_RCC_GetSysClockFreq)
    HAL_RCC_OscConfig                        0x080016f1   Thumb Code   722  stm32f4xx_hal_rcc.o(i.HAL_RCC_OscConfig)
    HAL_SYSTICK_CLKSourceConfig              0x080019d5   Thumb Code    24  stm32f4xx_hal_cortex.o(i.HAL_SYSTICK_CLKSourceConfig)
    HAL_SYSTICK_Callback                     0x080019ed   Thumb Code     2  stm32f4xx_hal_cortex.o(i.HAL_SYSTICK_Callback)
    HAL_SYSTICK_Config                       0x080019ef   Thumb Code    40  stm32f4xx_hal_cortex.o(i.HAL_SYSTICK_Config)
    HAL_SYSTICK_IRQHandler                   0x08001a17   Thumb Code     8  stm32f4xx_hal_cortex.o(i.HAL_SYSTICK_IRQHandler)
    HAL_TIMEx_BreakCallback                  0x08001a1f   Thumb Code     2  stm32f4xx_hal_tim_ex.o(i.HAL_TIMEx_BreakCallback)
    HAL_TIMEx_CommutationCallback            0x08001a21   Thumb Code     2  stm32f4xx_hal_tim_ex.o(i.HAL_TIMEx_CommutationCallback)
    HAL_TIMEx_ConfigBreakDeadTime            0x08001a23   Thumb Code    66  stm32f4xx_hal_tim_ex.o(i.HAL_TIMEx_ConfigBreakDeadTime)
    HAL_TIMEx_MasterConfigSynchronization    0x08001a65   Thumb Code    80  stm32f4xx_hal_tim_ex.o(i.HAL_TIMEx_MasterConfigSynchronization)
    HAL_TIMEx_PWMN_Start                     0x08001ab5   Thumb Code    36  stm32f4xx_hal_tim_ex.o(i.HAL_TIMEx_PWMN_Start)
    HAL_TIM_Base_Init                        0x08001ad9   Thumb Code    54  stm32f4xx_hal_tim.o(i.HAL_TIM_Base_Init)
    HAL_TIM_Base_MspInit                     0x08001b11   Thumb Code    50  tim.o(i.HAL_TIM_Base_MspInit)
    HAL_TIM_Base_Start_IT                    0x08001b49   Thumb Code    24  stm32f4xx_hal_tim.o(i.HAL_TIM_Base_Start_IT)
    HAL_TIM_ConfigClockSource                0x08001b61   Thumb Code   242  stm32f4xx_hal_tim.o(i.HAL_TIM_ConfigClockSource)
    HAL_TIM_IC_CaptureCallback               0x08001c53   Thumb Code     2  stm32f4xx_hal_tim.o(i.HAL_TIM_IC_CaptureCallback)
    HAL_TIM_IRQHandler                       0x08001c55   Thumb Code   358  stm32f4xx_hal_tim.o(i.HAL_TIM_IRQHandler)
    HAL_TIM_MspPostInit                      0x08001dbd   Thumb Code    64  tim.o(i.HAL_TIM_MspPostInit)
    HAL_TIM_OC_DelayElapsedCallback          0x08001e09   Thumb Code     2  stm32f4xx_hal_tim.o(i.HAL_TIM_OC_DelayElapsedCallback)
    HAL_TIM_PWM_ConfigChannel                0x08001e0b   Thumb Code   208  stm32f4xx_hal_tim.o(i.HAL_TIM_PWM_ConfigChannel)
    HAL_TIM_PWM_Init                         0x08001edb   Thumb Code    54  stm32f4xx_hal_tim.o(i.HAL_TIM_PWM_Init)
    HAL_TIM_PWM_MspInit                      0x08001f11   Thumb Code    30  tim.o(i.HAL_TIM_PWM_MspInit)
    HAL_TIM_PWM_PulseFinishedCallback        0x08001f39   Thumb Code     2  stm32f4xx_hal_tim.o(i.HAL_TIM_PWM_PulseFinishedCallback)
    HAL_TIM_PWM_Start                        0x08001f3d   Thumb Code    48  stm32f4xx_hal_tim.o(i.HAL_TIM_PWM_Start)
    HAL_TIM_PeriodElapsedCallback            0x08001f75   Thumb Code   224  main.o(i.HAL_TIM_PeriodElapsedCallback)
    HAL_TIM_TriggerCallback                  0x08002061   Thumb Code     2  stm32f4xx_hal_tim.o(i.HAL_TIM_TriggerCallback)
    HardFault_Handler                        0x08002063   Thumb Code     2  stm32f4xx_it.o(i.HardFault_Handler)
    MX_GPIO_Init                             0x08002065   Thumb Code   204  gpio.o(i.MX_GPIO_Init)
    MX_TIM1_Init                             0x08002145   Thumb Code   150  tim.o(i.MX_TIM1_Init)
    MX_TIM2_Init                             0x080021e5   Thumb Code    82  tim.o(i.MX_TIM2_Init)
    MX_USB_DEVICE_Init                       0x0800223d   Thumb Code    38  usb_device.o(i.MX_USB_DEVICE_Init)
    MemManage_Handler                        0x08002275   Thumb Code     2  stm32f4xx_it.o(i.MemManage_Handler)
    NMI_Handler                              0x08002277   Thumb Code     2  stm32f4xx_it.o(i.NMI_Handler)
    OTG_FS_IRQHandler                        0x08002299   Thumb Code     6  stm32f4xx_it.o(i.OTG_FS_IRQHandler)
    PID_Control                              0x0800232d   Thumb Code    82  my_pid.o(i.PID_Control)
    PID_SetParam                             0x08002391   Thumb Code    30  my_pid.o(i.PID_SetParam)
    PendSV_Handler                           0x080023b5   Thumb Code     2  stm32f4xx_it.o(i.PendSV_Handler)
    SVC_Handler                              0x080023b7   Thumb Code     2  stm32f4xx_it.o(i.SVC_Handler)
    SetUserTxBuffer                          0x080023b9   Thumb Code   122  main.o(i.SetUserTxBuffer)
    SysTick_Handler                          0x08002439   Thumb Code    14  stm32f4xx_it.o(i.SysTick_Handler)
    SystemClock_Config                       0x08002449   Thumb Code   148  main.o(i.SystemClock_Config)
    SystemInit                               0x080024e5   Thumb Code    66  system_stm32f4xx.o(i.SystemInit)
    TIM2_IRQHandler                          0x08002539   Thumb Code     6  stm32f4xx_it.o(i.TIM2_IRQHandler)
    TIM_Base_SetConfig                       0x08002545   Thumb Code   148  stm32f4xx_hal_tim.o(i.TIM_Base_SetConfig)
    TIM_CCxChannelCmd                        0x08002605   Thumb Code    22  stm32f4xx_hal_tim.o(i.TIM_CCxChannelCmd)
    TIM_OC2_SetConfig                        0x080026ad   Thumb Code    90  stm32f4xx_hal_tim.o(i.TIM_OC2_SetConfig)
    USBD_CDC_GetDeviceQualifierDescriptor    0x080028a9   Thumb Code     8  usbd_cdc.o(i.USBD_CDC_GetDeviceQualifierDescriptor)
    USBD_CDC_ReceivePacket                   0x08002961   Thumb Code    40  usbd_cdc.o(i.USBD_CDC_ReceivePacket)
    USBD_CDC_RegisterInterface               0x08002989   Thumb Code    16  usbd_cdc.o(i.USBD_CDC_RegisterInterface)
    USBD_CDC_SetRxBuffer                     0x08002999   Thumb Code    12  usbd_cdc.o(i.USBD_CDC_SetRxBuffer)
    USBD_CDC_SetTxBuffer                     0x080029a5   Thumb Code    16  usbd_cdc.o(i.USBD_CDC_SetTxBuffer)
    USBD_CDC_TransmitPacket                  0x08002a25   Thumb Code    48  usbd_cdc.o(i.USBD_CDC_TransmitPacket)
    USBD_ClrClassConfig                      0x08002a55   Thumb Code    14  usbd_core.o(i.USBD_ClrClassConfig)
    USBD_CtlContinueRx                       0x08002a63   Thumb Code    16  usbd_ioreq.o(i.USBD_CtlContinueRx)
    USBD_CtlContinueSendData                 0x08002a73   Thumb Code    16  usbd_ioreq.o(i.USBD_CtlContinueSendData)
    USBD_CtlError                            0x08002a83   Thumb Code    22  usbd_ctlreq.o(i.USBD_CtlError)
    USBD_CtlPrepareRx                        0x08002a99   Thumb Code    30  usbd_ioreq.o(i.USBD_CtlPrepareRx)
    USBD_CtlReceiveStatus                    0x08002ab7   Thumb Code    22  usbd_ioreq.o(i.USBD_CtlReceiveStatus)
    USBD_CtlSendData                         0x08002acd   Thumb Code    26  usbd_ioreq.o(i.USBD_CtlSendData)
    USBD_CtlSendStatus                       0x08002ae7   Thumb Code    22  usbd_ioreq.o(i.USBD_CtlSendStatus)
    USBD_FS_ConfigStrDescriptor              0x08002afd   Thumb Code    16  usbd_desc.o(i.USBD_FS_ConfigStrDescriptor)
    USBD_FS_DeviceDescriptor                 0x08002b1d   Thumb Code     8  usbd_desc.o(i.USBD_FS_DeviceDescriptor)
    USBD_FS_InterfaceStrDescriptor           0x08002b29   Thumb Code    16  usbd_desc.o(i.USBD_FS_InterfaceStrDescriptor)
    USBD_FS_LangIDStrDescriptor              0x08002b4d   Thumb Code     8  usbd_desc.o(i.USBD_FS_LangIDStrDescriptor)
    USBD_FS_ManufacturerStrDescriptor        0x08002b59   Thumb Code    16  usbd_desc.o(i.USBD_FS_ManufacturerStrDescriptor)
    USBD_FS_ProductStrDescriptor             0x08002b81   Thumb Code    16  usbd_desc.o(i.USBD_FS_ProductStrDescriptor)
    USBD_FS_SerialStrDescriptor              0x08002bad   Thumb Code    16  usbd_desc.o(i.USBD_FS_SerialStrDescriptor)
    USBD_GetString                           0x08002cb1   Thumb Code    70  usbd_ctlreq.o(i.USBD_GetString)
    USBD_Init                                0x08002cf7   Thumb Code    42  usbd_core.o(i.USBD_Init)
    USBD_LL_ClearStallEP                     0x08002d21   Thumb Code    14  usbd_conf.o(i.USBD_LL_ClearStallEP)
    USBD_LL_CloseEP                          0x08002d2f   Thumb Code    14  usbd_conf.o(i.USBD_LL_CloseEP)
    USBD_LL_DataInStage                      0x08002d3d   Thumb Code   170  usbd_core.o(i.USBD_LL_DataInStage)
    USBD_LL_DataOutStage                     0x08002de7   Thumb Code   106  usbd_core.o(i.USBD_LL_DataOutStage)
    USBD_LL_DevConnected                     0x08002e51   Thumb Code     4  usbd_core.o(i.USBD_LL_DevConnected)
    USBD_LL_DevDisconnected                  0x08002e55   Thumb Code    22  usbd_core.o(i.USBD_LL_DevDisconnected)
    USBD_LL_GetRxDataSize                    0x08002e6b   Thumb Code     8  usbd_conf.o(i.USBD_LL_GetRxDataSize)
    USBD_LL_Init                             0x08002e75   Thumb Code    92  usbd_conf.o(i.USBD_LL_Init)
    USBD_LL_IsStallEP                        0x08002ed5   Thumb Code    32  usbd_conf.o(i.USBD_LL_IsStallEP)
    USBD_LL_IsoINIncomplete                  0x08002ef5   Thumb Code     4  usbd_core.o(i.USBD_LL_IsoINIncomplete)
    USBD_LL_IsoOUTIncomplete                 0x08002ef9   Thumb Code     4  usbd_core.o(i.USBD_LL_IsoOUTIncomplete)
    USBD_LL_OpenEP                           0x08002efd   Thumb Code    20  usbd_conf.o(i.USBD_LL_OpenEP)
    USBD_LL_PrepareReceive                   0x08002f11   Thumb Code    14  usbd_conf.o(i.USBD_LL_PrepareReceive)
    USBD_LL_Reset                            0x08002f1f   Thumb Code    62  usbd_core.o(i.USBD_LL_Reset)
    USBD_LL_Resume                           0x08002f5d   Thumb Code    12  usbd_core.o(i.USBD_LL_Resume)
    USBD_LL_SOF                              0x08002f69   Thumb Code    24  usbd_core.o(i.USBD_LL_SOF)
    USBD_LL_SetSpeed                         0x08002f81   Thumb Code     6  usbd_core.o(i.USBD_LL_SetSpeed)
    USBD_LL_SetUSBAddress                    0x08002f87   Thumb Code    14  usbd_conf.o(i.USBD_LL_SetUSBAddress)
    USBD_LL_SetupStage                       0x08002f95   Thumb Code    90  usbd_core.o(i.USBD_LL_SetupStage)
    USBD_LL_StallEP                          0x08002fef   Thumb Code    14  usbd_conf.o(i.USBD_LL_StallEP)
    USBD_LL_Start                            0x08002ffd   Thumb Code    14  usbd_conf.o(i.USBD_LL_Start)
    USBD_LL_Suspend                          0x0800300b   Thumb Code    18  usbd_core.o(i.USBD_LL_Suspend)
    USBD_LL_Transmit                         0x0800301d   Thumb Code    14  usbd_conf.o(i.USBD_LL_Transmit)
    USBD_ParseSetupRequest                   0x0800302b   Thumb Code    40  usbd_ctlreq.o(i.USBD_ParseSetupRequest)
    USBD_RegisterClass                       0x08003053   Thumb Code    16  usbd_core.o(i.USBD_RegisterClass)
    USBD_SetClassConfig                      0x08003063   Thumb Code    22  usbd_core.o(i.USBD_SetClassConfig)
    USBD_Start                               0x080030ed   Thumb Code    10  usbd_core.o(i.USBD_Start)
    USBD_StdDevReq                           0x080030f7   Thumb Code   242  usbd_ctlreq.o(i.USBD_StdDevReq)
    USBD_StdEPReq                            0x080031e9   Thumb Code   220  usbd_ctlreq.o(i.USBD_StdEPReq)
    USBD_StdItfReq                           0x080032c5   Thumb Code    52  usbd_ctlreq.o(i.USBD_StdItfReq)
    USB_ActivateEndpoint                     0x080032f9   Thumb Code   122  stm32f4xx_ll_usb.o(i.USB_ActivateEndpoint)
    USB_ActivateSetup                        0x08003379   Thumb Code    52  stm32f4xx_ll_usb.o(i.USB_ActivateSetup)
    USB_CoreInit                             0x080033ad   Thumb Code    96  stm32f4xx_ll_usb.o(i.USB_CoreInit)
    USB_DeactivateEndpoint                   0x08003449   Thumb Code   110  stm32f4xx_ll_usb.o(i.USB_DeactivateEndpoint)
    USB_DevConnect                           0x080034b7   Thumb Code    24  stm32f4xx_ll_usb.o(i.USB_DevConnect)
    USB_DevDisconnect                        0x080034cf   Thumb Code    24  stm32f4xx_ll_usb.o(i.USB_DevDisconnect)
    USB_DevInit                              0x080034e9   Thumb Code   306  stm32f4xx_ll_usb.o(i.USB_DevInit)
    USB_DisableGlobalInt                     0x0800362d   Thumb Code    12  stm32f4xx_ll_usb.o(i.USB_DisableGlobalInt)
    USB_EP0StartXfer                         0x08003639   Thumb Code   316  stm32f4xx_ll_usb.o(i.USB_EP0StartXfer)
    USB_EP0_OutStart                         0x08003779   Thumb Code    62  stm32f4xx_ll_usb.o(i.USB_EP0_OutStart)
    USB_EPClearStall                         0x080037b7   Thumb Code   100  stm32f4xx_ll_usb.o(i.USB_EPClearStall)
    USB_EPSetStall                           0x0800381b   Thumb Code    94  stm32f4xx_ll_usb.o(i.USB_EPSetStall)
    USB_EPStartXfer                          0x08003879   Thumb Code   534  stm32f4xx_ll_usb.o(i.USB_EPStartXfer)
    USB_EnableGlobalInt                      0x08003a95   Thumb Code    12  stm32f4xx_ll_usb.o(i.USB_EnableGlobalInt)
    USB_FlushRxFifo                          0x08003aa1   Thumb Code    28  stm32f4xx_ll_usb.o(i.USB_FlushRxFifo)
    USB_FlushTxFifo                          0x08003ac1   Thumb Code    32  stm32f4xx_ll_usb.o(i.USB_FlushTxFifo)
    USB_GetDevSpeed                          0x08003ae5   Thumb Code    60  stm32f4xx_ll_usb.o(i.USB_GetDevSpeed)
    USB_GetMode                              0x08003b21   Thumb Code     8  stm32f4xx_ll_usb.o(i.USB_GetMode)
    USB_ReadDevAllInEpInterrupt              0x08003b29   Thumb Code    14  stm32f4xx_ll_usb.o(i.USB_ReadDevAllInEpInterrupt)
    USB_ReadDevAllOutEpInterrupt             0x08003b37   Thumb Code    14  stm32f4xx_ll_usb.o(i.USB_ReadDevAllOutEpInterrupt)
    USB_ReadDevInEPInterrupt                 0x08003b45   Thumb Code    30  stm32f4xx_ll_usb.o(i.USB_ReadDevInEPInterrupt)
    USB_ReadDevOutEPInterrupt                0x08003b63   Thumb Code    16  stm32f4xx_ll_usb.o(i.USB_ReadDevOutEPInterrupt)
    USB_ReadInterrupts                       0x08003b73   Thumb Code     8  stm32f4xx_ll_usb.o(i.USB_ReadInterrupts)
    USB_ReadPacket                           0x08003b7b   Thumb Code    32  stm32f4xx_ll_usb.o(i.USB_ReadPacket)
    USB_SetCurrentMode                       0x08003b9b   Thumb Code    44  stm32f4xx_ll_usb.o(i.USB_SetCurrentMode)
    USB_SetDevAddress                        0x08003bc7   Thumb Code    34  stm32f4xx_ll_usb.o(i.USB_SetDevAddress)
    USB_WritePacket                          0x08003be9   Thumb Code    40  stm32f4xx_ll_usb.o(i.USB_WritePacket)
    USER_TIM1_SetPWM                         0x08003c11   Thumb Code    52  tim.o(i.USER_TIM1_SetPWM)
    UsageFault_Handler                       0x08003c49   Thumb Code     2  stm32f4xx_it.o(i.UsageFault_Handler)
    main                                     0x08003c4d   Thumb Code    64  main.o(i.main)
    __aeabi_d2f                              0x08003c99   Thumb Code     0  d2f.o(x$fpl$d2f)
    _d2f                                     0x08003c99   Thumb Code    98  d2f.o(x$fpl$d2f)
    __aeabi_dadd                             0x08003cfd   Thumb Code     0  daddsub_clz.o(x$fpl$dadd)
    _dadd                                    0x08003cfd   Thumb Code   332  daddsub_clz.o(x$fpl$dadd)
    __aeabi_i2d                              0x08003e4d   Thumb Code     0  dflt_clz.o(x$fpl$dflt)
    _dflt                                    0x08003e4d   Thumb Code    46  dflt_clz.o(x$fpl$dflt)
    __aeabi_dmul                             0x08003e7d   Thumb Code     0  dmul.o(x$fpl$dmul)
    _dmul                                    0x08003e7d   Thumb Code   332  dmul.o(x$fpl$dmul)
    __fpl_dnaninf                            0x08003fd1   Thumb Code   156  dnaninf.o(x$fpl$dnaninf)
    __fpl_dretinf                            0x0800406d   Thumb Code    12  dretinf.o(x$fpl$dretinf)
    __aeabi_dsub                             0x08004079   Thumb Code     0  daddsub_clz.o(x$fpl$dsub)
    _dsub                                    0x08004079   Thumb Code   464  daddsub_clz.o(x$fpl$dsub)
    _fp_init                                 0x0800424d   Thumb Code    10  fpinit.o(x$fpl$fpinit)
    __fplib_config_fpu_vfp                   0x08004255   Thumb Code     0  fpinit.o(x$fpl$fpinit)
    __fplib_config_pureend_doubles           0x08004255   Thumb Code     0  fpinit.o(x$fpl$fpinit)
    __fpl_fretinf                            0x08004257   Thumb Code    10  fretinf.o(x$fpl$fretinf)
    APBAHBPrescTable                         0x08004260   Data          16  stm32f4xx_hal_rcc.o(.constdata)
    __I$use$fp                               0x08004260   Number         0  usenofp.o(x$fpl$usenofp)
    Region$$Table$$Base                      0x08004270   Number         0  anon$$obj.o(Region$$Table)
    Region$$Table$$Limit                     0x08004290   Number         0  anon$$obj.o(Region$$Table)
    USBD_CDC_CfgHSDesc                       0x20000014   Data          67  usbd_cdc.o(.data)
    USBD_CDC_CfgFSDesc                       0x20000058   Data          67  usbd_cdc.o(.data)
    USBD_CDC_OtherSpeedCfgDesc               0x2000009c   Data          67  usbd_cdc.o(.data)
    USBD_CDC                                 0x200000e0   Data          56  usbd_cdc.o(.data)
    uwTick                                   0x20000118   Data           4  stm32f4xx_hal.o(.data)
    FS_Desc                                  0x2000011c   Data          28  usbd_desc.o(.data)
    USBD_LangIDDesc                          0x20000138   Data           4  usbd_desc.o(.data)
    USBD_FS_DeviceDesc                       0x2000013c   Data          18  usbd_desc.o(.data)
    UserRxData                               0x2000014e   Data           9  usbd_cdc_if.o(.data)
    USBD_Interface_fops_FS                   0x20000158   Data          16  usbd_cdc_if.o(.data)
    period                                   0x20000184   Data           4  main.o(.data)
    UserTxBuffer                             0x20000188   Data          10  main.o(.data)
    SystemCoreClock                          0x20000194   Data           4  system_stm32f4xx.o(.data)
    hpcd_USB_OTG_FS                          0x20000198   Data         952  usbd_conf.o(.bss)
    USBD_StrDesc                             0x20000550   Data         512  usbd_desc.o(.bss)
    htim1                                    0x20000750   Data          60  tim.o(.bss)
    htim2                                    0x2000078c   Data          60  tim.o(.bss)
    UserRxBufferFS                           0x200007c8   Data          50  usbd_cdc_if.o(.bss)
    UserTxBufferFS                           0x200007fa   Data          50  usbd_cdc_if.o(.bss)
    hUsbDeviceFS                             0x2000082c   Data         548  usb_device.o(.bss)
    mstate                                   0x20000a50   Data          12  main.o(.bss)
    __libspace_start                         0x20000aa4   Data          96  libspace.o(.bss)
    __temporary_stack_top$libspace           0x20000b04   Data           0  libspace.o(.bss)



==============================================================================

Memory Map of the image

  Image Entry point : 0x08000189

  Load Region LR_IROM1 (Base: 0x08000000, Size: 0x00004428, Max: 0x00100000, ABSOLUTE, COMPRESSED[0x0000435c])

    Execution Region ER_IROM1 (Base: 0x08000000, Size: 0x00004290, Max: 0x00100000, ABSOLUTE)

    Base Addr    Size         Type   Attr      Idx    E Section Name        Object

    0x08000000   0x00000188   Data   RO          499    RESET               startup_stm32f407xx.o
    0x08000188   0x00000008   Code   RO         3665  * !!!main             c_w.l(__main.o)
    0x08000190   0x00000034   Code   RO         3891    !!!scatter          c_w.l(__scatter.o)
    0x080001c4   0x0000005a   Code   RO         3889    !!dczerorl2         c_w.l(__dczerorl2.o)
    0x0800021e   0x00000002   PAD
    0x08000220   0x0000001c   Code   RO         3893    !!handler_zi        c_w.l(__scatter_zi.o)
    0x0800023c   0x00000002   Code   RO         3828    .ARM.Collect$$libinit$$00000000  c_w.l(libinit.o)
    0x0800023e   0x00000004   Code   RO         3713    .ARM.Collect$$libinit$$00000001  c_w.l(libinit2.o)
    0x08000242   0x00000000   Code   RO         3716    .ARM.Collect$$libinit$$00000004  c_w.l(libinit2.o)
    0x08000242   0x00000008   Code   RO         3717    .ARM.Collect$$libinit$$00000005  c_w.l(libinit2.o)
    0x0800024a   0x00000000   Code   RO         3719    .ARM.Collect$$libinit$$0000000A  c_w.l(libinit2.o)
    0x0800024a   0x00000000   Code   RO         3721    .ARM.Collect$$libinit$$0000000C  c_w.l(libinit2.o)
    0x0800024a   0x00000000   Code   RO         3723    .ARM.Collect$$libinit$$0000000E  c_w.l(libinit2.o)
    0x0800024a   0x00000000   Code   RO         3726    .ARM.Collect$$libinit$$00000011  c_w.l(libinit2.o)
    0x0800024a   0x00000000   Code   RO         3728    .ARM.Collect$$libinit$$00000013  c_w.l(libinit2.o)
    0x0800024a   0x00000000   Code   RO         3730    .ARM.Collect$$libinit$$00000015  c_w.l(libinit2.o)
    0x0800024a   0x00000000   Code   RO         3732    .ARM.Collect$$libinit$$00000017  c_w.l(libinit2.o)
    0x0800024a   0x00000000   Code   RO         3734    .ARM.Collect$$libinit$$00000019  c_w.l(libinit2.o)
    0x0800024a   0x00000000   Code   RO         3736    .ARM.Collect$$libinit$$0000001B  c_w.l(libinit2.o)
    0x0800024a   0x00000000   Code   RO         3738    .ARM.Collect$$libinit$$0000001D  c_w.l(libinit2.o)
    0x0800024a   0x00000000   Code   RO         3740    .ARM.Collect$$libinit$$0000001F  c_w.l(libinit2.o)
    0x0800024a   0x00000000   Code   RO         3742    .ARM.Collect$$libinit$$00000021  c_w.l(libinit2.o)
    0x0800024a   0x00000000   Code   RO         3744    .ARM.Collect$$libinit$$00000023  c_w.l(libinit2.o)
    0x0800024a   0x00000000   Code   RO         3746    .ARM.Collect$$libinit$$00000025  c_w.l(libinit2.o)
    0x0800024a   0x00000000   Code   RO         3750    .ARM.Collect$$libinit$$0000002C  c_w.l(libinit2.o)
    0x0800024a   0x00000000   Code   RO         3752    .ARM.Collect$$libinit$$0000002E  c_w.l(libinit2.o)
    0x0800024a   0x00000000   Code   RO         3754    .ARM.Collect$$libinit$$00000030  c_w.l(libinit2.o)
    0x0800024a   0x00000000   Code   RO         3756    .ARM.Collect$$libinit$$00000032  c_w.l(libinit2.o)
    0x0800024a   0x00000002   Code   RO         3757    .ARM.Collect$$libinit$$00000033  c_w.l(libinit2.o)
    0x0800024c   0x00000002   Code   RO         3886    .ARM.Collect$$libshutdown$$00000000  c_w.l(libshutdown.o)
    0x0800024e   0x00000000   Code   RO         3842    .ARM.Collect$$libshutdown$$00000002  c_w.l(libshutdown2.o)
    0x0800024e   0x00000000   Code   RO         3844    .ARM.Collect$$libshutdown$$00000004  c_w.l(libshutdown2.o)
    0x0800024e   0x00000000   Code   RO         3847    .ARM.Collect$$libshutdown$$00000007  c_w.l(libshutdown2.o)
    0x0800024e   0x00000000   Code   RO         3850    .ARM.Collect$$libshutdown$$0000000A  c_w.l(libshutdown2.o)
    0x0800024e   0x00000000   Code   RO         3852    .ARM.Collect$$libshutdown$$0000000C  c_w.l(libshutdown2.o)
    0x0800024e   0x00000000   Code   RO         3855    .ARM.Collect$$libshutdown$$0000000F  c_w.l(libshutdown2.o)
    0x0800024e   0x00000002   Code   RO         3856    .ARM.Collect$$libshutdown$$00000010  c_w.l(libshutdown2.o)
    0x08000250   0x00000000   Code   RO         3685    .ARM.Collect$$rtentry$$00000000  c_w.l(__rtentry.o)
    0x08000250   0x00000000   Code   RO         3771    .ARM.Collect$$rtentry$$00000002  c_w.l(__rtentry2.o)
    0x08000250   0x00000006   Code   RO         3783    .ARM.Collect$$rtentry$$00000004  c_w.l(__rtentry4.o)
    0x08000256   0x00000000   Code   RO         3773    .ARM.Collect$$rtentry$$00000009  c_w.l(__rtentry2.o)
    0x08000256   0x00000004   Code   RO         3774    .ARM.Collect$$rtentry$$0000000A  c_w.l(__rtentry2.o)
    0x0800025a   0x00000000   Code   RO         3776    .ARM.Collect$$rtentry$$0000000C  c_w.l(__rtentry2.o)
    0x0800025a   0x00000008   Code   RO         3777    .ARM.Collect$$rtentry$$0000000D  c_w.l(__rtentry2.o)
    0x08000262   0x00000002   Code   RO         3831    .ARM.Collect$$rtexit$$00000000  c_w.l(rtexit.o)
    0x08000264   0x00000000   Code   RO         3860    .ARM.Collect$$rtexit$$00000002  c_w.l(rtexit2.o)
    0x08000264   0x00000004   Code   RO         3861    .ARM.Collect$$rtexit$$00000003  c_w.l(rtexit2.o)
    0x08000268   0x00000006   Code   RO         3862    .ARM.Collect$$rtexit$$00000004  c_w.l(rtexit2.o)
    0x0800026e   0x00000002   PAD
    0x08000270   0x00000000   Code   RO         3787    .emb_text           c_w.l(maybetermalloc1.o)
    0x08000270   0x00000040   Code   RO          500    .text               startup_stm32f407xx.o
    0x080002b0   0x0000005e   Code   RO         3603    .text               c_w.l(h1_alloc.o)
    0x0800030e   0x0000004e   Code   RO         3605    .text               c_w.l(h1_free.o)
    0x0800035c   0x00000064   Code   RO         3661    .text               c_w.l(rt_memcpy_w.o)
    0x080003c0   0x00000006   Code   RO         3663    .text               c_w.l(heapauxi.o)
    0x080003c6   0x00000002   PAD
    0x080003c8   0x00000008   Code   RO         3689    .text               c_w.l(rt_heap_descriptor_intlibspace.o)
    0x080003d0   0x00000004   Code   RO         3691    .text               c_w.l(hguard.o)
    0x080003d4   0x0000008a   Code   RO         3693    .text               c_w.l(init_alloc.o)
    0x0800045e   0x0000000e   Code   RO         3697    .text               c_w.l(h1_init.o)
    0x0800046c   0x00000008   Code   RO         3767    .text               c_w.l(libspace.o)
    0x08000474   0x00000034   Code   RO         3789    .text               c_w.l(h1_extend.o)
    0x080004a8   0x0000000e   Code   RO         3793    .text               c_w.l(defsig_rtmem_outer.o)
    0x080004b6   0x00000002   Code   RO         3804    .text               c_w.l(use_no_semi.o)
    0x080004b8   0x00000000   Code   RO         3806    .text               c_w.l(indicate_semi.o)
    0x080004b8   0x0000004a   Code   RO         3807    .text               c_w.l(sys_stackheap_outer.o)
    0x08000502   0x00000012   Code   RO         3813    .text               c_w.l(exit.o)
    0x08000514   0x0000000a   Code   RO         3815    .text               c_w.l(defsig_exit.o)
    0x0800051e   0x00000002   PAD
    0x08000520   0x00000050   Code   RO         3817    .text               c_w.l(defsig_rtmem_inner.o)
    0x08000570   0x0000000c   Code   RO         3829    .text               c_w.l(sys_exit.o)
    0x0800057c   0x00000032   Code   RO         3839    .text               c_w.l(defsig_general.o)
    0x080005ae   0x0000000e   Code   RO         3857    .text               c_w.l(sys_wrch.o)
    0x080005bc   0x00000002   Code   RO         3180    i.BusFault_Handler  stm32f4xx_it.o
    0x080005be   0x00000004   Code   RO         3346    i.CDC_Control_FS    usbd_cdc_if.o
    0x080005c2   0x00000004   Code   RO         3347    i.CDC_DeInit_FS     usbd_cdc_if.o
    0x080005c6   0x00000002   PAD
    0x080005c8   0x00000024   Code   RO         3348    i.CDC_Init_FS       usbd_cdc_if.o
    0x080005ec   0x0000001c   Code   RO         3349    i.CDC_Receive_FS    usbd_cdc_if.o
    0x08000608   0x0000002c   Code   RO         3350    i.CDC_Transmit_FS   usbd_cdc_if.o
    0x08000634   0x00000002   Code   RO         3181    i.DebugMon_Handler  stm32f4xx_it.o
    0x08000636   0x00000022   Code   RO         3182    i.EXTI9_5_IRQHandler  stm32f4xx_it.o
    0x08000658   0x00000002   Code   RO         3464    i.Error_Handler     main.o
    0x0800065a   0x00000002   PAD
    0x0800065c   0x00000148   Code   RO         3465    i.GetStates         main.o
    0x080007a4   0x00000016   Code   RO         1561    i.HAL_Delay         stm32f4xx_hal.o
    0x080007ba   0x00000002   PAD
    0x080007bc   0x00000094   Code   RO         3466    i.HAL_GPIO_EXTI_Callback  main.o
    0x08000850   0x00000018   Code   RO          509    i.HAL_GPIO_EXTI_IRQHandler  stm32f4xx_hal_gpio.o
    0x08000868   0x000001b0   Code   RO          510    i.HAL_GPIO_Init     stm32f4xx_hal_gpio.o
    0x08000a18   0x0000000a   Code   RO          512    i.HAL_GPIO_ReadPin  stm32f4xx_hal_gpio.o
    0x08000a22   0x00000008   Code   RO          513    i.HAL_GPIO_TogglePin  stm32f4xx_hal_gpio.o
    0x08000a2a   0x0000000a   Code   RO          514    i.HAL_GPIO_WritePin  stm32f4xx_hal_gpio.o
    0x08000a34   0x0000000c   Code   RO         1567    i.HAL_GetTick       stm32f4xx_hal.o
    0x08000a40   0x00000010   Code   RO         1568    i.HAL_IncTick       stm32f4xx_hal.o
    0x08000a50   0x00000034   Code   RO         1569    i.HAL_Init          stm32f4xx_hal.o
    0x08000a84   0x00000028   Code   RO         1570    i.HAL_InitTick      stm32f4xx_hal.o
    0x08000aac   0x00000058   Code   RO         3156    i.HAL_MspInit       stm32f4xx_hal_msp.o
    0x08000b04   0x00000016   Code   RO          858    i.HAL_NVIC_EnableIRQ  stm32f4xx_hal_cortex.o
    0x08000b1a   0x00000002   PAD
    0x08000b1c   0x00000040   Code   RO          864    i.HAL_NVIC_SetPriority  stm32f4xx_hal_cortex.o
    0x08000b5c   0x00000024   Code   RO          865    i.HAL_NVIC_SetPriorityGrouping  stm32f4xx_hal_cortex.o
    0x08000b80   0x00000008   Code   RO         1701    i.HAL_PCDEx_SetRxFiFo  stm32f4xx_hal_pcd_ex.o
    0x08000b88   0x00000044   Code   RO         1702    i.HAL_PCDEx_SetTxFiFo  stm32f4xx_hal_pcd_ex.o
    0x08000bcc   0x00000008   Code   RO         2899    i.HAL_PCD_ConnectCallback  usbd_conf.o
    0x08000bd4   0x00000012   Code   RO         2900    i.HAL_PCD_DataInStageCallback  usbd_conf.o
    0x08000be6   0x00000014   Code   RO         2901    i.HAL_PCD_DataOutStageCallback  usbd_conf.o
    0x08000bfa   0x00000008   Code   RO         2902    i.HAL_PCD_DisconnectCallback  usbd_conf.o
    0x08000c02   0x00000044   Code   RO         2657    i.HAL_PCD_EP_Close  stm32f4xx_hal_pcd.o
    0x08000c46   0x00000050   Code   RO         2658    i.HAL_PCD_EP_ClrStall  stm32f4xx_hal_pcd.o
    0x08000c96   0x00000014   Code   RO         2660    i.HAL_PCD_EP_GetRxCount  stm32f4xx_hal_pcd.o
    0x08000caa   0x00000054   Code   RO         2661    i.HAL_PCD_EP_Open   stm32f4xx_hal_pcd.o
    0x08000cfe   0x00000002   PAD
    0x08000d00   0x0000005e   Code   RO         2662    i.HAL_PCD_EP_Receive  stm32f4xx_hal_pcd.o
    0x08000d5e   0x00000060   Code   RO         2663    i.HAL_PCD_EP_SetStall  stm32f4xx_hal_pcd.o
    0x08000dbe   0x00000056   Code   RO         2664    i.HAL_PCD_EP_Transmit  stm32f4xx_hal_pcd.o
    0x08000e14   0x000004f4   Code   RO         2666    i.HAL_PCD_IRQHandler  stm32f4xx_hal_pcd.o
    0x08001308   0x00000008   Code   RO         2903    i.HAL_PCD_ISOINIncompleteCallback  usbd_conf.o
    0x08001310   0x00000008   Code   RO         2904    i.HAL_PCD_ISOOUTIncompleteCallback  usbd_conf.o
    0x08001318   0x000000be   Code   RO         2669    i.HAL_PCD_Init      stm32f4xx_hal_pcd.o
    0x080013d6   0x00000002   PAD
    0x080013d8   0x00000064   Code   RO         2906    i.HAL_PCD_MspInit   usbd_conf.o
    0x0800143c   0x00000020   Code   RO         2907    i.HAL_PCD_ResetCallback  usbd_conf.o
    0x0800145c   0x00000008   Code   RO         2908    i.HAL_PCD_ResumeCallback  usbd_conf.o
    0x08001464   0x00000008   Code   RO         2909    i.HAL_PCD_SOFCallback  usbd_conf.o
    0x0800146c   0x00000024   Code   RO         2675    i.HAL_PCD_SetAddress  stm32f4xx_hal_pcd.o
    0x08001490   0x0000000e   Code   RO         2910    i.HAL_PCD_SetupStageCallback  usbd_conf.o
    0x0800149e   0x0000002a   Code   RO         2677    i.HAL_PCD_Start     stm32f4xx_hal_pcd.o
    0x080014c8   0x00000030   Code   RO         2911    i.HAL_PCD_SuspendCallback  usbd_conf.o
    0x080014f8   0x0000017c   Code   RO          574    i.HAL_RCC_ClockConfig  stm32f4xx_hal_rcc.o
    0x08001674   0x0000000c   Code   RO          579    i.HAL_RCC_GetHCLKFreq  stm32f4xx_hal_rcc.o
    0x08001680   0x00000070   Code   RO          583    i.HAL_RCC_GetSysClockFreq  stm32f4xx_hal_rcc.o
    0x080016f0   0x000002e4   Code   RO          586    i.HAL_RCC_OscConfig  stm32f4xx_hal_rcc.o
    0x080019d4   0x00000018   Code   RO          867    i.HAL_SYSTICK_CLKSourceConfig  stm32f4xx_hal_cortex.o
    0x080019ec   0x00000002   Code   RO          868    i.HAL_SYSTICK_Callback  stm32f4xx_hal_cortex.o
    0x080019ee   0x00000028   Code   RO          869    i.HAL_SYSTICK_Config  stm32f4xx_hal_cortex.o
    0x08001a16   0x00000008   Code   RO          870    i.HAL_SYSTICK_IRQHandler  stm32f4xx_hal_cortex.o
    0x08001a1e   0x00000002   Code   RO         1032    i.HAL_TIMEx_BreakCallback  stm32f4xx_hal_tim_ex.o
    0x08001a20   0x00000002   Code   RO         1033    i.HAL_TIMEx_CommutationCallback  stm32f4xx_hal_tim_ex.o
    0x08001a22   0x00000042   Code   RO         1034    i.HAL_TIMEx_ConfigBreakDeadTime  stm32f4xx_hal_tim_ex.o
    0x08001a64   0x00000050   Code   RO         1049    i.HAL_TIMEx_MasterConfigSynchronization  stm32f4xx_hal_tim_ex.o
    0x08001ab4   0x00000024   Code   RO         1060    i.HAL_TIMEx_PWMN_Start  stm32f4xx_hal_tim_ex.o
    0x08001ad8   0x00000036   Code   RO         1853    i.HAL_TIM_Base_Init  stm32f4xx_hal_tim.o
    0x08001b0e   0x00000002   PAD
    0x08001b10   0x00000038   Code   RO         3275    i.HAL_TIM_Base_MspInit  tim.o
    0x08001b48   0x00000018   Code   RO         1858    i.HAL_TIM_Base_Start_IT  stm32f4xx_hal_tim.o
    0x08001b60   0x000000f2   Code   RO         1862    i.HAL_TIM_ConfigClockSource  stm32f4xx_hal_tim.o
    0x08001c52   0x00000002   Code   RO         1882    i.HAL_TIM_IC_CaptureCallback  stm32f4xx_hal_tim.o
    0x08001c54   0x00000166   Code   RO         1895    i.HAL_TIM_IRQHandler  stm32f4xx_hal_tim.o
    0x08001dba   0x00000002   PAD
    0x08001dbc   0x0000004c   Code   RO         3276    i.HAL_TIM_MspPostInit  tim.o
    0x08001e08   0x00000002   Code   RO         1898    i.HAL_TIM_OC_DelayElapsedCallback  stm32f4xx_hal_tim.o
    0x08001e0a   0x000000d0   Code   RO         1919    i.HAL_TIM_PWM_ConfigChannel  stm32f4xx_hal_tim.o
    0x08001eda   0x00000036   Code   RO         1922    i.HAL_TIM_PWM_Init  stm32f4xx_hal_tim.o
    0x08001f10   0x00000028   Code   RO         3278    i.HAL_TIM_PWM_MspInit  tim.o
    0x08001f38   0x00000002   Code   RO         1925    i.HAL_TIM_PWM_PulseFinishedCallback  stm32f4xx_hal_tim.o
    0x08001f3a   0x00000002   PAD
    0x08001f3c   0x00000038   Code   RO         1926    i.HAL_TIM_PWM_Start  stm32f4xx_hal_tim.o
    0x08001f74   0x000000ec   Code   RO         3467    i.HAL_TIM_PeriodElapsedCallback  main.o
    0x08002060   0x00000002   Code   RO         1936    i.HAL_TIM_TriggerCallback  stm32f4xx_hal_tim.o
    0x08002062   0x00000002   Code   RO         3183    i.HardFault_Handler  stm32f4xx_it.o
    0x08002064   0x000000e0   Code   RO         3437    i.MX_GPIO_Init      gpio.o
    0x08002144   0x000000a0   Code   RO         3279    i.MX_TIM1_Init      tim.o
    0x080021e4   0x00000058   Code   RO         3280    i.MX_TIM2_Init      tim.o
    0x0800223c   0x00000038   Code   RO         3403    i.MX_USB_DEVICE_Init  usb_device.o
    0x08002274   0x00000002   Code   RO         3184    i.MemManage_Handler  stm32f4xx_it.o
    0x08002276   0x00000002   Code   RO         3185    i.NMI_Handler       stm32f4xx_it.o
    0x08002278   0x00000020   Code   RO          871    i.NVIC_SetPriority  stm32f4xx_hal_cortex.o
    0x08002298   0x0000000c   Code   RO         3186    i.OTG_FS_IRQHandler  stm32f4xx_it.o
    0x080022a4   0x00000088   Code   RO         2680    i.PCD_WriteEmptyTxFifo  stm32f4xx_hal_pcd.o
    0x0800232c   0x00000064   Code   RO         3542    i.PID_Control       my_pid.o
    0x08002390   0x00000024   Code   RO         3543    i.PID_SetParam      my_pid.o
    0x080023b4   0x00000002   Code   RO         3187    i.PendSV_Handler    stm32f4xx_it.o
    0x080023b6   0x00000002   Code   RO         3188    i.SVC_Handler       stm32f4xx_it.o
    0x080023b8   0x00000080   Code   RO         3469    i.SetUserTxBuffer   main.o
    0x08002438   0x0000000e   Code   RO         3189    i.SysTick_Handler   stm32f4xx_it.o
    0x08002446   0x00000002   PAD
    0x08002448   0x0000009c   Code   RO         3470    i.SystemClock_Config  main.o
    0x080024e4   0x00000054   Code   RO         3564    i.SystemInit        system_stm32f4xx.o
    0x08002538   0x0000000c   Code   RO         3190    i.TIM2_IRQHandler   stm32f4xx_it.o
    0x08002544   0x000000c0   Code   RO         1937    i.TIM_Base_SetConfig  stm32f4xx_hal_tim.o
    0x08002604   0x00000016   Code   RO         1938    i.TIM_CCxChannelCmd  stm32f4xx_hal_tim.o
    0x0800261a   0x00000016   Code   RO         1068    i.TIM_CCxNChannelCmd  stm32f4xx_hal_tim_ex.o
    0x08002630   0x00000014   Code   RO         1944    i.TIM_ETR_SetConfig  stm32f4xx_hal_tim.o
    0x08002644   0x00000010   Code   RO         1945    i.TIM_ITRx_SetConfig  stm32f4xx_hal_tim.o
    0x08002654   0x00000058   Code   RO         1946    i.TIM_OC1_SetConfig  stm32f4xx_hal_tim.o
    0x080026ac   0x00000064   Code   RO         1947    i.TIM_OC2_SetConfig  stm32f4xx_hal_tim.o
    0x08002710   0x00000060   Code   RO         1948    i.TIM_OC3_SetConfig  stm32f4xx_hal_tim.o
    0x08002770   0x00000050   Code   RO         1949    i.TIM_OC4_SetConfig  stm32f4xx_hal_tim.o
    0x080027c0   0x00000022   Code   RO         1951    i.TIM_TI1_ConfigInputStage  stm32f4xx_hal_tim.o
    0x080027e2   0x00000024   Code   RO         1953    i.TIM_TI2_ConfigInputStage  stm32f4xx_hal_tim.o
    0x08002806   0x00000014   Code   RO          390    i.USBD_CDC_DataIn   usbd_cdc.o
    0x0800281a   0x0000002e   Code   RO          391    i.USBD_CDC_DataOut  usbd_cdc.o
    0x08002848   0x0000003c   Code   RO          392    i.USBD_CDC_DeInit   usbd_cdc.o
    0x08002884   0x00000024   Code   RO          393    i.USBD_CDC_EP0_RxReady  usbd_cdc.o
    0x080028a8   0x0000000c   Code   RO          394    i.USBD_CDC_GetDeviceQualifierDescriptor  usbd_cdc.o
    0x080028b4   0x0000000c   Code   RO          395    i.USBD_CDC_GetFSCfgDesc  usbd_cdc.o
    0x080028c0   0x0000000c   Code   RO          396    i.USBD_CDC_GetHSCfgDesc  usbd_cdc.o
    0x080028cc   0x0000000c   Code   RO          397    i.USBD_CDC_GetOtherSpeedCfgDesc  usbd_cdc.o
    0x080028d8   0x00000088   Code   RO          398    i.USBD_CDC_Init     usbd_cdc.o
    0x08002960   0x00000028   Code   RO          399    i.USBD_CDC_ReceivePacket  usbd_cdc.o
    0x08002988   0x00000010   Code   RO          400    i.USBD_CDC_RegisterInterface  usbd_cdc.o
    0x08002998   0x0000000c   Code   RO          401    i.USBD_CDC_SetRxBuffer  usbd_cdc.o
    0x080029a4   0x00000010   Code   RO          402    i.USBD_CDC_SetTxBuffer  usbd_cdc.o
    0x080029b4   0x00000070   Code   RO          403    i.USBD_CDC_Setup    usbd_cdc.o
    0x08002a24   0x00000030   Code   RO          404    i.USBD_CDC_TransmitPacket  usbd_cdc.o
    0x08002a54   0x0000000e   Code   RO          252    i.USBD_ClrClassConfig  usbd_core.o
    0x08002a62   0x00000010   Code   RO          192    i.USBD_CtlContinueRx  usbd_ioreq.o
    0x08002a72   0x00000010   Code   RO          193    i.USBD_CtlContinueSendData  usbd_ioreq.o
    0x08002a82   0x00000016   Code   RO            4    i.USBD_CtlError     usbd_ctlreq.o
    0x08002a98   0x0000001e   Code   RO          194    i.USBD_CtlPrepareRx  usbd_ioreq.o
    0x08002ab6   0x00000016   Code   RO          195    i.USBD_CtlReceiveStatus  usbd_ioreq.o
    0x08002acc   0x0000001a   Code   RO          196    i.USBD_CtlSendData  usbd_ioreq.o
    0x08002ae6   0x00000016   Code   RO          197    i.USBD_CtlSendStatus  usbd_ioreq.o
    0x08002afc   0x00000020   Code   RO         3088    i.USBD_FS_ConfigStrDescriptor  usbd_desc.o
    0x08002b1c   0x0000000c   Code   RO         3089    i.USBD_FS_DeviceDescriptor  usbd_desc.o
    0x08002b28   0x00000024   Code   RO         3090    i.USBD_FS_InterfaceStrDescriptor  usbd_desc.o
    0x08002b4c   0x0000000c   Code   RO         3091    i.USBD_FS_LangIDStrDescriptor  usbd_desc.o
    0x08002b58   0x00000028   Code   RO         3092    i.USBD_FS_ManufacturerStrDescriptor  usbd_desc.o
    0x08002b80   0x0000002c   Code   RO         3093    i.USBD_FS_ProductStrDescriptor  usbd_desc.o
    0x08002bac   0x00000024   Code   RO         3094    i.USBD_FS_SerialStrDescriptor  usbd_desc.o
    0x08002bd0   0x000000e0   Code   RO            5    i.USBD_GetDescriptor  usbd_ctlreq.o
    0x08002cb0   0x00000046   Code   RO            6    i.USBD_GetString    usbd_ctlreq.o
    0x08002cf6   0x0000002a   Code   RO          254    i.USBD_Init         usbd_core.o
    0x08002d20   0x0000000e   Code   RO         2912    i.USBD_LL_ClearStallEP  usbd_conf.o
    0x08002d2e   0x0000000e   Code   RO         2913    i.USBD_LL_CloseEP   usbd_conf.o
    0x08002d3c   0x000000aa   Code   RO          255    i.USBD_LL_DataInStage  usbd_core.o
    0x08002de6   0x0000006a   Code   RO          256    i.USBD_LL_DataOutStage  usbd_core.o
    0x08002e50   0x00000004   Code   RO          257    i.USBD_LL_DevConnected  usbd_core.o
    0x08002e54   0x00000016   Code   RO          258    i.USBD_LL_DevDisconnected  usbd_core.o
    0x08002e6a   0x00000008   Code   RO         2917    i.USBD_LL_GetRxDataSize  usbd_conf.o
    0x08002e72   0x00000002   PAD
    0x08002e74   0x00000060   Code   RO         2918    i.USBD_LL_Init      usbd_conf.o
    0x08002ed4   0x00000020   Code   RO         2919    i.USBD_LL_IsStallEP  usbd_conf.o
    0x08002ef4   0x00000004   Code   RO          259    i.USBD_LL_IsoINIncomplete  usbd_core.o
    0x08002ef8   0x00000004   Code   RO          260    i.USBD_LL_IsoOUTIncomplete  usbd_core.o
    0x08002efc   0x00000014   Code   RO         2920    i.USBD_LL_OpenEP    usbd_conf.o
    0x08002f10   0x0000000e   Code   RO         2921    i.USBD_LL_PrepareReceive  usbd_conf.o
    0x08002f1e   0x0000003e   Code   RO          261    i.USBD_LL_Reset     usbd_core.o
    0x08002f5c   0x0000000c   Code   RO          262    i.USBD_LL_Resume    usbd_core.o
    0x08002f68   0x00000018   Code   RO          263    i.USBD_LL_SOF       usbd_core.o
    0x08002f80   0x00000006   Code   RO          264    i.USBD_LL_SetSpeed  usbd_core.o
    0x08002f86   0x0000000e   Code   RO         2922    i.USBD_LL_SetUSBAddress  usbd_conf.o
    0x08002f94   0x0000005a   Code   RO          265    i.USBD_LL_SetupStage  usbd_core.o
    0x08002fee   0x0000000e   Code   RO         2923    i.USBD_LL_StallEP   usbd_conf.o
    0x08002ffc   0x0000000e   Code   RO         2924    i.USBD_LL_Start     usbd_conf.o
    0x0800300a   0x00000012   Code   RO          266    i.USBD_LL_Suspend   usbd_core.o
    0x0800301c   0x0000000e   Code   RO         2926    i.USBD_LL_Transmit  usbd_conf.o
    0x0800302a   0x00000028   Code   RO            7    i.USBD_ParseSetupRequest  usbd_ctlreq.o
    0x08003052   0x00000010   Code   RO          267    i.USBD_RegisterClass  usbd_core.o
    0x08003062   0x00000016   Code   RO          269    i.USBD_SetClassConfig  usbd_core.o
    0x08003078   0x00000074   Code   RO            8    i.USBD_SetConfig    usbd_ctlreq.o
    0x080030ec   0x0000000a   Code   RO          270    i.USBD_Start        usbd_core.o
    0x080030f6   0x000000f2   Code   RO            9    i.USBD_StdDevReq    usbd_ctlreq.o
    0x080031e8   0x000000dc   Code   RO           10    i.USBD_StdEPReq     usbd_ctlreq.o
    0x080032c4   0x00000034   Code   RO           11    i.USBD_StdItfReq    usbd_ctlreq.o
    0x080032f8   0x00000080   Code   RO         1272    i.USB_ActivateEndpoint  stm32f4xx_ll_usb.o
    0x08003378   0x00000034   Code   RO         1273    i.USB_ActivateSetup  stm32f4xx_ll_usb.o
    0x080033ac   0x00000064   Code   RO         1275    i.USB_CoreInit      stm32f4xx_ll_usb.o
    0x08003410   0x00000038   Code   RO         1276    i.USB_CoreReset     stm32f4xx_ll_usb.o
    0x08003448   0x0000006e   Code   RO         1278    i.USB_DeactivateEndpoint  stm32f4xx_ll_usb.o
    0x080034b6   0x00000018   Code   RO         1279    i.USB_DevConnect    stm32f4xx_ll_usb.o
    0x080034ce   0x00000018   Code   RO         1280    i.USB_DevDisconnect  stm32f4xx_ll_usb.o
    0x080034e6   0x00000002   PAD
    0x080034e8   0x00000144   Code   RO         1281    i.USB_DevInit       stm32f4xx_ll_usb.o
    0x0800362c   0x0000000c   Code   RO         1282    i.USB_DisableGlobalInt  stm32f4xx_ll_usb.o
    0x08003638   0x00000140   Code   RO         1285    i.USB_EP0StartXfer  stm32f4xx_ll_usb.o
    0x08003778   0x0000003e   Code   RO         1286    i.USB_EP0_OutStart  stm32f4xx_ll_usb.o
    0x080037b6   0x00000064   Code   RO         1287    i.USB_EPClearStall  stm32f4xx_ll_usb.o
    0x0800381a   0x0000005e   Code   RO         1288    i.USB_EPSetStall    stm32f4xx_ll_usb.o
    0x08003878   0x0000021c   Code   RO         1289    i.USB_EPStartXfer   stm32f4xx_ll_usb.o
    0x08003a94   0x0000000c   Code   RO         1290    i.USB_EnableGlobalInt  stm32f4xx_ll_usb.o
    0x08003aa0   0x00000020   Code   RO         1291    i.USB_FlushRxFifo   stm32f4xx_ll_usb.o
    0x08003ac0   0x00000024   Code   RO         1292    i.USB_FlushTxFifo   stm32f4xx_ll_usb.o
    0x08003ae4   0x0000003c   Code   RO         1294    i.USB_GetDevSpeed   stm32f4xx_ll_usb.o
    0x08003b20   0x00000008   Code   RO         1296    i.USB_GetMode       stm32f4xx_ll_usb.o
    0x08003b28   0x0000000e   Code   RO         1303    i.USB_ReadDevAllInEpInterrupt  stm32f4xx_ll_usb.o
    0x08003b36   0x0000000e   Code   RO         1304    i.USB_ReadDevAllOutEpInterrupt  stm32f4xx_ll_usb.o
    0x08003b44   0x0000001e   Code   RO         1305    i.USB_ReadDevInEPInterrupt  stm32f4xx_ll_usb.o
    0x08003b62   0x00000010   Code   RO         1306    i.USB_ReadDevOutEPInterrupt  stm32f4xx_ll_usb.o
    0x08003b72   0x00000008   Code   RO         1307    i.USB_ReadInterrupts  stm32f4xx_ll_usb.o
    0x08003b7a   0x00000020   Code   RO         1308    i.USB_ReadPacket    stm32f4xx_ll_usb.o
    0x08003b9a   0x0000002c   Code   RO         1310    i.USB_SetCurrentMode  stm32f4xx_ll_usb.o
    0x08003bc6   0x00000022   Code   RO         1311    i.USB_SetDevAddress  stm32f4xx_ll_usb.o
    0x08003be8   0x00000028   Code   RO         1315    i.USB_WritePacket   stm32f4xx_ll_usb.o
    0x08003c10   0x00000038   Code   RO         3281    i.USER_TIM1_SetPWM  tim.o
    0x08003c48   0x00000002   Code   RO         3191    i.UsageFault_Handler  stm32f4xx_it.o
    0x08003c4a   0x00000002   PAD
    0x08003c4c   0x0000004c   Code   RO         3471    i.main              main.o
    0x08003c98   0x00000062   Code   RO         3667    x$fpl$d2f           fz_wm.l(d2f.o)
    0x08003cfa   0x00000002   PAD
    0x08003cfc   0x00000150   Code   RO         3669    x$fpl$dadd          fz_wm.l(daddsub_clz.o)
    0x08003e4c   0x0000002e   Code   RO         3676    x$fpl$dflt          fz_wm.l(dflt_clz.o)
    0x08003e7a   0x00000002   PAD
    0x08003e7c   0x00000154   Code   RO         3681    x$fpl$dmul          fz_wm.l(dmul.o)
    0x08003fd0   0x0000009c   Code   RO         3758    x$fpl$dnaninf       fz_wm.l(dnaninf.o)
    0x0800406c   0x0000000c   Code   RO         3760    x$fpl$dretinf       fz_wm.l(dretinf.o)
    0x08004078   0x000001d4   Code   RO         3671    x$fpl$dsub          fz_wm.l(daddsub_clz.o)
    0x0800424c   0x0000000a   Code   RO         3802    x$fpl$fpinit        fz_wm.l(fpinit.o)
    0x08004256   0x0000000a   Code   RO         3762    x$fpl$fretinf       fz_wm.l(fretinf.o)
    0x08004260   0x00000000   Code   RO         3764    x$fpl$usenofp       fz_wm.l(usenofp.o)
    0x08004260   0x00000010   Data   RO          587    .constdata          stm32f4xx_hal_rcc.o
    0x08004270   0x00000020   Data   RO         3887    Region$$Table       anon$$obj.o


    Execution Region RW_IRAM1 (Base: 0x20000000, Size: 0x00001f08, Max: 0x00020000, ABSOLUTE, COMPRESSED[0x000000cc])

    Base Addr    Size         Type   Attr      Idx    E Section Name        Object

    0x20000000   0x00000001   Data   RW           12    .data               usbd_ctlreq.o
    0x20000001   0x00000003   PAD
    0x20000004   0x000000db   Data   RW          405    .data               usbd_cdc.o
    0x200000df   0x00000001   PAD
    0x200000e0   0x00000038   Data   RW          406    .data               usbd_cdc.o
    0x20000118   0x00000004   Data   RW         1575    .data               stm32f4xx_hal.o
    0x2000011c   0x0000001c   Data   RW         3096    .data               usbd_desc.o
    0x20000138   0x00000016   Data   RW         3097    .data               usbd_desc.o
    0x2000014e   0x00000009   Data   RW         3352    .data               usbd_cdc_if.o
    0x20000157   0x00000001   PAD
    0x20000158   0x00000010   Data   RW         3353    .data               usbd_cdc_if.o
    0x20000168   0x0000002a   Data   RW         3473    .data               main.o
    0x20000192   0x00000002   PAD
    0x20000194   0x00000004   Data   RW         3566    .data               system_stm32f4xx.o
    0x20000198   0x000003b8   Zero   RW         2927    .bss                usbd_conf.o
    0x20000550   0x00000200   Zero   RW         3095    .bss                usbd_desc.o
    0x20000750   0x00000078   Zero   RW         3282    .bss                tim.o
    0x200007c8   0x00000064   Zero   RW         3351    .bss                usbd_cdc_if.o
    0x2000082c   0x00000224   Zero   RW         3404    .bss                usb_device.o
    0x20000a50   0x00000054   Zero   RW         3472    .bss                main.o
    0x20000aa4   0x00000060   Zero   RW         3768    .bss                c_w.l(libspace.o)
    0x20000b04   0x00000004   PAD
    0x20000b08   0x00001000   Zero   RW          498    HEAP                startup_stm32f407xx.o
    0x20001b08   0x00000400   Zero   RW          497    STACK               startup_stm32f407xx.o


==============================================================================

Image component sizes


      Code (inc. data)   RO Data    RW Data    ZI Data      Debug   Object Name

       224         20          0          0          0       1075   gpio.o
      1074         86          0         42         84       6132   main.o
       136         24          0          0          0       1565   my_pid.o
        64         26        392          0       5120        832   startup_stm32f407xx.o
       142         22          0          4          0       4323   stm32f4xx_hal.o
       228         14          0          0          0      32317   stm32f4xx_hal_cortex.o
       484         50          0          0          0       4535   stm32f4xx_hal_gpio.o
        88          0          0          0          0        542   stm32f4xx_hal_msp.o
      2200         72          0          0          0      11733   stm32f4xx_hal_pcd.o
        76          0          0          0          0       1904   stm32f4xx_hal_pcd_ex.o
      1244         48         16          0          0       4829   stm32f4xx_hal_rcc.o
      1688         88          0          0          0      16174   stm32f4xx_hal_tim.o
       208          0          0          0          0       4625   stm32f4xx_hal_tim_ex.o
        88         12          0          0          0       5781   stm32f4xx_it.o
      2326         52          0          0          0      20760   stm32f4xx_ll_usb.o
        84         18          0          4          0       1389   system_stm32f4xx.o
       476         48          0          0        120       4298   tim.o
        56         18          0          0        548        760   usb_device.o
       590         22          0        275          0      13446   usbd_cdc.o
       116         24          0         25        100       5134   usbd_cdc_if.o
       534         16          0          0        952      14234   usbd_conf.o
       626          0          0          0          0      12350   usbd_core.o
       986         30          0          1          0     324548   usbd_ctlreq.o
       212        116          0         50        512       5311   usbd_desc.o
       132          0          0          0          0       4640   usbd_ioreq.o

    ----------------------------------------------------------------------
     14108        806        440        408       7436     503237   Object Totals
         0          0         32          0          0          0   (incl. Generated)
        26          0          0          7          0          0   (incl. Padding)

    ----------------------------------------------------------------------

      Code (inc. data)   RO Data    RW Data    ZI Data      Debug   Library Member Name

        90          0          0          0          0          0   __dczerorl2.o
         8          0          0          0          0         68   __main.o
         0          0          0          0          0          0   __rtentry.o
        12          0          0          0          0          0   __rtentry2.o
         6          0          0          0          0          0   __rtentry4.o
        52          8          0          0          0          0   __scatter.o
        28          0          0          0          0          0   __scatter_zi.o
        10          0          0          0          0         68   defsig_exit.o
        50          0          0          0          0         88   defsig_general.o
        80         58          0          0          0         76   defsig_rtmem_inner.o
        14          0          0          0          0         80   defsig_rtmem_outer.o
        18          0          0          0          0         80   exit.o
        94          0          0          0          0         80   h1_alloc.o
        52          0          0          0          0         68   h1_extend.o
        78          0          0          0          0         80   h1_free.o
        14          0          0          0          0         84   h1_init.o
         6          0          0          0          0        152   heapauxi.o
         4          0          0          0          0        136   hguard.o
         0          0          0          0          0          0   indicate_semi.o
       138          0          0          0          0        168   init_alloc.o
         2          0          0          0          0          0   libinit.o
        14          0          0          0          0          0   libinit2.o
         2          0          0          0          0          0   libshutdown.o
         2          0          0          0          0          0   libshutdown2.o
         8          4          0          0         96         68   libspace.o
         0          0          0          0          0          0   maybetermalloc1.o
         8          4          0          0          0         68   rt_heap_descriptor_intlibspace.o
       100          0          0          0          0         80   rt_memcpy_w.o
         2          0          0          0          0          0   rtexit.o
        10          0          0          0          0          0   rtexit2.o
        12          4          0          0          0         68   sys_exit.o
        74          0          0          0          0         80   sys_stackheap_outer.o
        14          0          0          0          0         76   sys_wrch.o
         2          0          0          0          0         68   use_no_semi.o
        98          4          0          0          0        140   d2f.o
       804         16          0          0          0        368   daddsub_clz.o
        46          0          0          0          0        116   dflt_clz.o
       340         12          0          0          0        152   dmul.o
       156          4          0          0          0        140   dnaninf.o
        12          0          0          0          0        116   dretinf.o
        10          0          0          0          0        116   fpinit.o
        10          0          0          0          0        116   fretinf.o
         0          0          0          0          0          0   usenofp.o

    ----------------------------------------------------------------------
      2492        114          0          0        100       3000   Library Totals
        12          0          0          0          4          0   (incl. Padding)

    ----------------------------------------------------------------------

      Code (inc. data)   RO Data    RW Data    ZI Data      Debug   Library Name

      1004         78          0          0         96       1736   c_w.l
      1476         36          0          0          0       1264   fz_wm.l

    ----------------------------------------------------------------------
      2492        114          0          0        100       3000   Library Totals

    ----------------------------------------------------------------------

==============================================================================


      Code (inc. data)   RO Data    RW Data    ZI Data      Debug   

     16600        920        440        408       7536     485153   Grand Totals
     16600        920        440        204       7536     485153   ELF Image Totals (compressed)
     16600        920        440        204          0          0   ROM Totals

==============================================================================

    Total RO  Size (Code + RO Data)                17040 (  16.64kB)
    Total RW  Size (RW Data + ZI Data)              7944 (   7.76kB)
    Total ROM Size (Code + RO Data + RW Data)      17244 (  16.84kB)

==============================================================================

